Component: ARM Compiler 5.05 update 1 (build 106) Tool: armlink [4d0efa]

==============================================================================

Section Cross References

    startup_stm32l1xx_md.o(RESET) refers to startup_stm32l1xx_md.o(STACK) for __initial_sp
    startup_stm32l1xx_md.o(RESET) refers to startup_stm32l1xx_md.o(.text) for Reset_Handler
    startup_stm32l1xx_md.o(RESET) refers to stm32l1xx_it.o(i.NMI_Handler) for NMI_Handler
    startup_stm32l1xx_md.o(RESET) refers to stm32l1xx_it.o(i.HardFault_Handler) for HardFault_Handler
    startup_stm32l1xx_md.o(RESET) refers to stm32l1xx_it.o(i.MemManage_Handler) for MemManage_Handler
    startup_stm32l1xx_md.o(RESET) refers to stm32l1xx_it.o(i.BusFault_Handler) for BusFault_Handler
    startup_stm32l1xx_md.o(RESET) refers to stm32l1xx_it.o(i.UsageFault_Handler) for UsageFault_Handler
    startup_stm32l1xx_md.o(RESET) refers to hal_cm3.o(.emb_text) for SVC_Handler
    startup_stm32l1xx_md.o(RESET) refers to stm32l1xx_it.o(i.DebugMon_Handler) for DebugMon_Handler
    startup_stm32l1xx_md.o(RESET) refers to stm32l1xx_it.o(i.RTC_WKUP_IRQHandler) for RTC_WKUP_IRQHandler
    startup_stm32l1xx_md.o(RESET) refers to stm32l1xx_it.o(i.EXTI0_IRQHandler) for EXTI0_IRQHandler
    startup_stm32l1xx_md.o(RESET) refers to stm32l1xx_it.o(i.EXTI1_IRQHandler) for EXTI1_IRQHandler
    startup_stm32l1xx_md.o(RESET) refers to stm32l1xx_it.o(i.EXTI2_IRQHandler) for EXTI2_IRQHandler
    startup_stm32l1xx_md.o(RESET) refers to drive.o(i.DMA1_Channel1_IRQHandler) for DMA1_Channel1_IRQHandler
    startup_stm32l1xx_md.o(RESET) refers to stm32l1xx_it.o(i.EXTI9_5_IRQHandler) for EXTI9_5_IRQHandler
    startup_stm32l1xx_md.o(RESET) refers to stm32l1xx_it.o(i.TIM2_IRQHandler) for TIM2_IRQHandler
    startup_stm32l1xx_md.o(RESET) refers to drive.o(i.TIM3_IRQHandler) for TIM3_IRQHandler
    startup_stm32l1xx_md.o(RESET) refers to stm32l1xx_it.o(i.USART2_IRQHandler) for USART2_IRQHandler
    startup_stm32l1xx_md.o(RESET) refers to stm32l1xx_it.o(i.USART3_IRQHandler) for USART3_IRQHandler
    startup_stm32l1xx_md.o(RESET) refers to stm32l1xx_it.o(i.RTC_Alarm_IRQHandler) for RTC_Alarm_IRQHandler
    startup_stm32l1xx_md.o(.text) refers to system_stm32l1xx.o(i.SystemInit) for SystemInit
    startup_stm32l1xx_md.o(.text) refers to entry.o(.ARM.Collect$$$$00000000) for __main
    system_stm32l1xx.o(i.SystemCoreClockUpdate) refers to system_stm32l1xx.o(.data) for SystemCoreClock
    system_stm32l1xx.o(i.SystemInit) refers to system_stm32l1xx.o(i.SetSysClock) for SetSysClock
    rtx_conf_cm.o(i.os_error) refers to rtx_conf_cm.o(.data) for error_value
    rtx_conf_cm.o(i.os_idle_demon) refers to stm32l1xx_rcc.o(i.RCC_APB1PeriphClockCmd) for RCC_APB1PeriphClockCmd
    rtx_conf_cm.o(i.os_idle_demon) refers to stm32l1xx_pwr.o(i.PWR_RTCAccessCmd) for PWR_RTCAccessCmd
    rtx_conf_cm.o(i.os_idle_demon) refers to stm32l1xx_pwr.o(i.PWR_ClearFlag) for PWR_ClearFlag
    rtx_conf_cm.o(i.os_idle_demon) refers to stm32l1xx_rcc.o(i.RCC_LSICmd) for RCC_LSICmd
    rtx_conf_cm.o(i.os_idle_demon) refers to stm32l1xx_rcc.o(i.RCC_GetFlagStatus) for RCC_GetFlagStatus
    rtx_conf_cm.o(i.os_idle_demon) refers to stm32l1xx_rcc.o(i.RCC_RTCCLKConfig) for RCC_RTCCLKConfig
    rtx_conf_cm.o(i.os_idle_demon) refers to stm32l1xx_rcc.o(i.RCC_RTCCLKCmd) for RCC_RTCCLKCmd
    rtx_conf_cm.o(i.os_idle_demon) refers to stm32l1xx_rtc.o(i.RTC_WaitForSynchro) for RTC_WaitForSynchro
    rtx_conf_cm.o(i.os_idle_demon) refers to stm32l1xx_rtc.o(i.RTC_Init) for RTC_Init
    rtx_conf_cm.o(i.os_idle_demon) refers to stm32l1xx_rtc.o(i.RTC_SetDate) for RTC_SetDate
    rtx_conf_cm.o(i.os_idle_demon) refers to stm32l1xx_rtc.o(i.RTC_SetTime) for RTC_SetTime
    rtx_conf_cm.o(i.os_idle_demon) refers to stm32l1xx_exti.o(i.EXTI_ClearITPendingBit) for EXTI_ClearITPendingBit
    rtx_conf_cm.o(i.os_idle_demon) refers to stm32l1xx_exti.o(i.EXTI_Init) for EXTI_Init
    rtx_conf_cm.o(i.os_idle_demon) refers to misc.o(i.NVIC_Init) for NVIC_Init
    rtx_conf_cm.o(i.os_idle_demon) refers to stm32l1xx_rtc.o(i.RTC_ITConfig) for RTC_ITConfig
    rtx_conf_cm.o(i.os_idle_demon) refers to stm32l1xx_rtc.o(i.RTC_WakeUpClockConfig) for RTC_WakeUpClockConfig
    rtx_conf_cm.o(i.os_idle_demon) refers to stm32l1xx_rtc.o(i.RTC_SetWakeUpCounter) for RTC_SetWakeUpCounter
    rtx_conf_cm.o(i.os_idle_demon) refers to stm32l1xx_rtc.o(i.RTC_WakeUpCmd) for RTC_WakeUpCmd
    rtx_conf_cm.o(i.os_idle_demon) refers to stm32l1xx_pwr.o(i.PWR_EnterSTOPMode) for PWR_EnterSTOPMode
    rtx_conf_cm.o(i.os_idle_demon) refers to system_stm32l1xx.o(i.SystemInit) for SystemInit
    rtx_conf_cm.o(i.os_idle_demon) refers to stm32l1xx_iwdg.o(i.IWDG_ReloadCounter) for IWDG_ReloadCounter
    rtx_conf_cm.o(i.os_idle_demon) refers to stm32l1xx_pwr.o(i.PWR_GetFlagStatus) for PWR_GetFlagStatus
    rtx_conf_cm.o(i.os_idle_demon) refers to main.o(.data) for rtosRunMode
    rtx_conf_cm.o(i.os_idle_demon) refers to rt_system.o(i.rt_suspend) for rt_suspend
[...]
    GUI_PutStringConst14x14                  0x08002e07   Thumb Code    94  font14x14.o(i.GUI_PutStringConst14x14)
    GUI_PutStringConst14x14_7x14             0x08002e65   Thumb Code    94  font14x14.o(i.GUI_PutStringConst14x14_7x14)
    GUI_PutStringConst7x14                   0x08002ec3   Thumb Code    74  font7x14.o(i.GUI_PutStringConst7x14)
    Get_Battery                              0x08002f0d   Thumb Code   318  drive.o(i.Get_Battery)
    Get_M5311Inf                             0x080030d9   Thumb Code   186  m5311.o(i.Get_M5311Inf)
    Get_M5311_IMSI                           0x080031ad   Thumb Code    78  m5311.o(i.Get_M5311_IMSI)
    Get_M5311_Status                         0x0800320d   Thumb Code    36  m5311.o(i.Get_M5311_Status)
    Get_M5311_signal                         0x08003235   Thumb Code   216  m5311.o(i.Get_M5311_signal)
    Get_TxtLength14x14                       0x0800332d   Thumb Code    42  font14x14.o(i.Get_TxtLength14x14)
    Get_Vref                                 0x08003359   Thumb Code   184  drive.o(i.Get_Vref)
    GotoUploadApp                            0x08003429   Thumb Code    36  main.o(i.GotoUploadApp)
    HardFault_Handler                        0x08003459   Thumb Code     4  stm32l1xx_it.o(i.HardFault_Handler)
    HexToInt                                 0x0800345d   Thumb Code   216  m5311.o(i.HexToInt)
    I2C_Set_Input                            0x080039a1   Thumb Code    36  drive.o(i.I2C_Set_Input)
    IWDG_ReloadCounter                       0x08003c35   Thumb Code     2  stm32l1xx_iwdg.o(i.IWDG_ReloadCounter)
    Init_BS8116A                             0x08003c37   Thumb Code   172  key.o(i.Init_BS8116A)
    Init_BS8116A_GPIO                        0x08003ce5   Thumb Code   150  key.o(i.Init_BS8116A_GPIO)
    Init_GPIO                                0x08003d81   Thumb Code    48  drive.o(i.Init_GPIO)
    Init_HS1                                 0x08003db1   Thumb Code    32  drive.o(i.Init_HS1)
    Init_OPT3001                             0x08003dd5   Thumb Code    32  opt3001.o(i.Init_OPT3001)
    Init_OPT_GPIO                            0x08003df9   Thumb Code    60  opt3001.o(i.Init_OPT_GPIO)
    Init_TMP112                              0x08003e39   Thumb Code    16  tmp112.o(i.Init_TMP112)
    Init_TMP112_GPIO                         0x08003e49   Thumb Code    60  tmp112.o(i.Init_TMP112_GPIO)
    Init_USART2                              0x08003e89   Thumb Code   182  usart.o(i.Init_USART2)
    Init_Unused_GPIO                         0x08003f49   Thumb Code    86  drive.o(i.Init_Unused_GPIO)
    ItemNum2Str                              0x08003fb5   Thumb Code    68  fp_menu.o(i.ItemNum2Str)
    LCD_Clear                                0x08003ff9   Thumb Code    14  led_drive.o(i.LCD_Clear)
    LCD_Update                               0x0800400d   Thumb Code   114  led_drive.o(i.LCD_Update)
    M5311_FailurePowerOn                     0x08004085   Thumb Code    92  m5311.o(i.M5311_FailurePowerOn)
    M5311_InitNetWork                        0x080040f5   Thumb Code   198  m5311.o(i.M5311_InitNetWork)
    M5311_InitPowerOn                        0x08004209   Thumb Code   176  m5311.o(i.M5311_InitPowerOn)
    M5311_LOCK_Sleep                         0x080042d1   Thumb Code    22  m5311.o(i.M5311_LOCK_Sleep)
    M5311_PMS_PIN_Init                       0x080042f9   Thumb Code    36  m5311.o(i.M5311_PMS_PIN_Init)
    M5311_PowerOn                            0x08004321   Thumb Code    96  m5311.o(i.M5311_PowerOn)
    M5311_RST_Init                           0x08004395   Thumb Code    48  m5311.o(i.M5311_RST_Init)
    M5311_Send_Inf                           0x080043c9   Thumb Code   280  m5311.o(i.M5311_Send_Inf)
    M5311_Send_alarm                         0x080044ed   Thumb Code   134  m5311.o(i.M5311_Send_alarm)
    M5311_UDPSend_ALARMData                  0x0800457d   Thumb Code   278  m5311.o(i.M5311_UDPSend_ALARMData)
    M5311_UDPSend_InfData                    0x080046ed   Thumb Code   484  m5311.o(i.M5311_UDPSend_InfData)
    M5311_UDPSend_InfData_ALARM              0x08004965   Thumb Code   370  m5311.o(i.M5311_UDPSend_InfData_ALARM)
    M5311_UNLOCK_Sleep                       0x08004b49   Thumb Code    22  m5311.o(i.M5311_UNLOCK_Sleep)
    M5311_WakeUpPowerOn                      0x08004b75   Thumb Code   138  m5311.o(i.M5311_WakeUpPowerOn)
    M5311_WakeUp_FromPSM                     0x08004c19   Thumb Code    42  m5311.o(i.M5311_WakeUp_FromPSM)
    M5311_check_ack                          0x08004c49   Thumb Code    36  m5311.o(i.M5311_check_ack)
    M5311_send_cmd                           0x08004c79   Thumb Code   124  m5311.o(i.M5311_send_cmd)
    MemManage_Handler                        0x08004d15   Thumb Code     4  stm32l1xx_it.o(i.MemManage_Handler)
    NB_Status                                0x08004d19   Thumb Code   434  menu.o(i.NB_Status)
    NMI_Handler                              0x08004f5d   Thumb Code     2  stm32l1xx_it.o(i.NMI_Handler)
    NVIC_Init                                0x08004f61   Thumb Code   106  misc.o(i.NVIC_Init)
    NVIC_PriorityGroupConfig                 0x08004fd9   Thumb Code    10  misc.o(i.NVIC_PriorityGroupConfig)
    NVIC_SetVectorTable                      0x08004fed   Thumb Code    12  misc.o(i.NVIC_SetVectorTable)
    OLED_Clear                               0x08005001   Thumb Code    64  led_drive.o(i.OLED_Clear)
    OLED_Disable                             0x08005041   Thumb Code   102  led_drive.o(i.OLED_Disable)
    OLED_IO_Set_Input                        0x080050b1   Thumb Code    40  drive.o(i.OLED_IO_Set_Input)
    OLED_Init                                0x080050dd   Thumb Code   336  led_drive.o(i.OLED_Init)
    OLED_Set_Pos                             0x08005235   Thumb Code    46  led_drive.o(i.OLED_Set_Pos)
    OLED_WR_Byte                             0x08005265   Thumb Code    64  led_drive.o(i.OLED_WR_Byte)
    OPT3001_GetLuxValue                      0x080052a9   Thumb Code    30  opt3001.o(i.OPT3001_GetLuxValue)
    OPT3001_INIT                             0x080052c9   Thumb Code   104  opt3001.o(i.OPT3001_INIT)
    OPT3001_WriteReg                         0x08005335   Thumb Code    54  opt3001.o(i.OPT3001_WriteReg)
    OPT3001_read                             0x08005371   Thumb Code    68  opt3001.o(i.OPT3001_read)
    Open_T_Start                             0x080053b5   Thumb Code    22  menu.o(i.Open_T_Start)
    Open_Upload_Start                        0x080053d1   Thumb Code    22  menu.o(i.Open_Upload_Start)
    Open_Water_Level_Start                   0x080053ed   Thumb Code    22  menu.o(i.Open_Water_Level_Start)
    Opt3001_WriteLimReg                      0x08005409   Thumb Code   172  opt3001.o(i.Opt3001_WriteLimReg)
    PWR_ClearFlag                            0x080054b9   Thumb Code    14  stm32l1xx_pwr.o(i.PWR_ClearFlag)
    PWR_EnterSTOPMode                        0x080054cd   Thumb Code    54  stm32l1xx_pwr.o(i.PWR_EnterSTOPMode)
    PWR_GetFlagStatus                        0x0800550d   Thumb Code    20  stm32l1xx_pwr.o(i.PWR_GetFlagStatus)
    PWR_RTCAccessCmd                         0x08005525   Thumb Code     6  stm32l1xx_pwr.o(i.PWR_RTCAccessCmd)
    PeriphClock_Initialize                   0x08005531   Thumb Code    38  drive.o(i.PeriphClock_Initialize)
    Query_online_device                      0x0800555d   Thumb Code   612  menu.o(i.Query_online_device)
    RCC_AHBPeriphClockCmd                    0x08005801   Thumb Code    26  stm32l1xx_rcc.o(i.RCC_AHBPeriphClockCmd)
    RCC_APB1PeriphClockCmd                   0x08005821   Thumb Code    26  stm32l1xx_rcc.o(i.RCC_APB1PeriphClockCmd)
    RCC_APB1PeriphResetCmd                   0x08005841   Thumb Code    26  stm32l1xx_rcc.o(i.RCC_APB1PeriphResetCmd)
    RCC_APB2PeriphClockCmd                   0x08005861   Thumb Code    26  stm32l1xx_rcc.o(i.RCC_APB2PeriphClockCmd)
    RCC_APB2PeriphResetCmd                   0x08005881   Thumb Code    26  stm32l1xx_rcc.o(i.RCC_APB2PeriphResetCmd)
    RCC_GetClocksFreq                        0x080058a1   Thumb Code   234  stm32l1xx_rcc.o(i.RCC_GetClocksFreq)
    RCC_GetFlagStatus                        0x080059a1   Thumb Code    48  stm32l1xx_rcc.o(i.RCC_GetFlagStatus)
    RCC_HSICmd                               0x080059d5   Thumb Code     6  stm32l1xx_rcc.o(i.RCC_HSICmd)
    RCC_LSICmd                               0x080059e1   Thumb Code     6  stm32l1xx_rcc.o(i.RCC_LSICmd)
    RCC_RTCCLKCmd                            0x080059ed   Thumb Code     6  stm32l1xx_rcc.o(i.RCC_RTCCLKCmd)
    RCC_RTCCLKConfig                         0x080059f9   Thumb Code    64  stm32l1xx_rcc.o(i.RCC_RTCCLKConfig)
    RTC_AlarmCmd                             0x08005a3d   Thumb Code   112  stm32l1xx_rtc.o(i.RTC_AlarmCmd)
    RTC_Alarm_IRQHandler                     0x08005ab1   Thumb Code    40  stm32l1xx_it.o(i.RTC_Alarm_IRQHandler)
    RTC_ClearITPendingBit                    0x08005b0d   Thumb Code    28  stm32l1xx_rtc.o(i.RTC_ClearITPendingBit)
    RTC_EnterInitMode                        0x08005b2d   Thumb Code    76  stm32l1xx_rtc.o(i.RTC_EnterInitMode)
    RTC_ExitInitMode                         0x08005b7d   Thumb Code    14  stm32l1xx_rtc.o(i.RTC_ExitInitMode)
    RTC_GetITStatus                          0x08005b91   Thumb Code    64  stm32l1xx_rtc.o(i.RTC_GetITStatus)
    RTC_ITConfig                             0x08005bd5   Thumb Code    94  stm32l1xx_rtc.o(i.RTC_ITConfig)
    RTC_Init                                 0x08005c39   Thumb Code    94  stm32l1xx_rtc.o(i.RTC_Init)
    RTC_SetDate                              0x08005c9d   Thumb Code   190  stm32l1xx_rtc.o(i.RTC_SetDate)
    RTC_SetTime                              0x08005d65   Thumb Code   198  stm32l1xx_rtc.o(i.RTC_SetTime)
    RTC_SetWakeUpCounter                     0x08005e35   Thumb Code    22  stm32l1xx_rtc.o(i.RTC_SetWakeUpCounter)
    RTC_WKUP_IRQHandler                      0x08005e51   Thumb Code    30  stm32l1xx_it.o(i.RTC_WKUP_IRQHandler)
    RTC_WaitForSynchro                       0x08005e71   Thumb Code    92  stm32l1xx_rtc.o(i.RTC_WaitForSynchro)
    RTC_WakeUpClockConfig                    0x08005ed1   Thumb Code    42  stm32l1xx_rtc.o(i.RTC_WakeUpClockConfig)
    RTC_WakeUpCmd                            0x08005f01   Thumb Code   116  stm32l1xx_rtc.o(i.RTC_WakeUpCmd)
    ReadBS8116A                              0x08005f79   Thumb Code    64  key.o(i.ReadBS8116A)
    ReadKeyValue                             0x08005fb9   Thumb Code    76  key.o(i.ReadKeyValue)
    ReadTmp112Value                          0x08006009   Thumb Code   118  tmp112.o(i.ReadTmp112Value)
    Read_Move_Mode_Number                    0x08006085   Thumb Code   508  menu.o(i.Read_Move_Mode_Number)
    Read_Si24r1_Data                         0x080062b1   Thumb Code   646  data.o(i.Read_Si24r1_Data)
    Read_Smoke_Mode_Number                   0x08006565   Thumb Code   508  menu.o(i.Read_Smoke_Mode_Number)
    Read_Temp_Mode_Number                    0x08006791   Thumb Code   508  menu.o(i.Read_Temp_Mode_Number)
    Read_Water_Mode_Number                   0x080069bd   Thumb Code   508  menu.o(i.Read_Water_Mode_Number)
    ResetM5311                               0x08006be9   Thumb Code    36  m5311.o(i.ResetM5311)
    SI24R1_Init                              0x08006c4d   Thumb Code   216  si24r1.o(i.SI24R1_Init)
    SI24R1_RX_Mode                           0x08006d29   Thumb Code    94  si24r1.o(i.SI24R1_RX_Mode)
    SI24R1_Read_Buf                          0x08006d95   Thumb Code    64  si24r1.o(i.SI24R1_Read_Buf)
    SI24R1_Read_Reg                          0x08006dd9   Thumb Code    42  si24r1.o(i.SI24R1_Read_Reg)
    SI24R1_RxPacket                          0x08006e09   Thumb Code    52  si24r1.o(i.SI24R1_RxPacket)
    SI24R1_Standby_Mode                      0x08006e3d   Thumb Code    14  si24r1.o(i.SI24R1_Standby_Mode)
    SI24R1_TX_Mode                           0x08006e51   Thumb Code    86  si24r1.o(i.SI24R1_TX_Mode)
    SI24R1_TxPacket                          0x08006eb5   Thumb Code   104  si24r1.o(i.SI24R1_TxPacket)
    SI24R1_Write_Buf                         0x08006f25   Thumb Code    64  si24r1.o(i.SI24R1_Write_Buf)
    SI24R1_Write_Reg                         0x08006f69   Thumb Code    44  si24r1.o(i.SI24R1_Write_Reg)
    SPI1_Init                                0x08006f99   Thumb Code   210  led_drive.o(i.SPI1_Init)
    SPI1_ReadWriteByte                       0x08007075   Thumb Code    50  led_drive.o(i.SPI1_ReadWriteByte)
    SPI_Cmd                                  0x080070ad   Thumb Code    24  stm32l1xx_spi.o(i.SPI_Cmd)
    SPI_I2S_DeInit                           0x080070c5   Thumb Code    76  stm32l1xx_spi.o(i.SPI_I2S_DeInit)
    SPI_I2S_GetFlagStatus                    0x0800711d   Thumb Code    18  stm32l1xx_spi.o(i.SPI_I2S_GetFlagStatus)
    SPI_I2S_ReceiveData                      0x0800712f   Thumb Code     6  stm32l1xx_spi.o(i.SPI_I2S_ReceiveData)
    SPI_I2S_SendData                         0x08007135   Thumb Code     4  stm32l1xx_spi.o(i.SPI_I2S_SendData)
    SPI_Init                                 0x08007139   Thumb Code    60  stm32l1xx_spi.o(i.SPI_Init)
    SYSCFG_EXTILineConfig                    0x080071cd   Thumb Code    60  stm32l1xx_syscfg.o(i.SYSCFG_EXTILineConfig)
    Server_Inf_Set                           0x0800720d   Thumb Code  1176  menu.o(i.Server_Inf_Set)
    Server_Inf_Show                          0x080076a5   Thumb Code   242  menu.o(i.Server_Inf_Show)
    Set_BTDE_Power                           0x080078e9   Thumb Code    52  drive.o(i.Set_BTDE_Power)
    Set_Interval                             0x08007921   Thumb Code   560  menu.o(i.Set_Interval)
    Set_LCD_Power                            0x08007b81   Thumb Code    48  drive.o(i.Set_LCD_Power)
    Set_M5311_Power                          0x08007bb5   Thumb Code    66  m5311.o(i.Set_M5311_Power)
    Set_M5311_WakeIn_Gpio                    0x08007c01   Thumb Code    40  m5311.o(i.Set_M5311_WakeIn_Gpio)
    Set_Move_Mode_Number                     0x08007c2d   Thumb Code   970  menu.o(i.Set_Move_Mode_Number)
    Set_Number                               0x08008049   Thumb Code   558  menu.o(i.Set_Number)
    Set_RFChannelForLinkMove                 0x080082ad   Thumb Code   414  menu.o(i.Set_RFChannelForLinkMove)
    Set_RFChannelForLinkTemp                 0x0800849d   Thumb Code   398  menu.o(i.Set_RFChannelForLinkTemp)
    Set_Sample_Interval                      0x0800867d   Thumb Code   560  menu.o(i.Set_Sample_Interval)
    Set_Sensitivity                          0x080088d9   Thumb Code   380  menu.o(i.Set_Sensitivity)
    Set_Smoke_Mode_Number                    0x08008a79   Thumb Code   974  menu.o(i.Set_Smoke_Mode_Number)
    Set_T_Interval                           0x08008e99   Thumb Code   560  menu.o(i.Set_T_Interval)
    Set_Temp_Mode_Number                     0x080090f5   Thumb Code   970  menu.o(i.Set_Temp_Mode_Number)
    Set_TestNum                              0x08009511   Thumb Code   564  menu.o(i.Set_TestNum)
    Set_Water_Mode_Number                    0x08009775   Thumb Code   972  menu.o(i.Set_Water_Mode_Number)
    ShowVersion                              0x08009b91   Thumb Code   176  menu.o(i.ShowVersion)
    SleepInit_GPIO                           0x08009f8d   Thumb Code    50  main.o(i.SleepInit_GPIO)
    SystemInit                               0x08009fc1   Thumb Code    86  system_stm32l1xx.o(i.SystemInit)
    System_Inf_State                         0x0800a02d   Thumb Code   486  menu.o(i.System_Inf_State)
    TIM2_IRQHandler                          0x0800a27d   Thumb Code    22  stm32l1xx_it.o(i.TIM2_IRQHandler)
    TIM3_IRQHandler                          0x0800a295   Thumb Code    40  drive.o(i.TIM3_IRQHandler)
    TIM3_Int_Init                            0x0800a2c5   Thumb Code    86  drive.o(i.TIM3_Int_Init)
    TIM_ClearITPendingBit                    0x0800a321   Thumb Code     6  stm32l1xx_tim.o(i.TIM_ClearITPendingBit)
    TIM_Cmd                                  0x0800a327   Thumb Code    24  stm32l1xx_tim.o(i.TIM_Cmd)
    TIM_GetITStatus                          0x0800a33f   Thumb Code    34  stm32l1xx_tim.o(i.TIM_GetITStatus)
    TIM_ITConfig                             0x0800a361   Thumb Code    18  stm32l1xx_tim.o(i.TIM_ITConfig)
    TIM_TimeBaseInit                         0x0800a375   Thumb Code    76  stm32l1xx_tim.o(i.TIM_TimeBaseInit)
    TMP112_INIT                              0x0800a3d5   Thumb Code   100  tmp112.o(i.TMP112_INIT)
    Test_Status                              0x0800a43d   Thumb Code   468  menu.o(i.Test_Status)
    Tmp112_WriteConfig                       0x0800a671   Thumb Code    38  tmp112.o(i.Tmp112_WriteConfig)
    Tmp211_ReadReg                           0x0800a697   Thumb Code    86  tmp112.o(i.Tmp211_ReadReg)
    Tmp211_WriteLimReg                       0x0800a6ed   Thumb Code   148  tmp112.o(i.Tmp211_WriteLimReg)
    USART2_Close                             0x0800a78d   Thumb Code    48  usart.o(i.USART2_Close)
    USART2_IRQHandler                        0x0800a7c1   Thumb Code    54  stm32l1xx_it.o(i.USART2_IRQHandler)
    USART3_IRQHandler                        0x0800a809   Thumb Code    54  stm32l1xx_it.o(i.USART3_IRQHandler)
    USART_ClearITPendingBit                  0x0800a851   Thumb Code    30  stm32l1xx_usart.o(i.USART_ClearITPendingBit)
    USART_Cmd                                0x0800a86f   Thumb Code    24  stm32l1xx_usart.o(i.USART_Cmd)
    USART_GetFlagStatus                      0x0800a887   Thumb Code    26  stm32l1xx_usart.o(i.USART_GetFlagStatus)
    USART_GetITStatus                        0x0800a8a1   Thumb Code    84  stm32l1xx_usart.o(i.USART_GetITStatus)
    USART_ITConfig                           0x0800a8f5   Thumb Code    74  stm32l1xx_usart.o(i.USART_ITConfig)
    USART_Init                               0x0800a941   Thumb Code   198  stm32l1xx_usart.o(i.USART_Init)
    USART_ReceiveData                        0x0800aa0d   Thumb Code    10  stm32l1xx_usart.o(i.USART_ReceiveData)
    USART_SendData                           0x0800aa17   Thumb Code     8  stm32l1xx_usart.o(i.USART_SendData)
    UpLoadApp                                0x0800aa21   Thumb Code   180  menu.o(i.UpLoadApp)
    UsageFault_Handler                       0x0800ab19   Thumb Code     4  stm32l1xx_it.o(i.UsageFault_Handler)
    Variable_Flash                           0x0800ab1d   Thumb Code  1380  data.o(i.Variable_Flash)
    __0sprintf                               0x0800b091   Thumb Code    34  printfa.o(i.__0sprintf)
    __1sprintf                               0x0800b091   Thumb Code     0  printfa.o(i.__0sprintf)
    __2sprintf                               0x0800b091   Thumb Code     0  printfa.o(i.__0sprintf)
    __c89sprintf                             0x0800b091   Thumb Code     0  printfa.o(i.__0sprintf)
    sprintf                                  0x0800b091   Thumb Code     0  printfa.o(i.__0sprintf)
    __kernel_poly                            0x0800b0b9   Thumb Code   170  poly.o(i.__kernel_poly)
    __mathlib_dbl_divzero                    0x0800b165   Thumb Code    12  dunder.o(i.__mathlib_dbl_divzero)
    __mathlib_dbl_infnan                     0x0800b175   Thumb Code     6  dunder.o(i.__mathlib_dbl_infnan)
    __mathlib_dbl_invalid                    0x0800b17b   Thumb Code    12  dunder.o(i.__mathlib_dbl_invalid)
    __scatterload_copy                       0x0800b187   Thumb Code    14  handlers.o(i.__scatterload_copy)
    __scatterload_null                       0x0800b195   Thumb Code     2  handlers.o(i.__scatterload_null)
    __scatterload_zeroinit                   0x0800b197   Thumb Code    14  handlers.o(i.__scatterload_zeroinit)
    __set_errno                              0x0800b1a5   Thumb Code     6  errno.o(i.__set_errno)
    _init_box                                0x0800b315   Thumb Code    70  rt_membox.o(i._init_box)
    buddleSort                               0x0800ba95   Thumb Code    80  menu.o(i.buddleSort)
    close_socket                             0x0800bae5   Thumb Code    46  m5311.o(i.close_socket)
    creat_UDP_socket                         0x0800bb29   Thumb Code    54  m5311.o(i.creat_UDP_socket)
    dbg_init                                 0x0800bb81   Thumb Code    34  hal_cm3.o(i.dbg_init)
    dbg_task_notify                          0x0800bbb1   Thumb Code    32  hal_cm3.o(i.dbg_task_notify)
    dbg_task_switch                          0x0800bbd1   Thumb Code    16  hal_cm3.o(i.dbg_task_switch)
    delay_ms                                 0x0800bbe1   Thumb Code    30  drive.o(i.delay_ms)
    isr_evt_set                              0x0800bc01   Thumb Code    34  rt_event.o(i.isr_evt_set)
    log                                      0x0800bc29   Thumb Code   808  log.o(i.log)
    main                                     0x0800bf85   Thumb Code   234  main.o(i.main)
    opt3001_REG                              0x0800c0a9   Thumb Code    16  opt3001.o(i.opt3001_REG)
    opt3001_device_id                        0x0800c0b9   Thumb Code    16  opt3001.o(i.opt3001_device_id)
    opt3001_limDown                          0x0800c0c9   Thumb Code    30  opt3001.o(i.opt3001_limDown)
    opt3001_limUp                            0x0800c0e7   Thumb Code    30  opt3001.o(i.opt3001_limUp)
    opt3001_manufacturer_id                  0x0800c105   Thumb Code    16  opt3001.o(i.opt3001_manufacturer_id)
    os_error                                 0x0800c115   Thumb Code     8  rtx_conf_cm.o(i.os_error)
    os_idle_demon                            0x0800c121   Thumb Code   356  rtx_conf_cm.o(i.os_idle_demon)
    os_tick_init                             0x0800c295   Thumb Code    32  rt_system.o(i.os_tick_init)
    os_tick_irqack                           0x0800c2bd   Thumb Code     2  rt_system.o(i.os_tick_irqack)
    os_tmr_call                              0x0800c2bf   Thumb Code     2  rtx_conf_cm.o(i.os_tmr_call)
    rt_alloc_box                             0x0800c2c1   Thumb Code    26  rt_membox.o(i.rt_alloc_box)
    rt_block                                 0x0800c2dd   Thumb Code    48  rt_task.o(i.rt_block)
    rt_chk_robin                             0x0800c315   Thumb Code     2  rtx_conf_cm.o(i.rt_chk_robin)
    rt_dec_dly                               0x0800c319   Thumb Code   106  rt_list.o(i.rt_dec_dly)
    rt_dispatch                              0x0800c38d   Thumb Code    60  rt_task.o(i.rt_dispatch)
    rt_dly_wait                              0x0800c3d1   Thumb Code     6  rt_time.o(i.rt_dly_wait)
    rt_evt_get                               0x0800c3d9   Thumb Code     8  rt_event.o(i.rt_evt_get)
    rt_evt_psh                               0x0800c3e5   Thumb Code    72  rt_event.o(i.rt_evt_psh)
    rt_evt_set                               0x0800c431   Thumb Code    90  rt_event.o(i.rt_evt_set)
    rt_evt_wait                              0x0800c491   Thumb Code    56  rt_event.o(i.rt_evt_wait)
    rt_free_box                              0x0800c4cd   Thumb Code    32  rt_membox.o(i.rt_free_box)
    rt_get_first                             0x0800c4ed   Thumb Code    40  rt_list.o(i.rt_get_first)
    rt_init_robin                            0x0800c561   Thumb Code     2  rtx_conf_cm.o(i.rt_init_robin)
    rt_init_stack                            0x0800c565   Thumb Code    70  hal_cm3.o(i.rt_init_stack)
    rt_mbx_psh                               0x0800c5b5   Thumb Code   206  rt_mailbox.o(i.rt_mbx_psh)
    rt_pop_req                               0x0800c689   Thumb Code   112  rt_system.o(i.rt_pop_req)
    rt_psh_req                               0x0800c705   Thumb Code    22  rt_system.o(i.rt_psh_req)
    rt_psq_enq                               0x0800c725   Thumb Code    88  rt_list.o(i.rt_psq_enq)
    rt_put_dly                               0x0800c781   Thumb Code    68  rt_list.o(i.rt_put_dly)
    rt_put_prio                              0x0800c7c9   Thumb Code    54  rt_list.o(i.rt_put_prio)
    rt_put_rdy_first                         0x0800c801   Thumb Code    14  rt_list.o(i.rt_put_rdy_first)
    rt_resume                                0x0800c815   Thumb Code   150  rt_system.o(i.rt_resume)
    rt_rmv_dly                               0x0800c8c5   Thumb Code    40  rt_list.o(i.rt_rmv_dly)
    rt_rmv_list                              0x0800c8ed   Thumb Code    44  rt_list.o(i.rt_rmv_list)
    rt_sem_psh                               0x0800c91d   Thumb Code    46  rt_semaphore.o(i.rt_sem_psh)
    rt_stk_check                             0x0800c951   Thumb Code    28  rt_system.o(i.rt_stk_check)
    rt_suspend                               0x0800c975   Thumb Code    36  rt_system.o(i.rt_suspend)
    rt_switch_req                            0x0800c9a1   Thumb Code    30  rt_task.o(i.rt_switch_req)
    rt_sys_init                              0x0800c9c9   Thumb Code   268  rt_task.o(i.rt_sys_init)
    rt_systick                               0x0800cb1d   Thumb Code    50  rt_system.o(i.rt_systick)
    rt_tmr_tick                              0x0800cb5d   Thumb Code    56  rt_timer.o(i.rt_tmr_tick)
    rt_tsk_create                            0x0800cb9d   Thumb Code   122  rt_task.o(i.rt_tsk_create)
    rt_tsk_delete                            0x0800cc2d   Thumb Code   336  rt_task.o(i.rt_tsk_delete)
    rt_tsk_lock                              0x0800cd99   Thumb Code    72  rt_system.o(i.rt_tsk_lock)
    rt_tsk_unlock                            0x0800cde9   Thumb Code    72  rt_system.o(i.rt_tsk_unlock)
    send_UDP_msg                             0x0800ce39   Thumb Code    74  m5311.o(i.send_UDP_msg)
    task_Net                                 0x0800cf21   Thumb Code   286  main.o(i.task_Net)
    task_RfReadSensor                        0x0800d079   Thumb Code   870  main.o(i.task_RfReadSensor)
    task_initial                             0x0800d471   Thumb Code    66  main.o(i.task_initial)
    task_main                                0x0800d4dd   Thumb Code    88  main.o(i.task_main)
    usart_send_str                           0x0800d541   Thumb Code    48  usart.o(i.usart_send_str)
    os_maxtaskrun                            0x0800d570   Data           2  rtx_conf_cm.o(.constdata)
    os_stackinfo                             0x0800d574   Data           4  rtx_conf_cm.o(.constdata)
    os_rrobin                                0x0800d578   Data           4  rtx_conf_cm.o(.constdata)
    os_trv                                   0x0800d57c   Data           4  rtx_conf_cm.o(.constdata)
    os_flags                                 0x0800d580   Data           1  rtx_conf_cm.o(.constdata)
    os_clockrate                             0x0800d584   Data           4  rtx_conf_cm.o(.constdata)
    os_timernum                              0x0800d588   Data           4  rtx_conf_cm.o(.constdata)
    mp_tcb_size                              0x0800d58c   Data           2  rtx_conf_cm.o(.constdata)
    mp_stk_size                              0x0800d590   Data           4  rtx_conf_cm.o(.constdata)
    os_fifo_size                             0x0800d594   Data           1  rtx_conf_cm.o(.constdata)
    mp_tmr_size                              0x0800d596   Data           2  rtx_conf_cm.o(.constdata)
    FONT14x14_TAB                            0x0800e0d9   Data        2772  font14x14.o(.constdata)
    FONT14X14_INDEX                          0x0800ebad   Data         297  font14x14.o(.constdata)
    hand_bmp                                 0x0800ecd6   Data          24  pic.o(.constdata)
    line_bmp                                 0x0800ecee   Data           2  pic.o(.constdata)
    line_bmp_empty                           0x0800ecf0   Data           2  pic.o(.constdata)
    batt_bmp2                                0x0800ecf2   Data          80  pic.o(.constdata)
    temp_uint                                0x0800ed42   Data           8  pic.o(.constdata)
    Open_Lock_bmp                            0x0800ed4a   Data         160  pic.o(.constdata)
    title_str                                0x0800edea   Data          20  display.o(.constdata)
    number_str                               0x0800edfe   Data          10  display.o(.constdata)
    temperature_str                          0x0800ee08   Data          10  display.o(.constdata)
    water_str                                0x0800ee12   Data          10  display.o(.constdata)
    fibre_optical_str                        0x0800ee1c   Data          10  display.o(.constdata)
    alarm_str                                0x0800ee26   Data          10  display.o(.constdata)
    normal_str                               0x0800ee30   Data          10  display.o(.constdata)
    battryValue_str                          0x0800ee3a   Data          10  display.o(.constdata)
    mode_number_lenth                        0x0800ee44   Data           1  data.o(.constdata)
    Clear_alarm_str                          0x0800ee84   Data          20  menu.o(.constdata)
    Clear_alarm_Enter_str                    0x0800ee98   Data          20  menu.o(.constdata)
    Clear_alarm_Cancel_str                   0x0800eeac   Data          20  menu.o(.constdata)
    Clear_number_str                         0x0800eec0   Data          20  menu.o(.constdata)
    Clear_number_Enter_str                   0x0800eed4   Data          20  menu.o(.constdata)
    Clear_number_Cancel_str                  0x0800eee8   Data          20  menu.o(.constdata)
    NB_test                                  0x0800eefc   Data          96  menu.o(.constdata)
    set_uploading                            0x0800ef5c   Data         192  menu.o(.constdata)
    binding_temp_module_number               0x0800f01c   Data         144  menu.o(.constdata)
    binding_move_module_number               0x0800f0ac   Data         144  menu.o(.constdata)
    binding_water_module_number              0x0800f13c   Data         144  menu.o(.constdata)
    binding_smoke_module_number              0x0800f1cc   Data         144  menu.o(.constdata)
    binding_module_number                    0x0800f25c   Data         192  menu.o(.constdata)
    set_t_switch                             0x0800f31c   Data          96  menu.o(.constdata)
    t_module_set                             0x0800f37c   Data          96  menu.o(.constdata)
    set_water_level_switch                   0x0800f3dc   Data          96  menu.o(.constdata)
    Server_Inf                               0x0800f43c   Data          96  menu.o(.constdata)
    RFchannel_set                            0x0800f49c   Data          96  menu.o(.constdata)
    main_menu_items                          0x0800f4fc   Data         720  menu.o(.constdata)
    background_menu_items                    0x0800f7cc   Data          48  menu.o(.constdata)
    TX_ADDRESS                               0x0800f7fc   Data           5  si24r1.o(.constdata)
    RF_CHANNEL                               0x0800f801   Data          11  si24r1.o(.constdata)
    RL_RTX_Version                           0x0800f80c   Data           4  rt_system.o(.constdata)
    __mathlib_zero                           0x0800f848   Data           8  qnan.o(.constdata)
    Region$$Table$$Base                      0x0800f850   Number         0  anon$$obj.o(Region$$Table)
    Region$$Table$$Limit                     0x0800f870   Number         0  anon$$obj.o(Region$$Table)
    m_tmr                                    0x20000000   Data           4  rtx_conf_cm.o(.data)
    Key_flag                                 0x20000022   Data           1  key.o(.data)
    BS8116A_value                            0x20000024   Data           2  key.o(.data)
    TCKey_value                              0x20000026   Data           1  key.o(.data)
    check_ack_timeout                        0x20000027   Data           1  m5311.o(.data)
    ue_exist_flag                            0x20000028   Data           1  m5311.o(.data)
    ue_need_reboot_flag                      0x20000029   Data           1  m5311.o(.data)
    usart2_rcvd_flag                         0x2000002c   Data           1  usart.o(.data)
    usart3_rcvd_flag                         0x2000002d   Data           1  usart.o(.data)
    usart2_rcvd_len                          0x2000002e   Data           1  usart.o(.data)
    usart3_rcvd_len                          0x2000002f   Data           1  usart.o(.data)
    flag_ADC                                 0x20000030   Data           1  drive.o(.data)
    tsk_main                                 0x2000003c   Data           4  main.o(.data)
    tsk_RfReadSensor                         0x20000040   Data           4  main.o(.data)
    tsk_Net                                  0x20000044   Data           4  main.o(.data)
    rtosRunMode                              0x20000048   Data           1  main.o(.data)
    Jump_To_Application                      0x2000004c   Data           4  main.o(.data)
    JumpAddress                              0x20000050   Data           4  main.o(.data)
    led_need_blink                           0x2000005c   Data           1  data.o(.data)
    key_value                                0x2000005d   Data           1  data.o(.data)
    set_state                                0x2000005e   Data           1  data.o(.data)
    TMP112_Alarm                             0x2000005f   Data           1  data.o(.data)
    OPT3001_Alarm                            0x20000060   Data           1  data.o(.data)
    menu_flag                                0x20000061   Data           1  data.o(.data)
    Vref                                     0x20000064   Data           4  data.o(.data)
    SI24_Receive_Enable                      0x20000068   Data           1  data.o(.data)
    temperature                              0x20000069   Data           1  data.o(.data)
    temperature_buff                         0x2000006a   Data           4  data.o(.data)
    signal                                   0x2000006e   Data           1  data.o(.data)
    battery                                  0x2000006f   Data           1  data.o(.data)
    battery_voltage                          0x20000070   Data           1  data.o(.data)
    water_level                              0x20000071   Data           1  data.o(.data)
    Smoke_Alarm                              0x20000072   Data           1  data.o(.data)
    upload_delay_count                       0x20000074   Data           4  data.o(.data)
    sample_delay_count                       0x20000078   Data           4  data.o(.data)
    detection_delay_count                    0x2000007c   Data           4  data.o(.data)
    com_delay_count1                         0x20000080   Data           4  data.o(.data)
    com_delay_count2                         0x20000084   Data           4  data.o(.data)
    alarm_inf_upload_flag                    0x20000088   Data           2  data.o(.data)
    com_error                                0x2000008a   Data           1  data.o(.data)
    temp_move_alarm                          0x2000008b   Data           1  data.o(.data)
    alarm_value                              0x2000008c   Data           1  data.o(.data)
    alarm_number                             0x20000090   Data           4  data.o(.data)
    Temp_IR_alarm                            0x20000094   Data           1  data.o(.data)
    IR_alarm_Enable                          0x20000095   Data           1  data.o(.data)
    IR_alarm                                 0x20000096   Data           1  data.o(.data)
    IR_alarm_start                           0x20000097   Data           1  data.o(.data)
    IR_alarm_end                             0x20000098   Data           1  data.o(.data)
    IR_alarm_time                            0x20000099   Data           1  data.o(.data)
    IR_alarm_flag                            0x2000009a   Data           1  data.o(.data)
    number                                   0x2000009c   Data           4  data.o(.data)
    destinationIP                            0x200000a0   Data           4  data.o(.data)
    destinationPort                          0x200000a4   Data           2  data.o(.data)
    upload_interval                          0x200000a8   Data           4  data.o(.data)
    upload_start                             0x200000ac   Data           1  data.o(.data)
    sample_interval                          0x200000b0   Data           4  data.o(.data)
    water_level_enable                       0x200000b4   Data           1  data.o(.data)
    fibre_optical_interval                   0x200000b8   Data           4  data.o(.data)
    fibre_optical_enable                     0x200000bc   Data           1  data.o(.data)
    now_temp_number_lenth                    0x200000bd   Data           1  data.o(.data)
    now_move_number_lenth                    0x200000be   Data           1  data.o(.data)
    now_water_number_lenth                   0x200000bf   Data           1  data.o(.data)
    now_smoke_number_lenth                   0x200000c0   Data           1  data.o(.data)
    temperature_alarm_value                  0x200000c1   Data           1  data.o(.data)
    temperature_alarm_bound                  0x200000c2   Data           1  data.o(.data)
    temp_sample_time                         0x200000c3   Data           1  data.o(.data)
    temp_upload_time                         0x200000c4   Data           1  data.o(.data)
    temp_temperature_alarm                   0x200000c5   Data           1  data.o(.data)
    temp_temperature_bound                   0x200000c6   Data           1  data.o(.data)
    Module_upload_time                       0x200000c7   Data           1  data.o(.data)
    move_detection_time                      0x200000c8   Data           1  data.o(.data)
    move_sensitivity                         0x200000c9   Data           1  data.o(.data)
    Test_NB_flag                             0x200000ca   Data           1  data.o(.data)
    Rf_channel_num                           0x200000cb   Data           1  data.o(.data)
    Set_Rf_channel_flag                      0x200000cc   Data           1  data.o(.data)
    Tmp112Config_Reg                         0x200000ce   Data           2  data.o(.data)
    Tmp112_LimUp                             0x200000d0   Data           2  data.o(.data)
    Tmp112_LimDown                           0x200000d2   Data           2  data.o(.data)
    OPT3001_M_ID                             0x200000d4   Data           2  data.o(.data)
    OPT3001_D_ID                             0x200000d6   Data           2  data.o(.data)
    OPT3001Config_Reg                        0x200000d8   Data           2  data.o(.data)
    OPT3001_LimUp                            0x200000da   Data           2  data.o(.data)
    OPT3001_LimDown                          0x200000dc   Data           2  data.o(.data)
    LightValue                               0x200000e0   Data           4  data.o(.data)
    event_flag                               0x200000ec   Data           4  menu.o(.data)
    arry_wpr                                 0x200000f0   Data           1  opt3001.o(.data)
    os_tsk                                   0x200000f8   Data           8  rt_task.o(.data)
    os_tick_irqn                             0x20000104   Data           4  rt_system.o(.data)
    os_time                                  0x20000108   Data           4  rt_time.o(.data)
    dbg_msg                                  0x2000010c   Data           1  hal_cm3.o(.data)
    os_tmr                                   0x20000110   Data           8  rt_timer.o(.data)
    os_robin                                 0x20000118   Data           8  rt_robin.o(.data)
    mp_tcb                                   0x20000128   Data         292  rtx_conf_cm.o(.bss)
    mp_stk                                   0x20000250   Data        6160  rtx_conf_cm.o(.bss)
    os_fifo                                  0x20001a60   Data         260  rtx_conf_cm.o(.bss)
    os_active_TCB                            0x20001b64   Data          20  rtx_conf_cm.o(.bss)
    m5311Inf                                 0x20001f78   Data          48  m5311.o(.bss)
    testM5311                                0x20001fa8   Data         412  m5311.o(.bss)
    usart2_rcvd_buf                          0x20002144   Data         256  usart.o(.bss)
    usart3_rcvd_buf                          0x20002244   Data         128  usart.o(.bss)
    ADC_ConvertedValue                       0x200022c4   Data          60  drive.o(.bss)
    gCC2500RxBuf                             0x20003300   Data          32  data.o(.bss)
    gCC2500TxBuf                             0x20003320   Data          32  data.o(.bss)
    UDP_Buff                                 0x20003340   Data        1000  data.o(.bss)
    temp_alarm_com_count                     0x20003728   Data          20  data.o(.bss)
    move_alarm_com_count                     0x2000373c   Data          20  data.o(.bss)
    temp_number                              0x20003750   Data          80  data.o(.bss)
    move_number                              0x200037a0   Data          80  data.o(.bss)
    water_number                             0x200037f0   Data          80  data.o(.bss)
    smoke_number                             0x20003840   Data          80  data.o(.bss)
    online_number                            0x20003890   Data          20  data.o(.bss)
    temp_com_value                           0x200038a4   Data         120  data.o(.bss)
    os_idle_TCB                              0x2000391c   Data          56  rt_task.o(.bss)
    os_rdy                                   0x20003954   Data          24  rt_list.o(.bss)
    os_dly                                   0x2000396c   Data          24  rt_list.o(.bss)
    __initial_sp                             0x20003d88   Data           0  startup_stm32l1xx_md.o(STACK)



==============================================================================

Memory Map of the image

  Image Entry point : 0x080000f5

  Load Region LR_IROM1 (Base: 0x08000000, Size: 0x0000f994, Max: 0x00020000, ABSOLUTE)

    Execution Region ER_IROM1 (Base: 0x08000000, Size: 0x0000f870, Max: 0x00020000, ABSOLUTE)

    Base Addr    Size         Type   Attr      Idx    E Section Name        Object

    0x08000000   0x000000f4   Data   RO            3    RESET               startup_stm32l1xx_md.o
    0x080000f4   0x00000000   Code   RO         6721  * .ARM.Collect$$$$00000000  mc_w.l(entry.o)
    0x080000f4   0x00000004   Code   RO         7044    .ARM.Collect$$$$00000001  mc_w.l(entry2.o)
    0x080000f8   0x00000004   Code   RO         7047    .ARM.Collect$$$$00000004  mc_w.l(entry5.o)
    0x080000fc   0x00000000   Code   RO         7049    .ARM.Collect$$$$00000008  mc_w.l(entry7b.o)
    0x080000fc   0x00000000   Code   RO         7051    .ARM.Collect$$$$0000000A  mc_w.l(entry8b.o)
    0x080000fc   0x00000008   Code   RO         7052    .ARM.Collect$$$$0000000B  mc_w.l(entry9a.o)
    0x08000104   0x00000000   Code   RO         7054    .ARM.Collect$$$$0000000D  mc_w.l(entry10a.o)
    0x08000104   0x00000000   Code   RO         7056    .ARM.Collect$$$$0000000F  mc_w.l(entry11a.o)
    0x08000104   0x00000004   Code   RO         7045    .ARM.Collect$$$$00002712  mc_w.l(entry2.o)
    0x08000108   0x00000154   Code   RO         6422    .emb_text           RTX_CM3.LIB(hal_cm3.o)
    0x0800025c   0x00000024   Code   RO            4    .text               startup_stm32l1xx_md.o
    0x08000280   0x00000024   Code   RO         6726    .text               mc_w.l(memseta.o)
    0x080002a4   0x00000024   Code   RO         6728    .text               mc_w.l(strstr.o)
    0x080002c8   0x0000000e   Code   RO         6730    .text               mc_w.l(strlen.o)
    0x080002d6   0x0000001c   Code   RO         6732    .text               mc_w.l(strcmp.o)
    0x080002f2   0x00000012   Code   RO         6734    .text               mc_w.l(strcpy.o)
    0x08000304   0x00000064   Code   RO         6999    .text               mf_w.l(fmul.o)
    0x08000368   0x0000007c   Code   RO         7001    .text               mf_w.l(fdiv.o)
    0x080003e4   0x0000014e   Code   RO         7003    .text               mf_w.l(dadd.o)
    0x08000532   0x000000e4   Code   RO         7005    .text               mf_w.l(dmul.o)
    0x08000616   0x000000de   Code   RO         7007    .text               mf_w.l(ddiv.o)
    0x080006f4   0x00000012   Code   RO         7009    .text               mf_w.l(fflti.o)
    0x08000706   0x0000000a   Code   RO         7011    .text               mf_w.l(ffltui.o)
    0x08000710   0x0000001a   Code   RO         7013    .text               mf_w.l(dfltui.o)
    0x0800072a   0x00000032   Code   RO         7015    .text               mf_w.l(ffixi.o)
    0x0800075c   0x00000028   Code   RO         7017    .text               mf_w.l(ffixui.o)
    0x08000784   0x0000003e   Code   RO         7019    .text               mf_w.l(dfixi.o)
    0x080007c2   0x00000032   Code   RO         7021    .text               mf_w.l(dfixui.o)
    0x080007f4   0x00000026   Code   RO         7023    .text               mf_w.l(f2d.o)
    0x0800081a   0x00000038   Code   RO         7025    .text               mf_w.l(d2f.o)
    0x08000852   0x0000002c   Code   RO         7060    .text               mc_w.l(uidiv.o)
    0x0800087e   0x00000062   Code   RO         7062    .text               mc_w.l(uldiv.o)
    0x080008e0   0x0000001e   Code   RO         7064    .text               mc_w.l(llshl.o)
    0x080008fe   0x00000020   Code   RO         7066    .text               mc_w.l(llushr.o)
    0x0800091e   0x00000024   Code   RO         7068    .text               mc_w.l(llsshr.o)
    0x08000942   0x00000000   Code   RO         7077    .text               mc_w.l(iusefp.o)
    0x08000942   0x0000006e   Code   RO         7078    .text               mf_w.l(fepilogue.o)
    0x080009b0   0x000000ba   Code   RO         7080    .text               mf_w.l(depilogue.o)
    0x08000a6a   0x0000002e   Code   RO         7082    .text               mf_w.l(dscalb.o)
    0x08000a98   0x00000022   Code   RO         7084    .text               mf_w.l(dflti.o)
    0x08000aba   0x00000030   Code   RO         7086    .text               mf_w.l(dfixul.o)
    0x08000aea   0x00000002   PAD
    0x08000aec   0x00000030   Code   RO         7088    .text               mf_w.l(cdcmple.o)
    0x08000b1c   0x00000030   Code   RO         7090    .text               mf_w.l(cdrcmple.o)
    0x08000b4c   0x00000024   Code   RO         7092    .text               mc_w.l(init.o)
    0x08000b70   0x00000004   Code   RO         6708    SVC_TABLE           RTX_CM3.LIB(svc_table.o)
    0x08000b74   0x00000150   Code   RO         4873    i.ADC1_Init         drive.o
    0x08000cc4   0x00000016   Code   RO          416    i.ADC_Cmd           stm32l1xx_adc.o
    0x08000cda   0x00000016   Code   RO          420    i.ADC_DMACmd        stm32l1xx_adc.o
    0x08000cf0   0x00000016   Code   RO          421    i.ADC_DMARequestAfterLastTransferCmd  stm32l1xx_adc.o
    0x08000d06   0x00000012   Code   RO          430    i.ADC_GetFlagStatus  stm32l1xx_adc.o
    0x08000d18   0x0000002c   Code   RO         4874    i.ADC_IO_Set_Input  drive.o
    0x08000d44   0x00000054   Code   RO          436    i.ADC_Init          stm32l1xx_adc.o
    0x08000d98   0x00000158   Code   RO          441    i.ADC_RegularChannelConfig  stm32l1xx_adc.o
    0x08000ef0   0x0000000a   Code   RO          443    i.ADC_SoftwareStartConv  stm32l1xx_adc.o
    0x08000efa   0x00000002   PAD
    0x08000efc   0x00000024   Code   RO          446    i.ADC_TempSensorVrefintCmd  stm32l1xx_adc.o
    0x08000f20   0x0000008c   Code   RO         4218    i.BS8116A_GPIO_Set_Input  key.o
    0x08000fac   0x00000030   Code   RO         4324    i.Bar               led_drive.o
    0x08000fdc   0x0000001c   Code   RO         4875    i.Beep50ms_Time     drive.o
    0x08000ff8   0x00000004   Code   RO         5115    i.BusFault_Handler  stm32l1xx_it.o
    0x08000ffc   0x00000040   Code   RO         4877    i.Buzzer_50ms       drive.o
    0x0800103c   0x00000058   Code   RO         4513    i.ByteToHexStr      m5311.o
    0x08001094   0x0000010c   Code   RO         4878    i.CC2500_GPIO_Set_Input  drive.o
    0x080011a0   0x000000f0   Code   RO         5506    i.Clear_Alarm_Inf   menu.o
    0x08001290   0x0000003c   Code   RO         4879    i.Close_ADC1        drive.o
    0x080012cc   0x0000001c   Code   RO         5507    i.Close_T_Start     menu.o
    0x080012e8   0x0000001c   Code   RO         5508    i.Close_Upload_Start  menu.o
    0x08001304   0x0000001c   Code   RO         5509    i.Close_Water_Level_Start  menu.o
    0x08001320   0x00000030   Code   RO         4880    i.Clr_BTDE_Power    drive.o
    0x08001350   0x00000030   Code   RO         4881    i.Clr_Buzzer_Power  drive.o
    0x08001380   0x00000030   Code   RO         4882    i.Clr_HBZ_Power     drive.o
    0x080013b0   0x00000030   Code   RO         4883    i.Clr_LCD_Power     drive.o
    0x080013e0   0x0000002c   Code   RO         4514    i.Clr_M5311_Power   m5311.o
    0x0800140c   0x00000080   Code   RO         5370    i.Com_ForLink_Move  data.o
    0x0800148c   0x0000008c   Code   RO         5371    i.Com_ForLink_Temp  data.o
    0x08001518   0x00000088   Code   RO         5372    i.Com_Respond_Move  data.o
    0x080015a0   0x0000006c   Code   RO         5373    i.Com_Respond_Smoke  data.o
    0x0800160c   0x00000084   Code   RO         5374    i.Com_Respond_Temp  data.o
    0x08001690   0x0000006c   Code   RO         5375    i.Com_Respond_Water  data.o
    0x080016fc   0x00000234   Code   RO         5376    i.Com_Send_Alarm    data.o
    0x08001930   0x00000220   Code   RO         5377    i.Com_Send_State    data.o
    0x08001b50   0x0000002c   Code   RO         4515    i.Ctr_M5311_PMS_PIN  m5311.o
    0x08001b7c   0x0000002c   Code   RO         4516    i.Ctr_M5311_RST     m5311.o
    0x08001ba8   0x0000002c   Code   RO         4517    i.Ctr_M5311_WakeIn_Gpio  m5311.o
    0x08001bd4   0x0000001a   Code   RO         1233    i.DATA_EEPROM_EraseWord  stm32l1xx_flash.o
    0x08001bee   0x00000002   PAD
    0x08001bf0   0x00000034   Code   RO         1236    i.DATA_EEPROM_FastProgramWord  stm32l1xx_flash.o
    0x08001c24   0x0000005c   Code   RO         1239    i.DATA_EEPROM_ProgramByte  stm32l1xx_flash.o
    0x08001c80   0x00000024   Code   RO         1242    i.DATA_EEPROM_Unlock  stm32l1xx_flash.o
    0x08001ca4   0x00000020   Code   RO         1047    i.DBGMCU_Config     stm32l1xx_dbgmcu.o
    0x08001cc4   0x0000001c   Code   RO         4884    i.DMA1_Channel1_IRQHandler  drive.o
    0x08001ce0   0x0000001c   Code   RO         1090    i.DMA_ClearITPendingBit  stm32l1xx_dma.o
    0x08001cfc   0x00000018   Code   RO         1091    i.DMA_Cmd           stm32l1xx_dma.o
    0x08001d14   0x0000014c   Code   RO         1092    i.DMA_DeInit        stm32l1xx_dma.o
    0x08001e60   0x0000002c   Code   RO         1095    i.DMA_GetITStatus   stm32l1xx_dma.o
    0x08001e8c   0x00000012   Code   RO         1096    i.DMA_ITConfig      stm32l1xx_dma.o
    0x08001e9e   0x0000003c   Code   RO         1097    i.DMA_Init          stm32l1xx_dma.o
    0x08001eda   0x00000002   Code   RO         5116    i.DebugMon_Handler  stm32l1xx_it.o
    0x08001edc   0x00000134   Code   RO         5510    i.Del_Move_Mode_Number  menu.o
    0x08002010   0x00000138   Code   RO         5511    i.Del_Smoke_Mode_Number  menu.o
    0x08002148   0x00000134   Code   RO         5512    i.Del_Temp_Mode_Number  menu.o
    0x0800227c   0x00000134   Code   RO         5513    i.Del_Water_Mode_Number  menu.o
    0x080023b0   0x000000ec   Code   RO         5334    i.Display_Battery   display.o
    0x0800249c   0x0000002e   Code   RO         4325    i.Display_HLine     led_drive.o
    0x080024ca   0x00000002   PAD
    0x080024cc   0x00000228   Code   RO         5335    i.Display_Main_View  display.o
    0x080026f4   0x0000005e   Code   RO         4326    i.Display_PIC       led_drive.o
    0x08002752   0x00000050   Code   RO         4327    i.Display_Rectangle  led_drive.o
    0x080027a2   0x00000002   PAD
    0x080027a4   0x0000014c   Code   RO         5336    i.Display_Signal    display.o
    0x080028f0   0x0000002e   Code   RO         4328    i.Display_VLine     led_drive.o
    0x0800291e   0x00000002   PAD
    0x08002920   0x0000001c   Code   RO         5117    i.EXTI0_IRQHandler  stm32l1xx_it.o
    0x0800293c   0x0000001c   Code   RO         5118    i.EXTI1_IRQHandler  stm32l1xx_it.o
    0x08002958   0x00000038   Code   RO         5119    i.EXTI2_IRQHandler  stm32l1xx_it.o
    0x08002990   0x000000ac   Code   RO         5120    i.EXTI9_5_IRQHandler  stm32l1xx_it.o
    0x08002a3c   0x0000000c   Code   RO         1170    i.EXTI_ClearITPendingBit  stm32l1xx_exti.o
    0x08002a48   0x00000018   Code   RO         1174    i.EXTI_GetITStatus  stm32l1xx_exti.o
    0x08002a60   0x00000094   Code   RO         1175    i.EXTI_Init         stm32l1xx_exti.o
    0x08002af4   0x0000003c   Code   RO         5456    i.Enter_Main_Menu   fp_menu.o
    0x08002b30   0x00000034   Code   RO         1247    i.FLASH_GetStatus   stm32l1xx_flash.o
    0x08002b64   0x00000024   Code   RO         4885    i.FLASH_Get_Para_Decode  drive.o
    0x08002b88   0x00000030   Code   RO         4886    i.FLASH_Save_Para_Encode  drive.o
    0x08002bb8   0x00000030   Code   RO         1277    i.FLASH_WaitForLastOperation  stm32l1xx_flash.o
    0x08002be8   0x00000084   Code   RO         1626    i.GPIO_Init         stm32l1xx_gpio.o
    0x08002c6c   0x00000046   Code   RO         1627    i.GPIO_PinAFConfig  stm32l1xx_gpio.o
    0x08002cb2   0x00000012   Code   RO         1630    i.GPIO_ReadInputDataBit  stm32l1xx_gpio.o
    0x08002cc4   0x00000004   Code   RO         1633    i.GPIO_ResetBits    stm32l1xx_gpio.o
    0x08002cc8   0x00000004   Code   RO         1634    i.GPIO_SetBits      stm32l1xx_gpio.o
    0x08002ccc   0x00000054   Code   RO         4105    i.GUI_PutChar7x14   font7x14.o
    0x08002d20   0x00000054   Code   RO         4139    i.GUI_PutHZ14x14    font14x14.o
    0x08002d74   0x0000005e   Code   RO         4140    i.GUI_PutString14x14  font14x14.o
    0x08002dd2   0x00000034   Code   RO         4106    i.GUI_PutString7x14  font7x14.o
    0x08002e06   0x0000005e   Code   RO         4141    i.GUI_PutStringConst14x14  font14x14.o
    0x08002e64   0x0000005e   Code   RO         4142    i.GUI_PutStringConst14x14_7x14  font14x14.o
    0x08002ec2   0x0000004a   Code   RO         4107    i.GUI_PutStringConst7x14  font7x14.o
    0x08002f0c   0x00000170   Code   RO         4887    i.Get_Battery       drive.o
    0x0800307c   0x00000032   Code   RO         5458    i.Get_Item_Enable_Index  fp_menu.o
    0x080030ae   0x0000002a   Code   RO         5459    i.Get_Item_Enable_Number  fp_menu.o
    0x080030d8   0x000000d4   Code   RO         4518    i.Get_M5311Inf      m5311.o
    0x080031ac   0x00000060   Code   RO         4519    i.Get_M5311_IMSI    m5311.o
    0x0800320c   0x00000028   Code   RO         4520    i.Get_M5311_Status  m5311.o
    0x08003234   0x000000f8   Code   RO         4521    i.Get_M5311_signal  m5311.o
    0x0800332c   0x0000002a   Code   RO         4143    i.Get_TxtLength14x14  font14x14.o
    0x08003356   0x00000002   PAD
    0x08003358   0x000000d0   Code   RO         4889    i.Get_Vref          drive.o
    0x08003428   0x00000030   Code   RO         5226    i.GotoUploadApp     main.o
    0x08003458   0x00000004   Code   RO         5121    i.HardFault_Handler  stm32l1xx_it.o
    0x0800345c   0x000000d8   Code   RO         4523    i.HexToInt          m5311.o
    0x08003534   0x000000b0   Code   RO         4219    i.I2C2_ReceiveByte  key.o
    0x080035e4   0x00000060   Code   RO         4220    i.I2C2_SendByte     key.o
    0x08003644   0x00000028   Code   RO         4221    i.I2C2_Set_SDA_Input  key.o
    0x0800366c   0x00000028   Code   RO         4222    i.I2C2_Set_SDA_Output  key.o
    0x08003694   0x00000034   Code   RO         4223    i.I2C2_Start        key.o
    0x080036c8   0x0000003c   Code   RO         4224    i.I2C2_Stop         key.o
    0x08003704   0x0000005c   Code   RO         4225    i.I2C2_WaitAck      key.o
    0x08003760   0x0000001c   Code   RO         4226    i.I2C2_delay        key.o
    0x0800377c   0x000000a8   Code   RO         5906    i.I2C_ReadByte      opt3001.o
    0x08003824   0x000000b8   Code   RO         6047    i.I2C_ReadByte      tmp112.o
    0x080038dc   0x00000060   Code   RO         5907    i.I2C_SendByte      opt3001.o
    0x0800393c   0x00000064   Code   RO         6049    i.I2C_SendByte      tmp112.o
    0x080039a0   0x00000028   Code   RO         4891    i.I2C_Set_Input     drive.o
    0x080039c8   0x00000028   Code   RO         5908    i.I2C_Set_SDA_Input  opt3001.o
    0x080039f0   0x00000028   Code   RO         6050    i.I2C_Set_SDA_Input  tmp112.o
    0x08003a18   0x0000002c   Code   RO         5909    i.I2C_Set_SDA_Output  opt3001.o
    0x08003a44   0x0000002c   Code   RO         6051    i.I2C_Set_SDA_Output  tmp112.o
    0x08003a70   0x00000034   Code   RO         5910    i.I2C_Start         opt3001.o
    0x08003aa4   0x00000034   Code   RO         6052    i.I2C_Start         tmp112.o
    0x08003ad8   0x0000003c   Code   RO         5911    i.I2C_Stop          opt3001.o
    0x08003b14   0x00000040   Code   RO         6053    i.I2C_Stop          tmp112.o
    0x08003b54   0x00000054   Code   RO         5912    i.I2C_WaitAck       opt3001.o
    0x08003ba8   0x00000054   Code   RO         6054    i.I2C_WaitAck       tmp112.o
    0x08003bfc   0x0000001c   Code   RO         5913    i.I2C_delay         opt3001.o
    0x08003c18   0x0000001c   Code   RO         6055    i.I2C_delay         tmp112.o
    0x08003c34   0x00000002   Code   RO         1937    i.IWDG_ReloadCounter  stm32l1xx_iwdg.o
    0x08003c36   0x000000ac   Code   RO         4227    i.Init_BS8116A      key.o
    0x08003ce2   0x00000002   PAD
    0x08003ce4   0x0000009c   Code   RO         4228    i.Init_BS8116A_GPIO  key.o
    0x08003d80   0x00000030   Code   RO         4892    i.Init_GPIO         drive.o
    0x08003db0   0x00000024   Code   RO         4893    i.Init_HS1          drive.o
    0x08003dd4   0x00000024   Code   RO         5914    i.Init_OPT3001      opt3001.o
    0x08003df8   0x00000040   Code   RO         5915    i.Init_OPT_GPIO     opt3001.o
    0x08003e38   0x00000010   Code   RO         6056    i.Init_TMP112       tmp112.o
    0x08003e48   0x00000040   Code   RO         6057    i.Init_TMP112_GPIO  tmp112.o
    0x08003e88   0x000000c0   Code   RO         4791    i.Init_USART2       usart.o
    0x08003f48   0x0000006c   Code   RO         4894    i.Init_Unused_GPIO  drive.o
    0x08003fb4   0x00000044   Code   RO         5460    i.ItemNum2Str       fp_menu.o
    0x08003ff8   0x00000014   Code   RO         4329    i.LCD_Clear         led_drive.o
    0x0800400c   0x00000078   Code   RO         4331    i.LCD_Update        led_drive.o
    0x08004084   0x00000070   Code   RO         4526    i.M5311_FailurePowerOn  m5311.o
    0x080040f4   0x00000114   Code   RO         4527    i.M5311_InitNetWork  m5311.o
    0x08004208   0x000000c8   Code   RO         4528    i.M5311_InitPowerOn  m5311.o
    0x080042d0   0x00000028   Code   RO         4530    i.M5311_LOCK_Sleep  m5311.o
    0x080042f8   0x00000028   Code   RO         4531    i.M5311_PMS_PIN_Init  m5311.o
    0x08004320   0x00000074   Code   RO         4532    i.M5311_PowerOn     m5311.o
    0x08004394   0x00000034   Code   RO         4533    i.M5311_RST_Init    m5311.o
    0x080043c8   0x00000124   Code   RO         4534    i.M5311_Send_Inf    m5311.o
    0x080044ec   0x00000090   Code   RO         4535    i.M5311_Send_alarm  m5311.o
    0x0800457c   0x00000170   Code   RO         4536    i.M5311_UDPSend_ALARMData  m5311.o
    0x080046ec   0x00000278   Code   RO         4537    i.M5311_UDPSend_InfData  m5311.o
    0x08004964   0x000001e4   Code   RO         4538    i.M5311_UDPSend_InfData_ALARM  m5311.o
    0x08004b48   0x0000002c   Code   RO         4539    i.M5311_UNLOCK_Sleep  m5311.o
    0x08004b74   0x000000a4   Code   RO         4540    i.M5311_WakeUpPowerOn  m5311.o
    0x08004c18   0x00000030   Code   RO         4541    i.M5311_WakeUp_FromPSM  m5311.o
    0x08004c48   0x00000030   Code   RO         4542    i.M5311_check_ack   m5311.o
    0x08004c78   0x0000009c   Code   RO         4544    i.M5311_send_cmd    m5311.o
    0x08004d14   0x00000004   Code   RO         5122    i.MemManage_Handler  stm32l1xx_it.o
    0x08004d18   0x00000244   Code   RO         5514    i.NB_Status         menu.o
    0x08004f5c   0x00000002   Code   RO         5123    i.NMI_Handler       stm32l1xx_it.o
    0x08004f5e   0x00000002   PAD
    0x08004f60   0x00000078   Code   RO          365    i.NVIC_Init         misc.o
    0x08004fd8   0x00000014   Code   RO          366    i.NVIC_PriorityGroupConfig  misc.o
    0x08004fec   0x00000014   Code   RO          367    i.NVIC_SetVectorTable  misc.o
    0x08005000   0x00000040   Code   RO         4332    i.OLED_Clear        led_drive.o
    0x08005040   0x00000070   Code   RO         4333    i.OLED_Disable      led_drive.o
    0x080050b0   0x0000002c   Code   RO         4897    i.OLED_IO_Set_Input  drive.o
    0x080050dc   0x00000158   Code   RO         4338    i.OLED_Init         led_drive.o
    0x08005234   0x0000002e   Code   RO         4339    i.OLED_Set_Pos      led_drive.o
    0x08005262   0x00000002   PAD
    0x08005264   0x00000044   Code   RO         4340    i.OLED_WR_Byte      led_drive.o
    0x080052a8   0x0000001e   Code   RO         5916    i.OPT3001_GetLuxValue  opt3001.o
    0x080052c6   0x00000002   PAD
    0x080052c8   0x0000006c   Code   RO         5917    i.OPT3001_INIT      opt3001.o
    0x08005334   0x0000003c   Code   RO         5918    i.OPT3001_WriteReg  opt3001.o
    0x08005370   0x00000044   Code   RO         5919    i.OPT3001_read      opt3001.o
    0x080053b4   0x0000001c   Code   RO         5515    i.Open_T_Start      menu.o
    0x080053d0   0x0000001c   Code   RO         5516    i.Open_Upload_Start  menu.o
    0x080053ec   0x0000001c   Code   RO         5517    i.Open_Water_Level_Start  menu.o
    0x08005408   0x000000b0   Code   RO         5921    i.Opt3001_WriteLimReg  opt3001.o
    0x080054b8   0x00000014   Code   RO         2175    i.PWR_ClearFlag     stm32l1xx_pwr.o
    0x080054cc   0x00000040   Code   RO         2179    i.PWR_EnterSTOPMode  stm32l1xx_pwr.o
    0x0800550c   0x00000018   Code   RO         2182    i.PWR_GetFlagStatus  stm32l1xx_pwr.o
    0x08005524   0x0000000c   Code   RO         2185    i.PWR_RTCAccessCmd  stm32l1xx_pwr.o
    0x08005530   0x0000002c   Code   RO         4898    i.PeriphClock_Initialize  drive.o
    0x0800555c   0x000002a4   Code   RO         5518    i.Query_online_device  menu.o
    0x08005800   0x00000020   Code   RO         2273    i.RCC_AHBPeriphClockCmd  stm32l1xx_rcc.o
    0x08005820   0x00000020   Code   RO         2276    i.RCC_APB1PeriphClockCmd  stm32l1xx_rcc.o
    0x08005840   0x00000020   Code   RO         2278    i.RCC_APB1PeriphResetCmd  stm32l1xx_rcc.o
    0x08005860   0x00000020   Code   RO         2279    i.RCC_APB2PeriphClockCmd  stm32l1xx_rcc.o
    0x08005880   0x00000020   Code   RO         2281    i.RCC_APB2PeriphResetCmd  stm32l1xx_rcc.o
    0x080058a0   0x00000100   Code   RO         2288    i.RCC_GetClocksFreq  stm32l1xx_rcc.o
    0x080059a0   0x00000034   Code   RO         2289    i.RCC_GetFlagStatus  stm32l1xx_rcc.o
    0x080059d4   0x0000000c   Code   RO         2294    i.RCC_HSICmd        stm32l1xx_rcc.o
    0x080059e0   0x0000000c   Code   RO         2298    i.RCC_LSICmd        stm32l1xx_rcc.o
    0x080059ec   0x0000000c   Code   RO         2306    i.RCC_RTCCLKCmd     stm32l1xx_rcc.o
    0x080059f8   0x00000044   Code   RO         2307    i.RCC_RTCCLKConfig  stm32l1xx_rcc.o
    0x08005a3c   0x00000074   Code   RO         2517    i.RTC_AlarmCmd      stm32l1xx_rtc.o
    0x08005ab0   0x00000028   Code   RO         5124    i.RTC_Alarm_IRQHandler  stm32l1xx_it.o
    0x08005ad8   0x00000016   Code   RO         2520    i.RTC_Bcd2ToByte    stm32l1xx_rtc.o
    0x08005aee   0x0000001c   Code   RO         2522    i.RTC_ByteToBcd2    stm32l1xx_rtc.o
    0x08005b0a   0x00000002   PAD
    0x08005b0c   0x00000020   Code   RO         2526    i.RTC_ClearITPendingBit  stm32l1xx_rtc.o
    0x08005b2c   0x00000050   Code   RO         2532    i.RTC_EnterInitMode  stm32l1xx_rtc.o
    0x08005b7c   0x00000014   Code   RO         2533    i.RTC_ExitInitMode  stm32l1xx_rtc.o
    0x08005b90   0x00000044   Code   RO         2538    i.RTC_GetITStatus   stm32l1xx_rtc.o
    0x08005bd4   0x00000064   Code   RO         2545    i.RTC_ITConfig      stm32l1xx_rtc.o
    0x08005c38   0x00000064   Code   RO         2546    i.RTC_Init          stm32l1xx_rtc.o
    0x08005c9c   0x000000c8   Code   RO         2552    i.RTC_SetDate       stm32l1xx_rtc.o
    0x08005d64   0x000000d0   Code   RO         2553    i.RTC_SetTime       stm32l1xx_rtc.o
    0x08005e34   0x0000001c   Code   RO         2554    i.RTC_SetWakeUpCounter  stm32l1xx_rtc.o
    0x08005e50   0x0000001e   Code   RO         5125    i.RTC_WKUP_IRQHandler  stm32l1xx_it.o
    0x08005e6e   0x00000002   PAD
    0x08005e70   0x00000060   Code   RO         2567    i.RTC_WaitForSynchro  stm32l1xx_rtc.o
    0x08005ed0   0x00000030   Code   RO         2568    i.RTC_WakeUpClockConfig  stm32l1xx_rtc.o
    0x08005f00   0x00000078   Code   RO         2569    i.RTC_WakeUpCmd     stm32l1xx_rtc.o
    0x08005f78   0x00000040   Code   RO         4229    i.ReadBS8116A       key.o
    0x08005fb8   0x00000050   Code   RO         4231    i.ReadKeyValue      key.o
    0x08006008   0x0000007c   Code   RO         6058    i.ReadTmp112Value   tmp112.o
    0x08006084   0x0000022c   Code   RO         5519    i.Read_Move_Mode_Number  menu.o
    0x080062b0   0x000002b4   Code   RO         5378    i.Read_Si24r1_Data  data.o
    0x08006564   0x0000022c   Code   RO         5520    i.Read_Smoke_Mode_Number  menu.o
    0x08006790   0x0000022c   Code   RO         5521    i.Read_Temp_Mode_Number  menu.o
    0x080069bc   0x0000022c   Code   RO         5522    i.Read_Water_Mode_Number  menu.o
    0x08006be8   0x0000002c   Code   RO         4545    i.ResetM5311        m5311.o
    0x08006c14   0x0000001c   Code   RO         5922    i.SDA_read          opt3001.o
    0x08006c30   0x0000001c   Code   RO         6059    i.SDA_read          tmp112.o
    0x08006c4c   0x000000dc   Code   RO         5824    i.SI24R1_Init       si24r1.o
    0x08006d28   0x0000006c   Code   RO         5825    i.SI24R1_RX_Mode    si24r1.o
    0x08006d94   0x00000044   Code   RO         5826    i.SI24R1_Read_Buf   si24r1.o
    0x08006dd8   0x00000030   Code   RO         5827    i.SI24R1_Read_Reg   si24r1.o
    0x08006e08   0x00000034   Code   RO         5828    i.SI24R1_RxPacket   si24r1.o
    0x08006e3c   0x00000014   Code   RO         5829    i.SI24R1_Standby_Mode  si24r1.o
    0x08006e50   0x00000064   Code   RO         5830    i.SI24R1_TX_Mode    si24r1.o
    0x08006eb4   0x00000070   Code   RO         5831    i.SI24R1_TxPacket   si24r1.o
    0x08006f24   0x00000044   Code   RO         5832    i.SI24R1_Write_Buf  si24r1.o
    0x08006f68   0x00000030   Code   RO         5833    i.SI24R1_Write_Reg  si24r1.o
    0x08006f98   0x000000dc   Code   RO         4341    i.SPI1_Init         led_drive.o
    0x08007074   0x00000038   Code   RO         4342    i.SPI1_ReadWriteByte  led_drive.o
    0x080070ac   0x00000018   Code   RO         3058    i.SPI_Cmd           stm32l1xx_spi.o
    0x080070c4   0x00000058   Code   RO         3065    i.SPI_I2S_DeInit    stm32l1xx_spi.o
    0x0800711c   0x00000012   Code   RO         3066    i.SPI_I2S_GetFlagStatus  stm32l1xx_spi.o
    0x0800712e   0x00000006   Code   RO         3069    i.SPI_I2S_ReceiveData  stm32l1xx_spi.o
    0x08007134   0x00000004   Code   RO         3070    i.SPI_I2S_SendData  stm32l1xx_spi.o
    0x08007138   0x0000003c   Code   RO         3071    i.SPI_Init          stm32l1xx_spi.o
    0x08007174   0x00000058   Code   RO         5834    i.SPI_RW            si24r1.o
    0x080071cc   0x00000040   Code   RO         3206    i.SYSCFG_EXTILineConfig  stm32l1xx_syscfg.o
    0x0800720c   0x00000498   Code   RO         5524    i.Server_Inf_Set    menu.o
    0x080076a4   0x00000134   Code   RO         5525    i.Server_Inf_Show   menu.o
    0x080077d8   0x00000110   Code   RO           12    i.SetSysClock       system_stm32l1xx.o
    0x080078e8   0x00000038   Code   RO         4900    i.Set_BTDE_Power    drive.o
    0x08007920   0x00000260   Code   RO         5526    i.Set_Interval      menu.o
    0x08007b80   0x00000034   Code   RO         4902    i.Set_LCD_Power     drive.o
    0x08007bb4   0x0000004c   Code   RO         4546    i.Set_M5311_Power   m5311.o
    0x08007c00   0x0000002c   Code   RO         4548    i.Set_M5311_WakeIn_Gpio  m5311.o
    0x08007c2c   0x0000041c   Code   RO         5527    i.Set_Move_Mode_Number  menu.o
    0x08008048   0x00000264   Code   RO         5528    i.Set_Number        menu.o
    0x080082ac   0x000001f0   Code   RO         5529    i.Set_RFChannelForLinkMove  menu.o
    0x0800849c   0x000001e0   Code   RO         5530    i.Set_RFChannelForLinkTemp  menu.o
    0x0800867c   0x0000025c   Code   RO         5532    i.Set_Sample_Interval  menu.o
    0x080088d8   0x000001a0   Code   RO         5533    i.Set_Sensitivity   menu.o
    0x08008a78   0x00000420   Code   RO         5534    i.Set_Smoke_Mode_Number  menu.o
    0x08008e98   0x0000025c   Code   RO         5535    i.Set_T_Interval    menu.o
    0x080090f4   0x0000041c   Code   RO         5536    i.Set_Temp_Mode_Number  menu.o
    0x08009510   0x00000264   Code   RO         5537    i.Set_TestNum       menu.o
    0x08009774   0x0000041c   Code   RO         5538    i.Set_Water_Mode_Number  menu.o
    0x08009b90   0x000000e4   Code   RO         5539    i.ShowVersion       menu.o
    0x08009c74   0x00000318   Code   RO         5461    i.Show_Menu_List    fp_menu.o
    0x08009f8c   0x00000032   Code   RO         5232    i.SleepInit_GPIO    main.o
    0x08009fbe   0x00000002   PAD
    0x08009fc0   0x0000006c   Code   RO           14    i.SystemInit        system_stm32l1xx.o
    0x0800a02c   0x00000250   Code   RO         5540    i.System_Inf_State  menu.o
    0x0800a27c   0x00000016   Code   RO         5126    i.TIM2_IRQHandler   stm32l1xx_it.o
    0x0800a292   0x00000002   PAD
    0x0800a294   0x00000030   Code   RO         4904    i.TIM3_IRQHandler   drive.o
    0x0800a2c4   0x0000005c   Code   RO         4905    i.TIM3_Int_Init     drive.o
    0x0800a320   0x00000006   Code   RO         3304    i.TIM_ClearITPendingBit  stm32l1xx_tim.o
    0x0800a326   0x00000018   Code   RO         3309    i.TIM_Cmd           stm32l1xx_tim.o
    0x0800a33e   0x00000022   Code   RO         3329    i.TIM_GetITStatus   stm32l1xx_tim.o
    0x0800a360   0x00000012   Code   RO         3333    i.TIM_ITConfig      stm32l1xx_tim.o
    0x0800a372   0x00000002   PAD
    0x0800a374   0x00000060   Code   RO         3377    i.TIM_TimeBaseInit  stm32l1xx_tim.o
    0x0800a3d4   0x00000068   Code   RO         6061    i.TMP112_INIT       tmp112.o
    0x0800a43c   0x00000234   Code   RO         5541    i.Test_Status       menu.o
    0x0800a670   0x00000026   Code   RO         6062    i.Tmp112_WriteConfig  tmp112.o
    0x0800a696   0x00000056   Code   RO         6063    i.Tmp211_ReadReg    tmp112.o
    0x0800a6ec   0x000000a0   Code   RO         6064    i.Tmp211_WriteLimReg  tmp112.o
    0x0800a78c   0x00000034   Code   RO         4794    i.USART2_Close      usart.o
    0x0800a7c0   0x00000048   Code   RO         5127    i.USART2_IRQHandler  stm32l1xx_it.o
    0x0800a808   0x00000048   Code   RO         5128    i.USART3_IRQHandler  stm32l1xx_it.o
    0x0800a850   0x0000001e   Code   RO         3812    i.USART_ClearITPendingBit  stm32l1xx_usart.o
    0x0800a86e   0x00000018   Code   RO         3815    i.USART_Cmd         stm32l1xx_usart.o
    0x0800a886   0x0000001a   Code   RO         3818    i.USART_GetFlagStatus  stm32l1xx_usart.o
    0x0800a8a0   0x00000054   Code   RO         3819    i.USART_GetITStatus  stm32l1xx_usart.o
    0x0800a8f4   0x0000004a   Code   RO         3821    i.USART_ITConfig    stm32l1xx_usart.o
    0x0800a93e   0x00000002   PAD
    0x0800a940   0x000000cc   Code   RO         3822    i.USART_Init        stm32l1xx_usart.o
    0x0800aa0c   0x0000000a   Code   RO         3829    i.USART_ReceiveData  stm32l1xx_usart.o
    0x0800aa16   0x00000008   Code   RO         3832    i.USART_SendData    stm32l1xx_usart.o
    0x0800aa1e   0x00000002   PAD
    0x0800aa20   0x000000f8   Code   RO         5542    i.UpLoadApp         menu.o
    0x0800ab18   0x00000004   Code   RO         5129    i.UsageFault_Handler  stm32l1xx_it.o
    0x0800ab1c   0x00000574   Code   RO         5379    i.Variable_Flash    data.o
    0x0800b090   0x00000028   Code   RO         6973    i.__0sprintf        mc_w.l(printfa.o)
    0x0800b0b8   0x000000aa   Code   RO         7041    i.__kernel_poly     m_ws.l(poly.o)
    0x0800b162   0x00000002   PAD
    0x0800b164   0x00000010   Code   RO         7027    i.__mathlib_dbl_divzero  m_ws.l(dunder.o)
    0x0800b174   0x00000006   Code   RO         7028    i.__mathlib_dbl_infnan  m_ws.l(dunder.o)
    0x0800b17a   0x0000000c   Code   RO         7030    i.__mathlib_dbl_invalid  m_ws.l(dunder.o)
    0x0800b186   0x0000000e   Code   RO         7098    i.__scatterload_copy  mc_w.l(handlers.o)
    0x0800b194   0x00000002   Code   RO         7099    i.__scatterload_null  mc_w.l(handlers.o)
    0x0800b196   0x0000000e   Code   RO         7100    i.__scatterload_zeroinit  mc_w.l(handlers.o)
    0x0800b1a4   0x0000000c   Code   RO         7072    i.__set_errno       mc_w.l(errno.o)
    0x0800b1b0   0x00000164   Code   RO         6978    i._fp_digits        mc_w.l(printfa.o)
    0x0800b314   0x00000046   Code   RO         6679    i._init_box         RTX_CM3.LIB(rt_membox.o)
    0x0800b35a   0x00000002   PAD
    0x0800b35c   0x000006dc   Code   RO         6979    i._printf_core      mc_w.l(printfa.o)
    0x0800ba38   0x00000024   Code   RO         6980    i._printf_post_padding  mc_w.l(printfa.o)
    0x0800ba5c   0x0000002e   Code   RO         6981    i._printf_pre_padding  mc_w.l(printfa.o)
    0x0800ba8a   0x0000000a   Code   RO         6983    i._sputc            mc_w.l(printfa.o)
    0x0800ba94   0x00000050   Code   RO         5543    i.buddleSort        menu.o
    0x0800bae4   0x00000044   Code   RO         4549    i.close_socket      m5311.o
    0x0800bb28   0x00000058   Code   RO         4551    i.creat_UDP_socket  m5311.o
    0x0800bb80   0x00000030   Code   RO         6423    i.dbg_init          RTX_CM3.LIB(hal_cm3.o)
    0x0800bbb0   0x00000020   Code   RO         6424    i.dbg_task_notify   RTX_CM3.LIB(hal_cm3.o)
    0x0800bbd0   0x00000010   Code   RO         6425    i.dbg_task_switch   RTX_CM3.LIB(hal_cm3.o)
    0x0800bbe0   0x0000001e   Code   RO         4906    i.delay_ms          drive.o
    0x0800bbfe   0x00000002   PAD
    0x0800bc00   0x00000028   Code   RO         6347    i.isr_evt_set       RTX_CM3.LIB(rt_event.o)
    0x0800bc28   0x0000035c   Code   RO         6712    i.log               m_ws.l(log.o)
    0x0800bf84   0x00000124   Code   RO         5235    i.main              main.o
    0x0800c0a8   0x00000010   Code   RO         5923    i.opt3001_REG       opt3001.o
    0x0800c0b8   0x00000010   Code   RO         5924    i.opt3001_device_id  opt3001.o
    0x0800c0c8   0x0000001e   Code   RO         5925    i.opt3001_limDown   opt3001.o
    0x0800c0e6   0x0000001e   Code   RO         5926    i.opt3001_limUp     opt3001.o
    0x0800c104   0x00000010   Code   RO         5927    i.opt3001_manufacturer_id  opt3001.o
    0x0800c114   0x0000000c   Code   RO          191    i.os_error          rtx_conf_cm.o
    0x0800c120   0x00000174   Code   RO          192    i.os_idle_demon     rtx_conf_cm.o
    0x0800c294   0x00000028   Code   RO         6259    i.os_tick_init      RTX_CM3.LIB(rt_system.o)
    0x0800c2bc   0x00000002   Code   RO         6260    i.os_tick_irqack    RTX_CM3.LIB(rt_system.o)
    0x0800c2be   0x00000002   Code   RO          193    i.os_tmr_call       rtx_conf_cm.o
    0x0800c2c0   0x0000001a   Code   RO         6680    i.rt_alloc_box      RTX_CM3.LIB(rt_membox.o)
    0x0800c2da   0x00000002   PAD
    0x0800c2dc   0x00000038   Code   RO         6159    i.rt_block          RTX_CM3.LIB(rt_task.o)
    0x0800c314   0x00000002   Code   RO          194    i.rt_chk_robin      rtx_conf_cm.o
    0x0800c316   0x00000002   PAD
    0x0800c318   0x00000074   Code   RO         6463    i.rt_dec_dly        RTX_CM3.LIB(rt_list.o)
    0x0800c38c   0x00000044   Code   RO         6160    i.rt_dispatch       RTX_CM3.LIB(rt_task.o)
    0x0800c3d0   0x00000006   Code   RO         6389    i.rt_dly_wait       RTX_CM3.LIB(rt_time.o)
    0x0800c3d6   0x00000002   PAD
    0x0800c3d8   0x0000000c   Code   RO         6349    i.rt_evt_get        RTX_CM3.LIB(rt_event.o)
    0x0800c3e4   0x0000004c   Code   RO         6350    i.rt_evt_psh        RTX_CM3.LIB(rt_event.o)
    0x0800c430   0x00000060   Code   RO         6351    i.rt_evt_set        RTX_CM3.LIB(rt_event.o)
    0x0800c490   0x0000003c   Code   RO         6352    i.rt_evt_wait       RTX_CM3.LIB(rt_event.o)
    0x0800c4cc   0x00000020   Code   RO         6681    i.rt_free_box       RTX_CM3.LIB(rt_membox.o)
    0x0800c4ec   0x00000028   Code   RO         6464    i.rt_get_first      RTX_CM3.LIB(rt_list.o)
    0x0800c514   0x0000004c   Code   RO         6161    i.rt_init_context   RTX_CM3.LIB(rt_task.o)
    0x0800c560   0x00000002   Code   RO          195    i.rt_init_robin     rtx_conf_cm.o
    0x0800c562   0x00000002   PAD
    0x0800c564   0x00000050   Code   RO         6426    i.rt_init_stack     RTX_CM3.LIB(hal_cm3.o)
    0x0800c5b4   0x000000d4   Code   RO         6546    i.rt_mbx_psh        RTX_CM3.LIB(rt_mailbox.o)
    0x0800c688   0x0000007c   Code   RO         6261    i.rt_pop_req        RTX_CM3.LIB(rt_system.o)
    0x0800c704   0x00000020   Code   RO         6262    i.rt_psh_req        RTX_CM3.LIB(rt_system.o)
    0x0800c724   0x0000005c   Code   RO         6466    i.rt_psq_enq        RTX_CM3.LIB(rt_list.o)
    0x0800c780   0x00000048   Code   RO         6467    i.rt_put_dly        RTX_CM3.LIB(rt_list.o)
    0x0800c7c8   0x00000036   Code   RO         6468    i.rt_put_prio       RTX_CM3.LIB(rt_list.o)
    0x0800c7fe   0x00000002   PAD
    0x0800c800   0x00000014   Code   RO         6469    i.rt_put_rdy_first  RTX_CM3.LIB(rt_list.o)
    0x0800c814   0x000000b0   Code   RO         6263    i.rt_resume         RTX_CM3.LIB(rt_system.o)
    0x0800c8c4   0x00000028   Code   RO         6471    i.rt_rmv_dly        RTX_CM3.LIB(rt_list.o)
    0x0800c8ec   0x00000030   Code   RO         6472    i.rt_rmv_list       RTX_CM3.LIB(rt_list.o)
    0x0800c91c   0x00000034   Code   RO         6596    i.rt_sem_psh        RTX_CM3.LIB(rt_semaphore.o)
    0x0800c950   0x00000024   Code   RO         6264    i.rt_stk_check      RTX_CM3.LIB(rt_system.o)
    0x0800c974   0x0000002c   Code   RO         6265    i.rt_suspend        RTX_CM3.LIB(rt_system.o)
    0x0800c9a0   0x00000028   Code   RO         6162    i.rt_switch_req     RTX_CM3.LIB(rt_task.o)
    0x0800c9c8   0x00000154   Code   RO         6163    i.rt_sys_init       RTX_CM3.LIB(rt_task.o)
    0x0800cb1c   0x00000040   Code   RO         6266    i.rt_systick        RTX_CM3.LIB(rt_system.o)
    0x0800cb5c   0x00000040   Code   RO         6632    i.rt_tmr_tick       RTX_CM3.LIB(rt_timer.o)
    0x0800cb9c   0x00000090   Code   RO         6164    i.rt_tsk_create     RTX_CM3.LIB(rt_task.o)
    0x0800cc2c   0x0000016c   Code   RO         6165    i.rt_tsk_delete     RTX_CM3.LIB(rt_task.o)
    0x0800cd98   0x00000050   Code   RO         6267    i.rt_tsk_lock       RTX_CM3.LIB(rt_system.o)
    0x0800cde8   0x00000050   Code   RO         6268    i.rt_tsk_unlock     RTX_CM3.LIB(rt_system.o)
    0x0800ce38   0x00000070   Code   RO         4555    i.send_UDP_msg      m5311.o
    0x0800cea8   0x00000078   Code   RO         4343    i.set_pixel         led_drive.o
    0x0800cf20   0x00000158   Code   RO         5236    i.task_Net          main.o
    0x0800d078   0x000003f8   Code   RO         5237    i.task_RfReadSensor  main.o
    0x0800d470   0x0000006c   Code   RO         5238    i.task_initial      main.o
    0x0800d4dc   0x00000064   Code   RO         5239    i.task_main         main.o
    0x0800d540   0x00000030   Code   RO         4798    i.usart_send_str    usart.o
    0x0800d570   0x00000028   Data   RO          197    .constdata          rtx_conf_cm.o
    0x0800d598   0x00000b41   Data   RO         4108    .constdata          font7x14.o
    0x0800e0d9   0x00000bfd   Data   RO         4144    .constdata          font14x14.o
    0x0800ecd6   0x00000114   Data   RO         4186    .constdata          pic.o
    0x0800edea   0x0000005a   Data   RO         5337    .constdata          display.o
    0x0800ee44   0x00000001   Data   RO         5381    .constdata          data.o
    0x0800ee45   0x0000003c   Data   RO         5462    .constdata          fp_menu.o
    0x0800ee81   0x00000003   PAD
    0x0800ee84   0x00000978   Data   RO         5544    .constdata          menu.o
    0x0800f7fc   0x00000010   Data   RO         5835    .constdata          si24r1.o
    0x0800f80c   0x00000004   Data   RO         6269    .constdata          RTX_CM3.LIB(rt_system.o)
    0x0800f810   0x00000038   Data   RO         6713    .constdata          m_ws.l(log.o)
    0x0800f848   0x00000008   Data   RO         7043    .constdata          m_ws.l(qnan.o)
    0x0800f850   0x00000020   Data   RO         7096    Region$$Table       anon$$obj.o


    Execution Region RW_IRAM1 (Base: 0x20000000, Size: 0x00003d88, Max: 0x00004000, ABSOLUTE)

    Base Addr    Size         Type   Attr      Idx    E Section Name        Object

    0x20000000   0x00000008   Data   RW          198    .data               rtx_conf_cm.o
    0x20000008   0x00000019   Data   RW         2311    .data               stm32l1xx_rcc.o
    0x20000021   0x00000001   PAD
    0x20000022   0x00000005   Data   RW         4232    .data               key.o
    0x20000027   0x00000005   Data   RW         4558    .data               m5311.o
    0x2000002c   0x00000004   Data   RW         4800    .data               usart.o
    0x20000030   0x0000000a   Data   RW         4909    .data               drive.o
    0x2000003a   0x00000002   PAD
    0x2000003c   0x0000001c   Data   RW         5241    .data               main.o
    0x20000058   0x00000002   Data   RW         5338    .data               display.o
    0x2000005a   0x00000002   PAD
    0x2000005c   0x00000088   Data   RW         5382    .data               data.o
    0x200000e4   0x00000002   Data   RW         5463    .data               fp_menu.o
    0x200000e6   0x00000002   PAD
    0x200000e8   0x00000008   Data   RW         5545    .data               menu.o
    0x200000f0   0x00000004   Data   RW         5929    .data               opt3001.o
    0x200000f4   0x00000004   Data   RW         6065    .data               tmp112.o
    0x200000f8   0x00000008   Data   RW         6170    .data               RTX_CM3.LIB(rt_task.o)
    0x20000100   0x00000008   Data   RW         6270    .data               RTX_CM3.LIB(rt_system.o)
    0x20000108   0x00000004   Data   RW         6393    .data               RTX_CM3.LIB(rt_time.o)
    0x2000010c   0x00000001   Data   RW         6427    .data               RTX_CM3.LIB(hal_cm3.o)
    0x2000010d   0x00000003   PAD
    0x20000110   0x00000008   Data   RW         6633    .data               RTX_CM3.LIB(rt_timer.o)
    0x20000118   0x00000008   Data   RW         6659    .data               RTX_CM3.LIB(rt_robin.o)
    0x20000120   0x00000004   Data   RW         7073    .data               mc_w.l(errno.o)
    0x20000124   0x00000004   PAD
    0x20000128   0x00001a50   Zero   RW          196    .bss                rtx_conf_cm.o
    0x20001b78   0x00000400   Zero   RW         4344    .bss                led_drive.o
    0x20001f78   0x000001cc   Zero   RW         4556    .bss                m5311.o
    0x20002144   0x00000180   Zero   RW         4799    .bss                usart.o
    0x200022c4   0x0000003c   Zero   RW         4908    .bss                drive.o
    0x20002300   0x00001000   Zero   RW         5240    .bss                main.o
    0x20003300   0x0000061c   Zero   RW         5380    .bss                data.o
    0x2000391c   0x00000038   Zero   RW         6169    .bss                RTX_CM3.LIB(rt_task.o)
    0x20003954   0x00000030   Zero   RW         6473    .bss                RTX_CM3.LIB(rt_list.o)
    0x20003984   0x00000004   PAD
    0x20003988   0x00000400   Zero   RW            1    STACK               startup_stm32l1xx_md.o


==============================================================================

Image component sizes


      Code (inc. data)   RO Data    RW Data    ZI Data      Debug   Object Name

      3948        376          1        136       1564      12098   data.o
      1120        146         90          2          0       2987   display.o
      2278        208          0         10         60      14334   drive.o
       408          8       3069          0          0       4116   font14x14.o
         0          0          0          0          0       7304   font6x7.o
       210          8       2881          0          0       2523   font7x14.o
      1012         34         60          2          0       5365   fp_menu.o
      1196         46          0          5          0       8174   key.o
      1484         54          0          0       1024      10996   led_drive.o
      4724        858          0          5        460      20608   m5311.o
      1958        328          0         28       4096       7766   main.o
     16964       1892       2424          8          0      34262   menu.o
       160         32          0          0          0       1829   misc.o
      1250         58          0          4          0      10566   opt3001.o
         0          0        276          0          0        701   pic.o
       390         20         40          8       6736     212779   rtx_conf_cm.o
       932         68         16          0          0       6404   si24r1.o
        36          8        244          0       1024        792   startup_stm32l1xx_md.o
       558         16          0          0          0       5625   stm32l1xx_adc.o
        32          6          0          0          0        500   stm32l1xx_dbgmcu.o
       506         26          0          0          0       4719   stm32l1xx_dma.o
       184         16          0          0          0       1824   stm32l1xx_exti.o
       306         22          0          0          0       3884   stm32l1xx_flash.o
       228          0          0          0          0       3115   stm32l1xx_gpio.o
       540         84          0          0          0       6354   stm32l1xx_it.o
         2          0          0          0          0        409   stm32l1xx_iwdg.o
       120         26          0          0          0       1971   stm32l1xx_pwr.o
       572         78          0         25          0       7421   stm32l1xx_rcc.o
      1266         74          0          0          0       9214   stm32l1xx_rtc.o
       200         12          0          0          0       3403   stm32l1xx_spi.o
        64          4          0          0          0        576   stm32l1xx_syscfg.o
       178         20          0          0          0       3094   stm32l1xx_tim.o
       460          6          0          0          0       5423   stm32l1xx_usart.o
       380         36          0          0          0      86693   system_stm32l1xx.o
      1216         62          0          4          0       7972   tmp112.o
       292         14          0          4        384       2326   usart.o

    ----------------------------------------------------------------------
     45214       4646       9136        248      15348     518127   Object Totals
         0          0         32          0          0          0   (incl. Generated)
        40          0          3          7          0          0   (incl. Padding)

    ----------------------------------------------------------------------

      Code (inc. data)   RO Data    RW Data    ZI Data      Debug   Library Member Name

       516         56          0          1          0       2793   hal_cm3.o
       284         24          0          0          0       2819   rt_event.o
       482         28          0          0         48       7204   rt_list.o
       212          6          0          0          0        781   rt_mailbox.o
       128          0          0          0          0       1785   rt_membox.o
         0          0          0          8          0        179   rt_robin.o
        52          6          0          0          0        537   rt_semaphore.o
       678        102          4          8          0       5677   rt_system.o
      1088        154          0          8         56       7262   rt_task.o
         6          0          0          4          0        576   rt_time.o
        64          8          0          8          0        631   rt_timer.o
         4          4          0          0          0        168   svc_table.o
        34          4          0          0          0        204   dunder.o
       860         52         56          0          0        256   log.o
       170          0          0          0          0         96   poly.o
         0          0          8          0          0          0   qnan.o
         0          0          0          0          0          0   entry.o
         0          0          0          0          0          0   entry10a.o
         0          0          0          0          0          0   entry11a.o
         8          4          0          0          0          0   entry2.o
         4          0          0          0          0          0   entry5.o
         0          0          0          0          0          0   entry7b.o
         0          0          0          0          0          0   entry8b.o
         8          4          0          0          0          0   entry9a.o
        12          6          0          4          0         68   errno.o
        30          0          0          0          0          0   handlers.o
        36          8          0          0          0         68   init.o
         0          0          0          0          0          0   iusefp.o
        30          0          0          0          0         68   llshl.o
        36          0          0          0          0         68   llsshr.o
        32          0          0          0          0         68   llushr.o
        36          0          0          0          0        108   memseta.o
      2244         86          0          0          0        512   printfa.o
        28          0          0          0          0         76   strcmp.o
        18          0          0          0          0         68   strcpy.o
        14          0          0          0          0         68   strlen.o
        36          0          0          0          0         80   strstr.o
        44          0          0          0          0         80   uidiv.o
        98          0          0          0          0         92   uldiv.o
        48          0          0          0          0         68   cdcmple.o
        48          0          0          0          0         68   cdrcmple.o
        56          0          0          0          0         88   d2f.o
       334          0          0          0          0        148   dadd.o
       222          0          0          0          0        100   ddiv.o
       186          0          0          0          0        176   depilogue.o
        62          0          0          0          0         80   dfixi.o
        50          0          0          0          0         76   dfixui.o
        48          0          0          0          0         68   dfixul.o
        34          0          0          0          0         76   dflti.o
        26          0          0          0          0         76   dfltui.o
       228          0          0          0          0         96   dmul.o
        46          0          0          0          0         80   dscalb.o
        38          0          0          0          0         68   f2d.o
       124          0          0          0          0         88   fdiv.o
       110          0          0          0          0        168   fepilogue.o
        50          0          0          0          0         68   ffixi.o
        40          0          0          0          0         68   ffixui.o
        18          0          0          0          0         68   fflti.o
        10          0          0          0          0         68   ffltui.o
       100          0          0          0          0         76   fmul.o

    ----------------------------------------------------------------------
      9182        552         68         44        112      34264   Library Totals
        12          0          0          3          8          0   (incl. Padding)

    ----------------------------------------------------------------------

      Code (inc. data)   RO Data    RW Data    ZI Data      Debug   Library Name

      3514        388          4         37        104      30412   RTX_CM3.LIB
      1064         56         64          0          0        556   m_ws.l
      2714        108          0          4          0       1424   mc_w.l
      1878          0          0          0          0       1872   mf_w.l

    ----------------------------------------------------------------------
      9182        552         68         44        112      34264   Library Totals

    ----------------------------------------------------------------------

==============================================================================


      Code (inc. data)   RO Data    RW Data    ZI Data      Debug   

     54396       5198       9204        292      15460     532315   Grand Totals
     54396       5198       9204        292      15460     532315   ELF Image Totals
     54396       5198       9204        292          0          0   ROM Totals

==============================================================================

    Total RO  Size (Code + RO Data)                63600 (  62.11kB)
    Total RW  Size (RW Data + ZI Data)             15752 (  15.38kB)
    Total ROM Size (Code + RO Data + RW Data)      63892 (  62.39kB)

==============================================================================

