<!doctype html public "-//w3c//dtd html 4.0 transitional//en">
<html><head>
<title>Static Call Graph - [.\RVMDK\M5311-V3.axf]</title></head>
<body><HR>
<H1>Static Call Graph for image .\RVMDK\M5311-V3.axf</H1><HR>
<BR><P>#&#060CALLGRAPH&#062# ARM Linker, 5050106: Last Updated: Mon Mar 09 15:38:18 2020
<BR><P>
<H3>Maximum Stack Usage =       2292 bytes + Unknown(Cycles, Untraceable Function Pointers)</H3><H3>
Call chain for Maximum Stack Depth:</H3>
task_Net &rArr; M5311_Send_alarm &rArr; M5311_UDPSend_ALARMData &rArr; M5311_UDPSend_InfData_ALARM &rArr; send_UDP_msg &rArr; M5311_send_cmd &rArr; M5311_check_ack &rArr; strstr
<P>
<H3>
Mutually Recursive functions
</H3> <LI><a href="#[1c]">ADC1_IRQHandler</a>&nbsp;&nbsp;&nbsp;&rArr;&nbsp;&nbsp;&nbsp;<a href="#[1c]">ADC1_IRQHandler</a><BR>
 <LI><a href="#[38]">rt_alloc_box</a>&nbsp;&nbsp;&nbsp;&rArr;&nbsp;&nbsp;&nbsp;<a href="#[38]">rt_alloc_box</a><BR>
 <LI><a href="#[d6]">Show_Menu_List</a>&nbsp;&nbsp;&nbsp;&rArr;&nbsp;&nbsp;&nbsp;<a href="#[d6]">Show_Menu_List</a><BR>
</UL>
<P>
<H3>
Function Pointers
</H3><UL>
 <LI><a href="#[1c]">ADC1_IRQHandler</a> from startup_stm32l1xx_md.o(.text) referenced from startup_stm32l1xx_md.o(RESET)
 <LI><a href="#[4]">BusFault_Handler</a> from stm32l1xx_it.o(i.BusFault_Handler) referenced from startup_stm32l1xx_md.o(RESET)
 <LI><a href="#[20]">COMP_IRQHandler</a> from startup_stm32l1xx_md.o(.text) referenced from startup_stm32l1xx_md.o(RESET)
 <LI><a href="#[66]">Clear_Alarm_Inf</a> from menu.o(i.Clear_Alarm_Inf) referenced from menu.o(.constdata)
 <LI><a href="#[5d]">Close_T_Start</a> from menu.o(i.Close_T_Start) referenced from menu.o(.constdata)
 <LI><a href="#[4e]">Close_Upload_Start</a> from menu.o(i.Close_Upload_Start) referenced from menu.o(.constdata)
 <LI><a href="#[60]">Close_Water_Level_Start</a> from menu.o(i.Close_Water_Level_Start) referenced from menu.o(.constdata)
 <LI><a href="#[1f]">DAC_IRQHandler</a> from startup_stm32l1xx_md.o(.text) referenced from startup_stm32l1xx_md.o(RESET)
 <LI><a href="#[15]">DMA1_Channel1_IRQHandler</a> from drive.o(i.DMA1_Channel1_IRQHandler) referenced from startup_stm32l1xx_md.o(RESET)
 <LI><a href="#[16]">DMA1_Channel2_IRQHandler</a> from startup_stm32l1xx_md.o(.text) referenced from startup_stm32l1xx_md.o(RESET)
 <LI><a href="#[17]">DMA1_Channel3_IRQHandler</a> from startup_stm32l1xx_md.o(.text) referenced from startup_stm32l1xx_md.o(RESET)
 <LI><a href="#[18]">DMA1_Channel4_IRQHandler</a> from startup_stm32l1xx_md.o(.text) referenced from startup_stm32l1xx_md.o(RESET)
 <LI><a href="#[19]">DMA1_Channel5_IRQHandler</a> from startup_stm32l1xx_md.o(.text) referenced from startup_stm32l1xx_md.o(RESET)
 <LI><a href="#[1a]">DMA1_Channel6_IRQHandler</a> from startup_stm32l1xx_md.o(.text) referenced from startup_stm32l1xx_md.o(RESET)
 <LI><a href="#[1b]">DMA1_Channel7_IRQHandler</a> from startup_stm32l1xx_md.o(.text) referenced from startup_stm32l1xx_md.o(RESET)
 <LI><a href="#[7]">DebugMon_Handler</a> from stm32l1xx_it.o(i.DebugMon_Handler) referenced from startup_stm32l1xx_md.o(RESET)
 <LI><a href="#[54]">Del_Move_Mode_Number</a> from menu.o(i.Del_Move_Mode_Number) referenced from menu.o(.constdata)
 <LI><a href="#[5a]">Del_Smoke_Mode_Number</a> from menu.o(i.Del_Smoke_Mode_Number) referenced from menu.o(.constdata)
 <LI><a href="#[51]">Del_Temp_Mode_Number</a> from menu.o(i.Del_Temp_Mode_Number) referenced from menu.o(.constdata)
 <LI><a href="#[57]">Del_Water_Mode_Number</a> from menu.o(i.Del_Water_Mode_Number) referenced from menu.o(.constdata)
 <LI><a href="#[10]">EXTI0_IRQHandler</a> from stm32l1xx_it.o(i.EXTI0_IRQHandler) referenced from startup_stm32l1xx_md.o(RESET)
 <LI><a href="#[32]">EXTI15_10_IRQHandler</a> from startup_stm32l1xx_md.o(.text) referenced from startup_stm32l1xx_md.o(RESET)
 <LI><a href="#[11]">EXTI1_IRQHandler</a> from stm32l1xx_it.o(i.EXTI1_IRQHandler) referenced from startup_stm32l1xx_md.o(RESET)
 <LI><a href="#[12]">EXTI2_IRQHandler</a> from stm32l1xx_it.o(i.EXTI2_IRQHandler) referenced from startup_stm32l1xx_md.o(RESET)
 <LI><a href="#[13]">EXTI3_IRQHandler</a> from startup_stm32l1xx_md.o(.text) referenced from startup_stm32l1xx_md.o(RESET)
 <LI><a href="#[14]">EXTI4_IRQHandler</a> from startup_stm32l1xx_md.o(.text) referenced from startup_stm32l1xx_md.o(RESET)
 <LI><a href="#[21]">EXTI9_5_IRQHandler</a> from stm32l1xx_it.o(i.EXTI9_5_IRQHandler) referenced from startup_stm32l1xx_md.o(RESET)
 <LI><a href="#[e]">FLASH_IRQHandler</a> from startup_stm32l1xx_md.o(.text) referenced from startup_stm32l1xx_md.o(RESET)
 <LI><a href="#[2]">HardFault_Handler</a> from stm32l1xx_it.o(i.HardFault_Handler) referenced from startup_stm32l1xx_md.o(RESET)
 <LI><a href="#[2a]">I2C1_ER_IRQHandler</a> from startup_stm32l1xx_md.o(.text) referenced from startup_stm32l1xx_md.o(RESET)
 <LI><a href="#[29]">I2C1_EV_IRQHandler</a> from startup_stm32l1xx_md.o(.text) referenced from startup_stm32l1xx_md.o(RESET)
 <LI><a href="#[2c]">I2C2_ER_IRQHandler</a> from startup_stm32l1xx_md.o(.text) referenced from startup_stm32l1xx_md.o(RESET)
 <LI><a href="#[2b]">I2C2_EV_IRQHandler</a> from startup_stm32l1xx_md.o(.text) referenced from startup_stm32l1xx_md.o(RESET)
 <LI><a href="#[22]">LCD_IRQHandler</a> from startup_stm32l1xx_md.o(.text) referenced from startup_stm32l1xx_md.o(RESET)
 <LI><a href="#[3]">MemManage_Handler</a> from stm32l1xx_it.o(i.MemManage_Handler) referenced from startup_stm32l1xx_md.o(RESET)
 <LI><a href="#[4f]">NB_Status</a> from menu.o(i.NB_Status) referenced from menu.o(.constdata)
 <LI><a href="#[1]">NMI_Handler</a> from stm32l1xx_it.o(i.NMI_Handler) referenced from startup_stm32l1xx_md.o(RESET)
 <LI><a href="#[5c]">Open_T_Start</a> from menu.o(i.Open_T_Start) referenced from menu.o(.constdata)
 <LI><a href="#[4d]">Open_Upload_Start</a> from menu.o(i.Open_Upload_Start) referenced from menu.o(.constdata)
 <LI><a href="#[5f]">Open_Water_Level_Start</a> from menu.o(i.Open_Water_Level_Start) referenced from menu.o(.constdata)
 <LI><a href="#[b]">PVD_IRQHandler</a> from startup_stm32l1xx_md.o(.text) referenced from startup_stm32l1xx_md.o(RESET)
 <LI><a href="#[8]">PendSV_Handler</a> from hal_cm3.o(.emb_text) referenced from startup_stm32l1xx_md.o(RESET)
 <LI><a href="#[6a]">Query_online_device</a> from menu.o(i.Query_online_device) referenced from menu.o(.constdata)
 <LI><a href="#[f]">RCC_IRQHandler</a> from startup_stm32l1xx_md.o(.text) referenced from startup_stm32l1xx_md.o(RESET)
 <LI><a href="#[33]">RTC_Alarm_IRQHandler</a> from stm32l1xx_it.o(i.RTC_Alarm_IRQHandler) referenced from startup_stm32l1xx_md.o(RESET)
 <LI><a href="#[d]">RTC_WKUP_IRQHandler</a> from stm32l1xx_it.o(i.RTC_WKUP_IRQHandler) referenced from startup_stm32l1xx_md.o(RESET)
 <LI><a href="#[55]">Read_Move_Mode_Number</a> from menu.o(i.Read_Move_Mode_Number) referenced from menu.o(.constdata)
 <LI><a href="#[5b]">Read_Smoke_Mode_Number</a> from menu.o(i.Read_Smoke_Mode_Number) referenced from menu.o(.constdata)
 <LI><a href="#[52]">Read_Temp_Mode_Number</a> from menu.o(i.Read_Temp_Mode_Number) referenced from menu.o(.constdata)
 <LI><a href="#[58]">Read_Water_Mode_Number</a> from menu.o(i.Read_Water_Mode_Number) referenced from menu.o(.constdata)
 <LI><a href="#[0]">Reset_Handler</a> from startup_stm32l1xx_md.o(.text) referenced from startup_stm32l1xx_md.o(RESET)
 <LI><a href="#[2d]">SPI1_IRQHandler</a> from startup_stm32l1xx_md.o(.text) referenced from startup_stm32l1xx_md.o(RESET)
 <LI><a href="#[2e]">SPI2_IRQHandler</a> from startup_stm32l1xx_md.o(.text) referenced from startup_stm32l1xx_md.o(RESET)
 <LI><a href="#[6]">SVC_Handler</a> from hal_cm3.o(.emb_text) referenced from startup_stm32l1xx_md.o(RESET)
 <LI><a href="#[62]">Server_Inf_Set</a> from menu.o(i.Server_Inf_Set) referenced from menu.o(.constdata)
 <LI><a href="#[61]">Server_Inf_Show</a> from menu.o(i.Server_Inf_Show) referenced from menu.o(.constdata)
 <LI><a href="#[67]">Set_Interval</a> from menu.o(i.Set_Interval) referenced from menu.o(.constdata)
 <LI><a href="#[53]">Set_Move_Mode_Number</a> from menu.o(i.Set_Move_Mode_Number) referenced from menu.o(.constdata)
 <LI><a href="#[65]">Set_Number</a> from menu.o(i.Set_Number) referenced from menu.o(.constdata)
 <LI><a href="#[64]">Set_RFChannelForLinkMove</a> from menu.o(i.Set_RFChannelForLinkMove) referenced from menu.o(.constdata)
 <LI><a href="#[63]">Set_RFChannelForLinkTemp</a> from menu.o(i.Set_RFChannelForLinkTemp) referenced from menu.o(.constdata)
 <LI><a href="#[68]">Set_Sample_Interval</a> from menu.o(i.Set_Sample_Interval) referenced from menu.o(.constdata)
 <LI><a href="#[6b]">Set_Sensitivity</a> from menu.o(i.Set_Sensitivity) referenced from menu.o(.constdata)
 <LI><a href="#[59]">Set_Smoke_Mode_Number</a> from menu.o(i.Set_Smoke_Mode_Number) referenced from menu.o(.constdata)
 <LI><a href="#[5e]">Set_T_Interval</a> from menu.o(i.Set_T_Interval) referenced from menu.o(.constdata)
 <LI><a href="#[50]">Set_Temp_Mode_Number</a> from menu.o(i.Set_Temp_Mode_Number) referenced from menu.o(.constdata)
 <LI><a href="#[4b]">Set_TestNum</a> from menu.o(i.Set_TestNum) referenced from menu.o(.constdata)
 <LI><a href="#[56]">Set_Water_Mode_Number</a> from menu.o(i.Set_Water_Mode_Number) referenced from menu.o(.constdata)
 <LI><a href="#[6c]">ShowVersion</a> from menu.o(i.ShowVersion) referenced from menu.o(.constdata)
 <LI><a href="#[9]">SysTick_Handler</a> from hal_cm3.o(.emb_text) referenced from startup_stm32l1xx_md.o(RESET)
 <LI><a href="#[3a]">SystemInit</a> from system_stm32l1xx.o(i.SystemInit) referenced from startup_stm32l1xx_md.o(.text)
 <LI><a href="#[69]">System_Inf_State</a> from menu.o(i.System_Inf_State) referenced from menu.o(.constdata)
 <LI><a href="#[c]">TAMPER_STAMP_IRQHandler</a> from startup_stm32l1xx_md.o(.text) referenced from startup_stm32l1xx_md.o(RESET)
 <LI><a href="#[24]">TIM10_IRQHandler</a> from startup_stm32l1xx_md.o(.text) referenced from startup_stm32l1xx_md.o(RESET)
 <LI><a href="#[25]">TIM11_IRQHandler</a> from startup_stm32l1xx_md.o(.text) referenced from startup_stm32l1xx_md.o(RESET)
 <LI><a href="#[26]">TIM2_IRQHandler</a> from stm32l1xx_it.o(i.TIM2_IRQHandler) referenced from startup_stm32l1xx_md.o(RESET)
 <LI><a href="#[27]">TIM3_IRQHandler</a> from drive.o(i.TIM3_IRQHandler) referenced from startup_stm32l1xx_md.o(RESET)
 <LI><a href="#[28]">TIM4_IRQHandler</a> from startup_stm32l1xx_md.o(.text) referenced from startup_stm32l1xx_md.o(RESET)
 <LI><a href="#[35]">TIM6_IRQHandler</a> from startup_stm32l1xx_md.o(.text) referenced from startup_stm32l1xx_md.o(RESET)
 <LI><a href="#[36]">TIM7_IRQHandler</a> from startup_stm32l1xx_md.o(.text) referenced from startup_stm32l1xx_md.o(RESET)
 <LI><a href="#[23]">TIM9_IRQHandler</a> from startup_stm32l1xx_md.o(.text) referenced from startup_stm32l1xx_md.o(RESET)
 <LI><a href="#[4c]">Test_Status</a> from menu.o(i.Test_Status) referenced from menu.o(.constdata)
 <LI><a href="#[2f]">USART1_IRQHandler</a> from startup_stm32l1xx_md.o(.text) referenced from startup_stm32l1xx_md.o(RESET)
 <LI><a href="#[30]">USART2_IRQHandler</a> from stm32l1xx_it.o(i.USART2_IRQHandler) referenced from startup_stm32l1xx_md.o(RESET)
 <LI><a href="#[31]">USART3_IRQHandler</a> from stm32l1xx_it.o(i.USART3_IRQHandler) referenced from startup_stm32l1xx_md.o(RESET)
 <LI><a href="#[34]">USB_FS_WKUP_IRQHandler</a> from startup_stm32l1xx_md.o(.text) referenced from startup_stm32l1xx_md.o(RESET)
 <LI><a href="#[1d]">USB_HP_IRQHandler</a> from startup_stm32l1xx_md.o(.text) referenced from startup_stm32l1xx_md.o(RESET)
 <LI><a href="#[1e]">USB_LP_IRQHandler</a> from startup_stm32l1xx_md.o(.text) referenced from startup_stm32l1xx_md.o(RESET)
 <LI><a href="#[6d]">UpLoadApp</a> from menu.o(i.UpLoadApp) referenced from menu.o(.constdata)
 <LI><a href="#[5]">UsageFault_Handler</a> from stm32l1xx_it.o(i.UsageFault_Handler) referenced from startup_stm32l1xx_md.o(RESET)
 <LI><a href="#[a]">WWDG_IRQHandler</a> from startup_stm32l1xx_md.o(.text) referenced from startup_stm32l1xx_md.o(RESET)
 <LI><a href="#[3b]">__main</a> from entry.o(.ARM.Collect$$$$00000000) referenced from startup_stm32l1xx_md.o(.text)
 <LI><a href="#[3f]">_sputc</a> from printfa.o(i._sputc) referenced from printfa.o(i.__0sprintf)
 <LI><a href="#[37]">main</a> from main.o(i.main) referenced from entry9a.o(.ARM.Collect$$$$0000000B)
 <LI><a href="#[44]">os_idle_demon</a> from rtx_conf_cm.o(i.os_idle_demon) referenced from rt_task.o(i.rt_sys_init)
 <LI><a href="#[38]">rt_alloc_box</a> from rt_membox.o(i.rt_alloc_box) referenced from hal_cm3.o(.emb_text)
 <LI><a href="#[3e]">rt_dly_wait</a> from rt_time.o(i.rt_dly_wait) referenced from m5311.o(i.Get_M5311Inf)
 <LI><a href="#[3e]">rt_dly_wait</a> from rt_time.o(i.rt_dly_wait) referenced from m5311.o(i.M5311_FailurePowerOn)
 <LI><a href="#[3e]">rt_dly_wait</a> from rt_time.o(i.rt_dly_wait) referenced from m5311.o(i.M5311_InitNetWork)
 <LI><a href="#[3e]">rt_dly_wait</a> from rt_time.o(i.rt_dly_wait) referenced from m5311.o(i.M5311_InitPowerOn)
 <LI><a href="#[3e]">rt_dly_wait</a> from rt_time.o(i.rt_dly_wait) referenced from m5311.o(i.M5311_PowerOn)
 <LI><a href="#[3e]">rt_dly_wait</a> from rt_time.o(i.rt_dly_wait) referenced from m5311.o(i.M5311_UDPSend_ALARMData)
 <LI><a href="#[3e]">rt_dly_wait</a> from rt_time.o(i.rt_dly_wait) referenced from m5311.o(i.M5311_UDPSend_InfData)
 <LI><a href="#[3e]">rt_dly_wait</a> from rt_time.o(i.rt_dly_wait) referenced from m5311.o(i.M5311_UDPSend_InfData_ALARM)
 <LI><a href="#[3e]">rt_dly_wait</a> from rt_time.o(i.rt_dly_wait) referenced from m5311.o(i.M5311_WakeUpPowerOn)
 <LI><a href="#[3e]">rt_dly_wait</a> from rt_time.o(i.rt_dly_wait) referenced from m5311.o(i.M5311_send_cmd)
 <LI><a href="#[3e]">rt_dly_wait</a> from rt_time.o(i.rt_dly_wait) referenced from led_drive.o(i.OLED_Init)
 <LI><a href="#[3e]">rt_dly_wait</a> from rt_time.o(i.rt_dly_wait) referenced from m5311.o(i.ResetM5311)
 <LI><a href="#[3e]">rt_dly_wait</a> from rt_time.o(i.rt_dly_wait) referenced from m5311.o(i.Set_M5311_Power)
 <LI><a href="#[3e]">rt_dly_wait</a> from rt_time.o(i.rt_dly_wait) referenced from menu.o(i.Set_Number)
 <LI><a href="#[3e]">rt_dly_wait</a> from rt_time.o(i.rt_dly_wait) referenced from menu.o(i.Set_RFChannelForLinkMove)
 <LI><a href="#[3e]">rt_dly_wait</a> from rt_time.o(i.rt_dly_wait) referenced from menu.o(i.Set_RFChannelForLinkTemp)
 <LI><a href="#[3e]">rt_dly_wait</a> from rt_time.o(i.rt_dly_wait) referenced from menu.o(i.System_Inf_State)
 <LI><a href="#[3e]">rt_dly_wait</a> from rt_time.o(i.rt_dly_wait) referenced from main.o(i.task_Net)
 <LI><a href="#[3e]">rt_dly_wait</a> from rt_time.o(i.rt_dly_wait) referenced from main.o(i.task_RfReadSensor)
 <LI><a href="#[3d]">rt_evt_get</a> from rt_event.o(i.rt_evt_get) referenced from menu.o(i.Clear_Alarm_Inf)
 <LI><a href="#[3d]">rt_evt_get</a> from rt_event.o(i.rt_evt_get) referenced from menu.o(i.Del_Move_Mode_Number)
 <LI><a href="#[3d]">rt_evt_get</a> from rt_event.o(i.rt_evt_get) referenced from menu.o(i.Del_Smoke_Mode_Number)
 <LI><a href="#[3d]">rt_evt_get</a> from rt_event.o(i.rt_evt_get) referenced from menu.o(i.Del_Temp_Mode_Number)
 <LI><a href="#[3d]">rt_evt_get</a> from rt_event.o(i.rt_evt_get) referenced from menu.o(i.Del_Water_Mode_Number)
 <LI><a href="#[3d]">rt_evt_get</a> from rt_event.o(i.rt_evt_get) referenced from display.o(i.Display_Main_View)
 <LI><a href="#[3d]">rt_evt_get</a> from rt_event.o(i.rt_evt_get) referenced from menu.o(i.NB_Status)
 <LI><a href="#[3d]">rt_evt_get</a> from rt_event.o(i.rt_evt_get) referenced from menu.o(i.Query_online_device)
 <LI><a href="#[3d]">rt_evt_get</a> from rt_event.o(i.rt_evt_get) referenced from menu.o(i.Read_Move_Mode_Number)
 <LI><a href="#[3d]">rt_evt_get</a> from rt_event.o(i.rt_evt_get) referenced from menu.o(i.Read_Smoke_Mode_Number)
 <LI><a href="#[3d]">rt_evt_get</a> from rt_event.o(i.rt_evt_get) referenced from menu.o(i.Read_Temp_Mode_Number)
 <LI><a href="#[3d]">rt_evt_get</a> from rt_event.o(i.rt_evt_get) referenced from menu.o(i.Read_Water_Mode_Number)
 <LI><a href="#[3d]">rt_evt_get</a> from rt_event.o(i.rt_evt_get) referenced from menu.o(i.Server_Inf_Set)
 <LI><a href="#[3d]">rt_evt_get</a> from rt_event.o(i.rt_evt_get) referenced from menu.o(i.Server_Inf_Show)
 <LI><a href="#[3d]">rt_evt_get</a> from rt_event.o(i.rt_evt_get) referenced from menu.o(i.Set_Interval)
 <LI><a href="#[3d]">rt_evt_get</a> from rt_event.o(i.rt_evt_get) referenced from menu.o(i.Set_Move_Mode_Number)
 <LI><a href="#[3d]">rt_evt_get</a> from rt_event.o(i.rt_evt_get) referenced from menu.o(i.Set_Number)
 <LI><a href="#[3d]">rt_evt_get</a> from rt_event.o(i.rt_evt_get) referenced from menu.o(i.Set_RFChannelForLinkMove)
 <LI><a href="#[3d]">rt_evt_get</a> from rt_event.o(i.rt_evt_get) referenced from menu.o(i.Set_RFChannelForLinkTemp)
 <LI><a href="#[3d]">rt_evt_get</a> from rt_event.o(i.rt_evt_get) referenced from menu.o(i.Set_Sample_Interval)
 <LI><a href="#[3d]">rt_evt_get</a> from rt_event.o(i.rt_evt_get) referenced from menu.o(i.Set_Sensitivity)
 <LI><a href="#[3d]">rt_evt_get</a> from rt_event.o(i.rt_evt_get) referenced from menu.o(i.Set_Smoke_Mode_Number)
 <LI><a href="#[3d]">rt_evt_get</a> from rt_event.o(i.rt_evt_get) referenced from menu.o(i.Set_T_Interval)
 <LI><a href="#[3d]">rt_evt_get</a> from rt_event.o(i.rt_evt_get) referenced from menu.o(i.Set_Temp_Mode_Number)
 <LI><a href="#[3d]">rt_evt_get</a> from rt_event.o(i.rt_evt_get) referenced from menu.o(i.Set_TestNum)
 <LI><a href="#[3d]">rt_evt_get</a> from rt_event.o(i.rt_evt_get) referenced from menu.o(i.Set_Water_Mode_Number)
 <LI><a href="#[3d]">rt_evt_get</a> from rt_event.o(i.rt_evt_get) referenced from menu.o(i.ShowVersion)
 <LI><a href="#[3d]">rt_evt_get</a> from rt_event.o(i.rt_evt_get) referenced from fp_menu.o(i.Show_Menu_List)
 <LI><a href="#[3d]">rt_evt_get</a> from rt_event.o(i.rt_evt_get) referenced from menu.o(i.System_Inf_State)
 <LI><a href="#[3d]">rt_evt_get</a> from rt_event.o(i.rt_evt_get) referenced from menu.o(i.Test_Status)
 <LI><a href="#[3d]">rt_evt_get</a> from rt_event.o(i.rt_evt_get) referenced from menu.o(i.UpLoadApp)
 <LI><a href="#[3d]">rt_evt_get</a> from rt_event.o(i.rt_evt_get) referenced from main.o(i.task_Net)
 <LI><a href="#[3d]">rt_evt_get</a> from rt_event.o(i.rt_evt_get) referenced from main.o(i.task_main)
 <LI><a href="#[45]">rt_evt_set</a> from rt_event.o(i.rt_evt_set) referenced from main.o(i.task_RfReadSensor)
 <LI><a href="#[3c]">rt_evt_wait</a> from rt_event.o(i.rt_evt_wait) referenced from menu.o(i.Clear_Alarm_Inf)
 <LI><a href="#[3c]">rt_evt_wait</a> from rt_event.o(i.rt_evt_wait) referenced from menu.o(i.Del_Move_Mode_Number)
 <LI><a href="#[3c]">rt_evt_wait</a> from rt_event.o(i.rt_evt_wait) referenced from menu.o(i.Del_Smoke_Mode_Number)
 <LI><a href="#[3c]">rt_evt_wait</a> from rt_event.o(i.rt_evt_wait) referenced from menu.o(i.Del_Temp_Mode_Number)
 <LI><a href="#[3c]">rt_evt_wait</a> from rt_event.o(i.rt_evt_wait) referenced from menu.o(i.Del_Water_Mode_Number)
 <LI><a href="#[3c]">rt_evt_wait</a> from rt_event.o(i.rt_evt_wait) referenced from display.o(i.Display_Main_View)
 <LI><a href="#[3c]">rt_evt_wait</a> from rt_event.o(i.rt_evt_wait) referenced from menu.o(i.NB_Status)
 <LI><a href="#[3c]">rt_evt_wait</a> from rt_event.o(i.rt_evt_wait) referenced from menu.o(i.Query_online_device)
 <LI><a href="#[3c]">rt_evt_wait</a> from rt_event.o(i.rt_evt_wait) referenced from menu.o(i.Read_Move_Mode_Number)
 <LI><a href="#[3c]">rt_evt_wait</a> from rt_event.o(i.rt_evt_wait) referenced from menu.o(i.Read_Smoke_Mode_Number)
 <LI><a href="#[3c]">rt_evt_wait</a> from rt_event.o(i.rt_evt_wait) referenced from menu.o(i.Read_Temp_Mode_Number)
 <LI><a href="#[3c]">rt_evt_wait</a> from rt_event.o(i.rt_evt_wait) referenced from menu.o(i.Read_Water_Mode_Number)
 <LI><a href="#[3c]">rt_evt_wait</a> from rt_event.o(i.rt_evt_wait) referenced from menu.o(i.Server_Inf_Set)
 <LI><a href="#[3c]">rt_evt_wait</a> from rt_event.o(i.rt_evt_wait) referenced from menu.o(i.Server_Inf_Show)
 <LI><a href="#[3c]">rt_evt_wait</a> from rt_event.o(i.rt_evt_wait) referenced from menu.o(i.Set_Interval)
 <LI><a href="#[3c]">rt_evt_wait</a> from rt_event.o(i.rt_evt_wait) referenced from menu.o(i.Set_Move_Mode_Number)
 <LI><a href="#[3c]">rt_evt_wait</a> from rt_event.o(i.rt_evt_wait) referenced from menu.o(i.Set_Number)
 <LI><a href="#[3c]">rt_evt_wait</a> from rt_event.o(i.rt_evt_wait) referenced from menu.o(i.Set_RFChannelForLinkMove)
 <LI><a href="#[3c]">rt_evt_wait</a> from rt_event.o(i.rt_evt_wait) referenced from menu.o(i.Set_RFChannelForLinkTemp)
 <LI><a href="#[3c]">rt_evt_wait</a> from rt_event.o(i.rt_evt_wait) referenced from menu.o(i.Set_Sample_Interval)
 <LI><a href="#[3c]">rt_evt_wait</a> from rt_event.o(i.rt_evt_wait) referenced from menu.o(i.Set_Sensitivity)
 <LI><a href="#[3c]">rt_evt_wait</a> from rt_event.o(i.rt_evt_wait) referenced from menu.o(i.Set_Smoke_Mode_Number)
 <LI><a href="#[3c]">rt_evt_wait</a> from rt_event.o(i.rt_evt_wait) referenced from menu.o(i.Set_T_Interval)
 <LI><a href="#[3c]">rt_evt_wait</a> from rt_event.o(i.rt_evt_wait) referenced from menu.o(i.Set_Temp_Mode_Number)
 <LI><a href="#[3c]">rt_evt_wait</a> from rt_event.o(i.rt_evt_wait) referenced from menu.o(i.Set_TestNum)
 <LI><a href="#[3c]">rt_evt_wait</a> from rt_event.o(i.rt_evt_wait) referenced from menu.o(i.Set_Water_Mode_Number)
 <LI><a href="#[3c]">rt_evt_wait</a> from rt_event.o(i.rt_evt_wait) referenced from menu.o(i.ShowVersion)
 <LI><a href="#[3c]">rt_evt_wait</a> from rt_event.o(i.rt_evt_wait) referenced from fp_menu.o(i.Show_Menu_List)
 <LI><a href="#[3c]">rt_evt_wait</a> from rt_event.o(i.rt_evt_wait) referenced from menu.o(i.System_Inf_State)
 <LI><a href="#[3c]">rt_evt_wait</a> from rt_event.o(i.rt_evt_wait) referenced from menu.o(i.Test_Status)
 <LI><a href="#[3c]">rt_evt_wait</a> from rt_event.o(i.rt_evt_wait) referenced from menu.o(i.UpLoadApp)
 <LI><a href="#[3c]">rt_evt_wait</a> from rt_event.o(i.rt_evt_wait) referenced from main.o(i.task_Net)
 <LI><a href="#[3c]">rt_evt_wait</a> from rt_event.o(i.rt_evt_wait) referenced from main.o(i.task_main)
 <LI><a href="#[39]">rt_free_box</a> from rt_membox.o(i.rt_free_box) referenced from hal_cm3.o(.emb_text)
 <LI><a href="#[43]">rt_resume</a> from rt_system.o(i.rt_resume) referenced from rtx_conf_cm.o(i.os_idle_demon)
 <LI><a href="#[42]">rt_suspend</a> from rt_system.o(i.rt_suspend) referenced from rtx_conf_cm.o(i.os_idle_demon)
 <LI><a href="#[41]">rt_sys_init</a> from rt_task.o(i.rt_sys_init) referenced from main.o(i.main)
 <LI><a href="#[47]">rt_tsk_create</a> from rt_task.o(i.rt_tsk_create) referenced from main.o(i.task_initial)
 <LI><a href="#[4a]">rt_tsk_delete</a> from rt_task.o(i.rt_tsk_delete) referenced from main.o(i.task_initial)
 <LI><a href="#[48]">task_Net</a> from main.o(i.task_Net) referenced from main.o(i.task_initial)
 <LI><a href="#[46]">task_RfReadSensor</a> from main.o(i.task_RfReadSensor) referenced from main.o(i.task_initial)
 <LI><a href="#[40]">task_initial</a> from main.o(i.task_initial) referenced from main.o(i.main)
 <LI><a href="#[49]">task_main</a> from main.o(i.task_main) referenced from main.o(i.task_initial)
</UL>
<P>
<H3>
Global Symbols
</H3>
<P><STRONG><a name="[3b]"></a>__main</STRONG> (Thumb, 0 bytes, Stack size unknown bytes, entry.o(.ARM.Collect$$$$00000000))
<BR>[Address Reference Count : 1]<UL><LI> startup_stm32l1xx_md.o(.text)
</UL>
<P><STRONG><a name="[1c2]"></a>_main_stk</STRONG> (Thumb, 0 bytes, Stack size unknown bytes, entry2.o(.ARM.Collect$$$$00000001))

<P><STRONG><a name="[6e]"></a>_main_scatterload</STRONG> (Thumb, 0 bytes, Stack size unknown bytes, entry5.o(.ARM.Collect$$$$00000004))
<BR><BR>[Calls]<UL><LI><a href="#[6f]">&gt;&gt;</a>&nbsp;&nbsp;&nbsp;__scatterload
</UL>

<P><STRONG><a name="[8e]"></a>__main_after_scatterload</STRONG> (Thumb, 0 bytes, Stack size unknown bytes, entry5.o(.ARM.Collect$$$$00000004))
<BR><BR>[Called By]<UL><LI><a href="#[6f]">&gt;&gt;</a>&nbsp;&nbsp;&nbsp;__scatterload
</UL>

<P><STRONG><a name="[1c3]"></a>_main_clock</STRONG> (Thumb, 0 bytes, Stack size unknown bytes, entry7b.o(.ARM.Collect$$$$00000008))

<P><STRONG><a name="[1c4]"></a>_main_cpp_init</STRONG> (Thumb, 0 bytes, Stack size unknown bytes, entry8b.o(.ARM.Collect$$$$0000000A))

<P><STRONG><a name="[1c5]"></a>_main_init</STRONG> (Thumb, 0 bytes, Stack size unknown bytes, entry9a.o(.ARM.Collect$$$$0000000B))

<P><STRONG><a name="[1c6]"></a>__rt_final_cpp</STRONG> (Thumb, 0 bytes, Stack size unknown bytes, entry10a.o(.ARM.Collect$$$$0000000D))

<P><STRONG><a name="[1c7]"></a>__rt_final_exit</STRONG> (Thumb, 0 bytes, Stack size unknown bytes, entry11a.o(.ARM.Collect$$$$0000000F))

<P><STRONG><a name="[1b8]"></a>rt_set_PSP</STRONG> (Thumb, 6 bytes, Stack size 0 bytes, hal_cm3.o(.emb_text))
<BR><BR>[Called By]<UL><LI><a href="#[41]">&gt;&gt;</a>&nbsp;&nbsp;&nbsp;rt_sys_init
</UL>

<P><STRONG><a name="[1be]"></a>rt_get_PSP</STRONG> (Thumb, 6 bytes, Stack size 0 bytes, hal_cm3.o(.emb_text))
<BR><BR>[Called By]<UL><LI><a href="#[4a]">&gt;&gt;</a>&nbsp;&nbsp;&nbsp;rt_tsk_delete
</UL>

<P><STRONG><a name="[197]"></a>os_set_env</STRONG> (Thumb, 24 bytes, Stack size 0 bytes, hal_cm3.o(.emb_text))
<BR><BR>[Called By]<UL><LI><a href="#[37]">&gt;&gt;</a>&nbsp;&nbsp;&nbsp;main
</UL>

<P><STRONG><a name="[1c8]"></a>_alloc_box</STRONG> (Thumb, 28 bytes, Stack size 0 bytes, hal_cm3.o(.emb_text), UNUSED)

<P><STRONG><a name="[1c9]"></a>_free_box</STRONG> (Thumb, 28 bytes, Stack size 0 bytes, hal_cm3.o(.emb_text), UNUSED)

<P><STRONG><a name="[6]"></a>SVC_Handler</STRONG> (Thumb, 124 bytes, Stack size 0 bytes, hal_cm3.o(.emb_text))
<BR><BR>[Calls]<UL><LI><a href="#[70]">&gt;&gt;</a>&nbsp;&nbsp;&nbsp;rt_stk_check
</UL>
<BR>[Address Reference Count : 1]<UL><LI> startup_stm32l1xx_md.o(RESET)
</UL>
<P><STRONG><a name="[8]"></a>PendSV_Handler</STRONG> (Thumb, 76 bytes, Stack size 0 bytes, hal_cm3.o(.emb_text))
<BR><BR>[Stack]<UL><LI>Max Depth = 52<LI>Call Chain = PendSV_Handler &rArr; rt_pop_req &rArr; rt_mbx_psh &rArr; rt_put_prio
</UL>
<BR>[Calls]<UL><LI><a href="#[71]">&gt;&gt;</a>&nbsp;&nbsp;&nbsp;rt_pop_req
<LI><a href="#[70]">&gt;&gt;</a>&nbsp;&nbsp;&nbsp;rt_stk_check
</UL>
<BR>[Address Reference Count : 1]<UL><LI> startup_stm32l1xx_md.o(RESET)
</UL>
<P><STRONG><a name="[9]"></a>SysTick_Handler</STRONG> (Thumb, 8 bytes, Stack size 0 bytes, hal_cm3.o(.emb_text))
<BR><BR>[Stack]<UL><LI>Max Depth = 36<LI>Call Chain = SysTick_Handler &rArr; rt_systick &rArr; rt_dec_dly &rArr; rt_put_prio
</UL>
<BR>[Calls]<UL><LI><a href="#[72]">&gt;&gt;</a>&nbsp;&nbsp;&nbsp;rt_systick
</UL>
<BR>[Address Reference Count : 1]<UL><LI> startup_stm32l1xx_md.o(RESET)
</UL>
<P><STRONG><a name="[73]"></a>OS_Tick_Handler</STRONG> (Thumb, 12 bytes, Stack size 0 bytes, hal_cm3.o(.emb_text), UNUSED)
<BR><BR>[Calls]<UL><LI><a href="#[74]">&gt;&gt;</a>&nbsp;&nbsp;&nbsp;os_tick_irqack
<LI><a href="#[72]">&gt;&gt;</a>&nbsp;&nbsp;&nbsp;rt_systick
</UL>

<P><STRONG><a name="[0]"></a>Reset_Handler</STRONG> (Thumb, 8 bytes, Stack size 0 bytes, startup_stm32l1xx_md.o(.text))
<BR>[Address Reference Count : 1]<UL><LI> startup_stm32l1xx_md.o(RESET)
</UL>
<P><STRONG><a name="[1c]"></a>ADC1_IRQHandler</STRONG> (Thumb, 0 bytes, Stack size 0 bytes, startup_stm32l1xx_md.o(.text))
<BR><BR>[Calls]<UL><LI><a href="#[1c]">&gt;&gt;</a>&nbsp;&nbsp;&nbsp;ADC1_IRQHandler
</UL>
<BR>[Called By]<UL><LI><a href="#[1c]">&gt;&gt;</a>&nbsp;&nbsp;&nbsp;ADC1_IRQHandler
</UL>
<BR>[Address Reference Count : 1]<UL><LI> startup_stm32l1xx_md.o(RESET)
</UL>
<P><STRONG><a name="[20]"></a>COMP_IRQHandler</STRONG> (Thumb, 0 bytes, Stack size 0 bytes, startup_stm32l1xx_md.o(.text))
<BR>[Address Reference Count : 1]<UL><LI> startup_stm32l1xx_md.o(RESET)
</UL>
<P><STRONG><a name="[1f]"></a>DAC_IRQHandler</STRONG> (Thumb, 0 bytes, Stack size 0 bytes, startup_stm32l1xx_md.o(.text))
<BR>[Address Reference Count : 1]<UL><LI> startup_stm32l1xx_md.o(RESET)
</UL>
<P><STRONG><a name="[16]"></a>DMA1_Channel2_IRQHandler</STRONG> (Thumb, 0 bytes, Stack size 0 bytes, startup_stm32l1xx_md.o(.text))
<BR>[Address Reference Count : 1]<UL><LI> startup_stm32l1xx_md.o(RESET)
</UL>
<P><STRONG><a name="[17]"></a>DMA1_Channel3_IRQHandler</STRONG> (Thumb, 0 bytes, Stack size 0 bytes, startup_stm32l1xx_md.o(.text))
<BR>[Address Reference Count : 1]<UL><LI> startup_stm32l1xx_md.o(RESET)
</UL>
<P><STRONG><a name="[18]"></a>DMA1_Channel4_IRQHandler</STRONG> (Thumb, 0 bytes, Stack size 0 bytes, startup_stm32l1xx_md.o(.text))
<BR>[Address Reference Count : 1]<UL><LI> startup_stm32l1xx_md.o(RESET)
</UL>
<P><STRONG><a name="[19]"></a>DMA1_Channel5_IRQHandler</STRONG> (Thumb, 0 bytes, Stack size 0 bytes, startup_stm32l1xx_md.o(.text))
<BR>[Address Reference Count : 1]<UL><LI> startup_stm32l1xx_md.o(RESET)
</UL>
<P><STRONG><a name="[1a]"></a>DMA1_Channel6_IRQHandler</STRONG> (Thumb, 0 bytes, Stack size 0 bytes, startup_stm32l1xx_md.o(.text))
<BR>[Address Reference Count : 1]<UL><LI> startup_stm32l1xx_md.o(RESET)
</UL>
<P><STRONG><a name="[1b]"></a>DMA1_Channel7_IRQHandler</STRONG> (Thumb, 0 bytes, Stack size 0 bytes, startup_stm32l1xx_md.o(.text))
<BR>[Address Reference Count : 1]<UL><LI> startup_stm32l1xx_md.o(RESET)
</UL>
<P><STRONG><a name="[32]"></a>EXTI15_10_IRQHandler</STRONG> (Thumb, 0 bytes, Stack size 0 bytes, startup_stm32l1xx_md.o(.text))
<BR>[Address Reference Count : 1]<UL><LI> startup_stm32l1xx_md.o(RESET)
</UL>
<P><STRONG><a name="[13]"></a>EXTI3_IRQHandler</STRONG> (Thumb, 0 bytes, Stack size 0 bytes, startup_stm32l1xx_md.o(.text))
<BR>[Address Reference Count : 1]<UL><LI> startup_stm32l1xx_md.o(RESET)
</UL>
<P><STRONG><a name="[14]"></a>EXTI4_IRQHandler</STRONG> (Thumb, 0 bytes, Stack size 0 bytes, startup_stm32l1xx_md.o(.text))
<BR>[Address Reference Count : 1]<UL><LI> startup_stm32l1xx_md.o(RESET)
</UL>
<P><STRONG><a name="[e]"></a>FLASH_IRQHandler</STRONG> (Thumb, 0 bytes, Stack size 0 bytes, startup_stm32l1xx_md.o(.text))
<BR>[Address Reference Count : 1]<UL><LI> startup_stm32l1xx_md.o(RESET)
</UL>
<P><STRONG><a name="[2a]"></a>I2C1_ER_IRQHandler</STRONG> (Thumb, 0 bytes, Stack size 0 bytes, startup_stm32l1xx_md.o(.text))
<BR>[Address Reference Count : 1]<UL><LI> startup_stm32l1xx_md.o(RESET)
</UL>
<P><STRONG><a name="[29]"></a>I2C1_EV_IRQHandler</STRONG> (Thumb, 0 bytes, Stack size 0 bytes, startup_stm32l1xx_md.o(.text))
<BR>[Address Reference Count : 1]<UL><LI> startup_stm32l1xx_md.o(RESET)
</UL>
<P><STRONG><a name="[2c]"></a>I2C2_ER_IRQHandler</STRONG> (Thumb, 0 bytes, Stack size 0 bytes, startup_stm32l1xx_md.o(.text))
<BR>[Address Reference Count : 1]<UL><LI> startup_stm32l1xx_md.o(RESET)
</UL>
<P><STRONG><a name="[2b]"></a>I2C2_EV_IRQHandler</STRONG> (Thumb, 0 bytes, Stack size 0 bytes, startup_stm32l1xx_md.o(.text))
<BR>[Address Reference Count : 1]<UL><LI> startup_stm32l1xx_md.o(RESET)
</UL>
<P><STRONG><a name="[22]"></a>LCD_IRQHandler</STRONG> (Thumb, 0 bytes, Stack size 0 bytes, startup_stm32l1xx_md.o(.text))
<BR>[Address Reference Count : 1]<UL><LI> startup_stm32l1xx_md.o(RESET)
</UL>
<P><STRONG><a name="[b]"></a>PVD_IRQHandler</STRONG> (Thumb, 0 bytes, Stack size 0 bytes, startup_stm32l1xx_md.o(.text))
<BR>[Address Reference Count : 1]<UL><LI> startup_stm32l1xx_md.o(RESET)
</UL>
<P><STRONG><a name="[f]"></a>RCC_IRQHandler</STRONG> (Thumb, 0 bytes, Stack size 0 bytes, startup_stm32l1xx_md.o(.text))
<BR>[Address Reference Count : 1]<UL><LI> startup_stm32l1xx_md.o(RESET)
</UL>
<P><STRONG><a name="[2d]"></a>SPI1_IRQHandler</STRONG> (Thumb, 0 bytes, Stack size 0 bytes, startup_stm32l1xx_md.o(.text))
<BR>[Address Reference Count : 1]<UL><LI> startup_stm32l1xx_md.o(RESET)
</UL>
<P><STRONG><a name="[2e]"></a>SPI2_IRQHandler</STRONG> (Thumb, 0 bytes, Stack size 0 bytes, startup_stm32l1xx_md.o(.text))
<BR>[Address Reference Count : 1]<UL><LI> startup_stm32l1xx_md.o(RESET)
</UL>
<P><STRONG><a name="[c]"></a>TAMPER_STAMP_IRQHandler</STRONG> (Thumb, 0 bytes, Stack size 0 bytes, startup_stm32l1xx_md.o(.text))
<BR>[Address Reference Count : 1]<UL><LI> startup_stm32l1xx_md.o(RESET)
</UL>
<P><STRONG><a name="[24]"></a>TIM10_IRQHandler</STRONG> (Thumb, 0 bytes, Stack size 0 bytes, startup_stm32l1xx_md.o(.text))
<BR>[Address Reference Count : 1]<UL><LI> startup_stm32l1xx_md.o(RESET)
</UL>
<P><STRONG><a name="[25]"></a>TIM11_IRQHandler</STRONG> (Thumb, 0 bytes, Stack size 0 bytes, startup_stm32l1xx_md.o(.text))
<BR>[Address Reference Count : 1]<UL><LI> startup_stm32l1xx_md.o(RESET)
</UL>
<P><STRONG><a name="[28]"></a>TIM4_IRQHandler</STRONG> (Thumb, 0 bytes, Stack size 0 bytes, startup_stm32l1xx_md.o(.text))
<BR>[Address Reference Count : 1]<UL><LI> startup_stm32l1xx_md.o(RESET)
</UL>
<P><STRONG><a name="[35]"></a>TIM6_IRQHandler</STRONG> (Thumb, 0 bytes, Stack size 0 bytes, startup_stm32l1xx_md.o(.text))
<BR>[Address Reference Count : 1]<UL><LI> startup_stm32l1xx_md.o(RESET)
</UL>
<P><STRONG><a name="[36]"></a>TIM7_IRQHandler</STRONG> (Thumb, 0 bytes, Stack size 0 bytes, startup_stm32l1xx_md.o(.text))
<BR>[Address Reference Count : 1]<UL><LI> startup_stm32l1xx_md.o(RESET)
</UL>
<P><STRONG><a name="[23]"></a>TIM9_IRQHandler</STRONG> (Thumb, 0 bytes, Stack size 0 bytes, startup_stm32l1xx_md.o(.text))
<BR>[Address Reference Count : 1]<UL><LI> startup_stm32l1xx_md.o(RESET)
</UL>
<P><STRONG><a name="[2f]"></a>USART1_IRQHandler</STRONG> (Thumb, 0 bytes, Stack size 0 bytes, startup_stm32l1xx_md.o(.text))
<BR>[Address Reference Count : 1]<UL><LI> startup_stm32l1xx_md.o(RESET)
</UL>
<P><STRONG><a name="[34]"></a>USB_FS_WKUP_IRQHandler</STRONG> (Thumb, 0 bytes, Stack size 0 bytes, startup_stm32l1xx_md.o(.text))
<BR>[Address Reference Count : 1]<UL><LI> startup_stm32l1xx_md.o(RESET)
</UL>
<P><STRONG><a name="[1d]"></a>USB_HP_IRQHandler</STRONG> (Thumb, 0 bytes, Stack size 0 bytes, startup_stm32l1xx_md.o(.text))
<BR>[Address Reference Count : 1]<UL><LI> startup_stm32l1xx_md.o(RESET)
</UL>
<P><STRONG><a name="[1e]"></a>USB_LP_IRQHandler</STRONG> (Thumb, 0 bytes, Stack size 0 bytes, startup_stm32l1xx_md.o(.text))
<BR>[Address Reference Count : 1]<UL><LI> startup_stm32l1xx_md.o(RESET)
</UL>
<P><STRONG><a name="[a]"></a>WWDG_IRQHandler</STRONG> (Thumb, 0 bytes, Stack size 0 bytes, startup_stm32l1xx_md.o(.text))
<BR>[Address Reference Count : 1]<UL><LI> startup_stm32l1xx_md.o(RESET)
</UL>
<P><STRONG><a name="[76]"></a>__aeabi_memset</STRONG> (Thumb, 14 bytes, Stack size 0 bytes, memseta.o(.text))
<BR><BR>[Called By]<UL><LI><a href="#[77]">&gt;&gt;</a>&nbsp;&nbsp;&nbsp;_memset$wrapper
<LI><a href="#[75]">&gt;&gt;</a>&nbsp;&nbsp;&nbsp;__aeabi_memclr
</UL>

<P><STRONG><a name="[1ca]"></a>__aeabi_memset4</STRONG> (Thumb, 0 bytes, Stack size 0 bytes, memseta.o(.text), UNUSED)

<P><STRONG><a name="[1cb]"></a>__aeabi_memset8</STRONG> (Thumb, 0 bytes, Stack size 0 bytes, memseta.o(.text), UNUSED)

<P><STRONG><a name="[75]"></a>__aeabi_memclr</STRONG> (Thumb, 4 bytes, Stack size 0 bytes, memseta.o(.text))
<BR><BR>[Calls]<UL><LI><a href="#[76]">&gt;&gt;</a>&nbsp;&nbsp;&nbsp;__aeabi_memset
</UL>
<BR>[Called By]<UL><LI><a href="#[e3]">&gt;&gt;</a>&nbsp;&nbsp;&nbsp;M5311_send_cmd
<LI><a href="#[127]">&gt;&gt;</a>&nbsp;&nbsp;&nbsp;M5311_UDPSend_InfData
<LI><a href="#[b0]">&gt;&gt;</a>&nbsp;&nbsp;&nbsp;LCD_Clear
<LI><a href="#[4c]">&gt;&gt;</a>&nbsp;&nbsp;&nbsp;Test_Status
<LI><a href="#[69]">&gt;&gt;</a>&nbsp;&nbsp;&nbsp;System_Inf_State
<LI><a href="#[63]">&gt;&gt;</a>&nbsp;&nbsp;&nbsp;Set_RFChannelForLinkTemp
<LI><a href="#[64]">&gt;&gt;</a>&nbsp;&nbsp;&nbsp;Set_RFChannelForLinkMove
</UL>

<P><STRONG><a name="[c4]"></a>__aeabi_memclr4</STRONG> (Thumb, 0 bytes, Stack size 0 bytes, memseta.o(.text))
<BR><BR>[Called By]<UL><LI><a href="#[12f]">&gt;&gt;</a>&nbsp;&nbsp;&nbsp;send_UDP_msg
<LI><a href="#[12c]">&gt;&gt;</a>&nbsp;&nbsp;&nbsp;creat_UDP_socket
<LI><a href="#[128]">&gt;&gt;</a>&nbsp;&nbsp;&nbsp;close_socket
<LI><a href="#[e3]">&gt;&gt;</a>&nbsp;&nbsp;&nbsp;M5311_send_cmd
<LI><a href="#[131]">&gt;&gt;</a>&nbsp;&nbsp;&nbsp;M5311_UDPSend_InfData_ALARM
<LI><a href="#[127]">&gt;&gt;</a>&nbsp;&nbsp;&nbsp;M5311_UDPSend_InfData
<LI><a href="#[12b]">&gt;&gt;</a>&nbsp;&nbsp;&nbsp;M5311_UDPSend_ALARMData
<LI><a href="#[122]">&gt;&gt;</a>&nbsp;&nbsp;&nbsp;M5311_InitPowerOn
<LI><a href="#[de]">&gt;&gt;</a>&nbsp;&nbsp;&nbsp;Get_M5311Inf
<LI><a href="#[17d]">&gt;&gt;</a>&nbsp;&nbsp;&nbsp;Variable_Flash
<LI><a href="#[152]">&gt;&gt;</a>&nbsp;&nbsp;&nbsp;Read_Si24r1_Data
<LI><a href="#[4c]">&gt;&gt;</a>&nbsp;&nbsp;&nbsp;Test_Status
<LI><a href="#[6a]">&gt;&gt;</a>&nbsp;&nbsp;&nbsp;Query_online_device
<LI><a href="#[4f]">&gt;&gt;</a>&nbsp;&nbsp;&nbsp;NB_Status
<LI><a href="#[57]">&gt;&gt;</a>&nbsp;&nbsp;&nbsp;Del_Water_Mode_Number
<LI><a href="#[51]">&gt;&gt;</a>&nbsp;&nbsp;&nbsp;Del_Temp_Mode_Number
<LI><a href="#[5a]">&gt;&gt;</a>&nbsp;&nbsp;&nbsp;Del_Smoke_Mode_Number
<LI><a href="#[54]">&gt;&gt;</a>&nbsp;&nbsp;&nbsp;Del_Move_Mode_Number
</UL>

<P><STRONG><a name="[1cc]"></a>__aeabi_memclr8</STRONG> (Thumb, 0 bytes, Stack size 0 bytes, memseta.o(.text), UNUSED)

<P><STRONG><a name="[77]"></a>_memset$wrapper</STRONG> (Thumb, 18 bytes, Stack size 8 bytes, memseta.o(.text), UNUSED)
<BR><BR>[Calls]<UL><LI><a href="#[76]">&gt;&gt;</a>&nbsp;&nbsp;&nbsp;__aeabi_memset
</UL>

<P><STRONG><a name="[ed]"></a>strstr</STRONG> (Thumb, 36 bytes, Stack size 12 bytes, strstr.o(.text))
<BR><BR>[Stack]<UL><LI>Max Depth = 12<LI>Call Chain = strstr
</UL>
<BR>[Called By]<UL><LI><a href="#[130]">&gt;&gt;</a>&nbsp;&nbsp;&nbsp;M5311_check_ack
<LI><a href="#[131]">&gt;&gt;</a>&nbsp;&nbsp;&nbsp;M5311_UDPSend_InfData_ALARM
<LI><a href="#[127]">&gt;&gt;</a>&nbsp;&nbsp;&nbsp;M5311_UDPSend_InfData
<LI><a href="#[12b]">&gt;&gt;</a>&nbsp;&nbsp;&nbsp;M5311_UDPSend_ALARMData
<LI><a href="#[e6]">&gt;&gt;</a>&nbsp;&nbsp;&nbsp;Get_M5311_signal
</UL>

<P><STRONG><a name="[ee]"></a>strlen</STRONG> (Thumb, 14 bytes, Stack size 0 bytes, strlen.o(.text))
<BR><BR>[Called By]<UL><LI><a href="#[e6]">&gt;&gt;</a>&nbsp;&nbsp;&nbsp;Get_M5311_signal
<LI><a href="#[4f]">&gt;&gt;</a>&nbsp;&nbsp;&nbsp;NB_Status
</UL>

<P><STRONG><a name="[17f]"></a>strcmp</STRONG> (Thumb, 28 bytes, Stack size 8 bytes, strcmp.o(.text))
<BR><BR>[Stack]<UL><LI>Max Depth = 8<LI>Call Chain = strcmp
</UL>
<BR>[Called By]<UL><LI><a href="#[17d]">&gt;&gt;</a>&nbsp;&nbsp;&nbsp;Variable_Flash
</UL>

<P><STRONG><a name="[180]"></a>strcpy</STRONG> (Thumb, 18 bytes, Stack size 0 bytes, strcpy.o(.text))
<BR><BR>[Called By]<UL><LI><a href="#[17d]">&gt;&gt;</a>&nbsp;&nbsp;&nbsp;Variable_Flash
</UL>

<P><STRONG><a name="[140]"></a>__aeabi_fmul</STRONG> (Thumb, 100 bytes, Stack size 8 bytes, fmul.o(.text))
<BR><BR>[Stack]<UL><LI>Max Depth = 8<LI>Call Chain = __aeabi_fmul
</UL>
<BR>[Called By]<UL><LI><a href="#[13f]">&gt;&gt;</a>&nbsp;&nbsp;&nbsp;Opt3001_WriteLimReg
</UL>

<P><STRONG><a name="[78]"></a>__aeabi_fdiv</STRONG> (Thumb, 124 bytes, Stack size 8 bytes, fdiv.o(.text))
<BR><BR>[Stack]<UL><LI>Max Depth = 8<LI>Call Chain = __aeabi_fdiv
</UL>
<BR>[Calls]<UL><LI><a href="#[79]">&gt;&gt;</a>&nbsp;&nbsp;&nbsp;_float_round
</UL>
<BR>[Called By]<UL><LI><a href="#[13f]">&gt;&gt;</a>&nbsp;&nbsp;&nbsp;Opt3001_WriteLimReg
</UL>

<P><STRONG><a name="[7a]"></a>__aeabi_dadd</STRONG> (Thumb, 322 bytes, Stack size 48 bytes, dadd.o(.text))
<BR><BR>[Stack]<UL><LI>Max Depth = 88<LI>Call Chain = __aeabi_dadd &rArr; _double_epilogue &rArr; _double_round
</UL>
<BR>[Calls]<UL><LI><a href="#[7c]">&gt;&gt;</a>&nbsp;&nbsp;&nbsp;__aeabi_lasr
<LI><a href="#[7b]">&gt;&gt;</a>&nbsp;&nbsp;&nbsp;__aeabi_llsl
<LI><a href="#[7e]">&gt;&gt;</a>&nbsp;&nbsp;&nbsp;_double_round
<LI><a href="#[7d]">&gt;&gt;</a>&nbsp;&nbsp;&nbsp;_double_epilogue
</UL>
<BR>[Called By]<UL><LI><a href="#[cb]">&gt;&gt;</a>&nbsp;&nbsp;&nbsp;Display_Signal
<LI><a href="#[c5]">&gt;&gt;</a>&nbsp;&nbsp;&nbsp;Display_Battery
<LI><a href="#[ca]">&gt;&gt;</a>&nbsp;&nbsp;&nbsp;Get_Battery
<LI><a href="#[188]">&gt;&gt;</a>&nbsp;&nbsp;&nbsp;_fp_digits
<LI><a href="#[7f]">&gt;&gt;</a>&nbsp;&nbsp;&nbsp;__aeabi_dsub
<LI><a href="#[80]">&gt;&gt;</a>&nbsp;&nbsp;&nbsp;__aeabi_drsub
<LI><a href="#[142]">&gt;&gt;</a>&nbsp;&nbsp;&nbsp;log
<LI><a href="#[183]">&gt;&gt;</a>&nbsp;&nbsp;&nbsp;__kernel_poly
</UL>

<P><STRONG><a name="[7f]"></a>__aeabi_dsub</STRONG> (Thumb, 6 bytes, Stack size 0 bytes, dadd.o(.text))
<BR><BR>[Stack]<UL><LI>Max Depth = 88<LI>Call Chain = __aeabi_dsub &rArr; __aeabi_dadd &rArr; _double_epilogue &rArr; _double_round
</UL>
<BR>[Calls]<UL><LI><a href="#[7a]">&gt;&gt;</a>&nbsp;&nbsp;&nbsp;__aeabi_dadd
</UL>
<BR>[Called By]<UL><LI><a href="#[142]">&gt;&gt;</a>&nbsp;&nbsp;&nbsp;log
</UL>

<P><STRONG><a name="[80]"></a>__aeabi_drsub</STRONG> (Thumb, 6 bytes, Stack size 0 bytes, dadd.o(.text))
<BR><BR>[Stack]<UL><LI>Max Depth = 88<LI>Call Chain = __aeabi_drsub &rArr; __aeabi_dadd &rArr; _double_epilogue &rArr; _double_round
</UL>
<BR>[Calls]<UL><LI><a href="#[7a]">&gt;&gt;</a>&nbsp;&nbsp;&nbsp;__aeabi_dadd
</UL>
<BR>[Called By]<UL><LI><a href="#[142]">&gt;&gt;</a>&nbsp;&nbsp;&nbsp;log
</UL>

<P><STRONG><a name="[81]"></a>__aeabi_dmul</STRONG> (Thumb, 228 bytes, Stack size 48 bytes, dmul.o(.text))
<BR><BR>[Stack]<UL><LI>Max Depth = 88<LI>Call Chain = __aeabi_dmul &rArr; _double_epilogue &rArr; _double_round
</UL>
<BR>[Calls]<UL><LI><a href="#[7d]">&gt;&gt;</a>&nbsp;&nbsp;&nbsp;_double_epilogue
</UL>
<BR>[Called By]<UL><LI><a href="#[cb]">&gt;&gt;</a>&nbsp;&nbsp;&nbsp;Display_Signal
<LI><a href="#[c5]">&gt;&gt;</a>&nbsp;&nbsp;&nbsp;Display_Battery
<LI><a href="#[151]">&gt;&gt;</a>&nbsp;&nbsp;&nbsp;ReadTmp112Value
<LI><a href="#[c9]">&gt;&gt;</a>&nbsp;&nbsp;&nbsp;Get_Vref
<LI><a href="#[ca]">&gt;&gt;</a>&nbsp;&nbsp;&nbsp;Get_Battery
<LI><a href="#[188]">&gt;&gt;</a>&nbsp;&nbsp;&nbsp;_fp_digits
<LI><a href="#[142]">&gt;&gt;</a>&nbsp;&nbsp;&nbsp;log
<LI><a href="#[183]">&gt;&gt;</a>&nbsp;&nbsp;&nbsp;__kernel_poly
</UL>

<P><STRONG><a name="[82]"></a>__aeabi_ddiv</STRONG> (Thumb, 222 bytes, Stack size 32 bytes, ddiv.o(.text))
<BR><BR>[Stack]<UL><LI>Max Depth = 40<LI>Call Chain = __aeabi_ddiv &rArr; _double_round
</UL>
<BR>[Calls]<UL><LI><a href="#[7e]">&gt;&gt;</a>&nbsp;&nbsp;&nbsp;_double_round
</UL>
<BR>[Called By]<UL><LI><a href="#[177]">&gt;&gt;</a>&nbsp;&nbsp;&nbsp;Tmp211_WriteLimReg
<LI><a href="#[13f]">&gt;&gt;</a>&nbsp;&nbsp;&nbsp;Opt3001_WriteLimReg
<LI><a href="#[c8]">&gt;&gt;</a>&nbsp;&nbsp;&nbsp;Display_Main_View
<LI><a href="#[c9]">&gt;&gt;</a>&nbsp;&nbsp;&nbsp;Get_Vref
<LI><a href="#[ca]">&gt;&gt;</a>&nbsp;&nbsp;&nbsp;Get_Battery
<LI><a href="#[188]">&gt;&gt;</a>&nbsp;&nbsp;&nbsp;_fp_digits
<LI><a href="#[142]">&gt;&gt;</a>&nbsp;&nbsp;&nbsp;log
<LI><a href="#[187]">&gt;&gt;</a>&nbsp;&nbsp;&nbsp;__mathlib_dbl_invalid
<LI><a href="#[184]">&gt;&gt;</a>&nbsp;&nbsp;&nbsp;__mathlib_dbl_divzero
</UL>

<P><STRONG><a name="[83]"></a>__aeabi_i2f</STRONG> (Thumb, 18 bytes, Stack size 0 bytes, fflti.o(.text))
<BR><BR>[Stack]<UL><LI>Max Depth = 4<LI>Call Chain = __aeabi_i2f &rArr; _float_epilogue
</UL>
<BR>[Calls]<UL><LI><a href="#[84]">&gt;&gt;</a>&nbsp;&nbsp;&nbsp;_float_epilogue
</UL>
<BR>[Called By]<UL><LI><a href="#[177]">&gt;&gt;</a>&nbsp;&nbsp;&nbsp;Tmp211_WriteLimReg
<LI><a href="#[13f]">&gt;&gt;</a>&nbsp;&nbsp;&nbsp;Opt3001_WriteLimReg
<LI><a href="#[151]">&gt;&gt;</a>&nbsp;&nbsp;&nbsp;ReadTmp112Value
</UL>

<P><STRONG><a name="[85]"></a>__aeabi_ui2f</STRONG> (Thumb, 10 bytes, Stack size 0 bytes, ffltui.o(.text))
<BR><BR>[Stack]<UL><LI>Max Depth = 4<LI>Call Chain = __aeabi_ui2f &rArr; _float_epilogue
</UL>
<BR>[Calls]<UL><LI><a href="#[84]">&gt;&gt;</a>&nbsp;&nbsp;&nbsp;_float_epilogue
</UL>
<BR>[Called By]<UL><LI><a href="#[13f]">&gt;&gt;</a>&nbsp;&nbsp;&nbsp;Opt3001_WriteLimReg
</UL>

<P><STRONG><a name="[86]"></a>__aeabi_ui2d</STRONG> (Thumb, 26 bytes, Stack size 16 bytes, dfltui.o(.text))
<BR><BR>[Stack]<UL><LI>Max Depth = 56<LI>Call Chain = __aeabi_ui2d &rArr; _double_epilogue &rArr; _double_round
</UL>
<BR>[Calls]<UL><LI><a href="#[7d]">&gt;&gt;</a>&nbsp;&nbsp;&nbsp;_double_epilogue
</UL>
<BR>[Called By]<UL><LI><a href="#[cb]">&gt;&gt;</a>&nbsp;&nbsp;&nbsp;Display_Signal
<LI><a href="#[c5]">&gt;&gt;</a>&nbsp;&nbsp;&nbsp;Display_Battery
<LI><a href="#[13f]">&gt;&gt;</a>&nbsp;&nbsp;&nbsp;Opt3001_WriteLimReg
<LI><a href="#[c8]">&gt;&gt;</a>&nbsp;&nbsp;&nbsp;Display_Main_View
<LI><a href="#[c9]">&gt;&gt;</a>&nbsp;&nbsp;&nbsp;Get_Vref
<LI><a href="#[ca]">&gt;&gt;</a>&nbsp;&nbsp;&nbsp;Get_Battery
</UL>

<P><STRONG><a name="[143]"></a>__aeabi_f2iz</STRONG> (Thumb, 50 bytes, Stack size 0 bytes, ffixi.o(.text))
<BR><BR>[Called By]<UL><LI><a href="#[13f]">&gt;&gt;</a>&nbsp;&nbsp;&nbsp;Opt3001_WriteLimReg
</UL>

<P><STRONG><a name="[141]"></a>__aeabi_f2uiz</STRONG> (Thumb, 40 bytes, Stack size 0 bytes, ffixui.o(.text))
<BR><BR>[Called By]<UL><LI><a href="#[13f]">&gt;&gt;</a>&nbsp;&nbsp;&nbsp;Opt3001_WriteLimReg
</UL>

<P><STRONG><a name="[87]"></a>__aeabi_d2iz</STRONG> (Thumb, 62 bytes, Stack size 16 bytes, dfixi.o(.text))
<BR><BR>[Stack]<UL><LI>Max Depth = 16<LI>Call Chain = __aeabi_d2iz
</UL>
<BR>[Calls]<UL><LI><a href="#[88]">&gt;&gt;</a>&nbsp;&nbsp;&nbsp;__aeabi_llsr
</UL>
<BR>[Called By]<UL><LI><a href="#[177]">&gt;&gt;</a>&nbsp;&nbsp;&nbsp;Tmp211_WriteLimReg
<LI><a href="#[151]">&gt;&gt;</a>&nbsp;&nbsp;&nbsp;ReadTmp112Value
</UL>

<P><STRONG><a name="[89]"></a>__aeabi_d2uiz</STRONG> (Thumb, 50 bytes, Stack size 8 bytes, dfixui.o(.text))
<BR><BR>[Stack]<UL><LI>Max Depth = 8<LI>Call Chain = __aeabi_d2uiz
</UL>
<BR>[Calls]<UL><LI><a href="#[88]">&gt;&gt;</a>&nbsp;&nbsp;&nbsp;__aeabi_llsr
</UL>
<BR>[Called By]<UL><LI><a href="#[cb]">&gt;&gt;</a>&nbsp;&nbsp;&nbsp;Display_Signal
<LI><a href="#[c5]">&gt;&gt;</a>&nbsp;&nbsp;&nbsp;Display_Battery
<LI><a href="#[13f]">&gt;&gt;</a>&nbsp;&nbsp;&nbsp;Opt3001_WriteLimReg
<LI><a href="#[ca]">&gt;&gt;</a>&nbsp;&nbsp;&nbsp;Get_Battery
</UL>

<P><STRONG><a name="[dd]"></a>__aeabi_f2d</STRONG> (Thumb, 38 bytes, Stack size 0 bytes, f2d.o(.text))
<BR><BR>[Called By]<UL><LI><a href="#[177]">&gt;&gt;</a>&nbsp;&nbsp;&nbsp;Tmp211_WriteLimReg
<LI><a href="#[151]">&gt;&gt;</a>&nbsp;&nbsp;&nbsp;ReadTmp112Value
<LI><a href="#[ca]">&gt;&gt;</a>&nbsp;&nbsp;&nbsp;Get_Battery
</UL>

<P><STRONG><a name="[8a]"></a>__aeabi_d2f</STRONG> (Thumb, 56 bytes, Stack size 8 bytes, d2f.o(.text))
<BR><BR>[Stack]<UL><LI>Max Depth = 8<LI>Call Chain = __aeabi_d2f
</UL>
<BR>[Calls]<UL><LI><a href="#[79]">&gt;&gt;</a>&nbsp;&nbsp;&nbsp;_float_round
</UL>
<BR>[Called By]<UL><LI><a href="#[c9]">&gt;&gt;</a>&nbsp;&nbsp;&nbsp;Get_Vref
<LI><a href="#[ca]">&gt;&gt;</a>&nbsp;&nbsp;&nbsp;Get_Battery
</UL>

<P><STRONG><a name="[1cd]"></a>__aeabi_uidiv</STRONG> (Thumb, 0 bytes, Stack size 12 bytes, uidiv.o(.text), UNUSED)

<P><STRONG><a name="[18c]"></a>__aeabi_uidivmod</STRONG> (Thumb, 44 bytes, Stack size 12 bytes, uidiv.o(.text), UNUSED)
<BR><BR>[Called By]<UL><LI><a href="#[182]">&gt;&gt;</a>&nbsp;&nbsp;&nbsp;_printf_core
</UL>

<P><STRONG><a name="[8b]"></a>__aeabi_uldivmod</STRONG> (Thumb, 98 bytes, Stack size 40 bytes, uldiv.o(.text), UNUSED)
<BR><BR>[Calls]<UL><LI><a href="#[88]">&gt;&gt;</a>&nbsp;&nbsp;&nbsp;__aeabi_llsr
<LI><a href="#[7b]">&gt;&gt;</a>&nbsp;&nbsp;&nbsp;__aeabi_llsl
</UL>
<BR>[Called By]<UL><LI><a href="#[182]">&gt;&gt;</a>&nbsp;&nbsp;&nbsp;_printf_core
<LI><a href="#[188]">&gt;&gt;</a>&nbsp;&nbsp;&nbsp;_fp_digits
</UL>

<P><STRONG><a name="[7b]"></a>__aeabi_llsl</STRONG> (Thumb, 30 bytes, Stack size 0 bytes, llshl.o(.text))
<BR><BR>[Called By]<UL><LI><a href="#[7a]">&gt;&gt;</a>&nbsp;&nbsp;&nbsp;__aeabi_dadd
<LI><a href="#[8b]">&gt;&gt;</a>&nbsp;&nbsp;&nbsp;__aeabi_uldivmod
<LI><a href="#[7d]">&gt;&gt;</a>&nbsp;&nbsp;&nbsp;_double_epilogue
<LI><a href="#[8d]">&gt;&gt;</a>&nbsp;&nbsp;&nbsp;__aeabi_d2ulz
</UL>

<P><STRONG><a name="[1ce]"></a>_ll_shift_l</STRONG> (Thumb, 0 bytes, Stack size 0 bytes, llshl.o(.text), UNUSED)

<P><STRONG><a name="[88]"></a>__aeabi_llsr</STRONG> (Thumb, 32 bytes, Stack size 0 bytes, llushr.o(.text))
<BR><BR>[Called By]<UL><LI><a href="#[89]">&gt;&gt;</a>&nbsp;&nbsp;&nbsp;__aeabi_d2uiz
<LI><a href="#[87]">&gt;&gt;</a>&nbsp;&nbsp;&nbsp;__aeabi_d2iz
<LI><a href="#[8b]">&gt;&gt;</a>&nbsp;&nbsp;&nbsp;__aeabi_uldivmod
<LI><a href="#[7d]">&gt;&gt;</a>&nbsp;&nbsp;&nbsp;_double_epilogue
<LI><a href="#[8d]">&gt;&gt;</a>&nbsp;&nbsp;&nbsp;__aeabi_d2ulz
</UL>

<P><STRONG><a name="[1cf]"></a>_ll_ushift_r</STRONG> (Thumb, 0 bytes, Stack size 0 bytes, llushr.o(.text), UNUSED)

<P><STRONG><a name="[7c]"></a>__aeabi_lasr</STRONG> (Thumb, 36 bytes, Stack size 0 bytes, llsshr.o(.text))
<BR><BR>[Called By]<UL><LI><a href="#[7a]">&gt;&gt;</a>&nbsp;&nbsp;&nbsp;__aeabi_dadd
</UL>

<P><STRONG><a name="[1d0]"></a>_ll_sshift_r</STRONG> (Thumb, 0 bytes, Stack size 0 bytes, llsshr.o(.text), UNUSED)

<P><STRONG><a name="[1d1]"></a>__I$use$fp</STRONG> (Thumb, 0 bytes, Stack size 0 bytes, iusefp.o(.text), UNUSED)

<P><STRONG><a name="[79]"></a>_float_round</STRONG> (Thumb, 18 bytes, Stack size 0 bytes, fepilogue.o(.text))
<BR><BR>[Called By]<UL><LI><a href="#[8a]">&gt;&gt;</a>&nbsp;&nbsp;&nbsp;__aeabi_d2f
<LI><a href="#[78]">&gt;&gt;</a>&nbsp;&nbsp;&nbsp;__aeabi_fdiv
</UL>

<P><STRONG><a name="[84]"></a>_float_epilogue</STRONG> (Thumb, 92 bytes, Stack size 4 bytes, fepilogue.o(.text))
<BR><BR>[Stack]<UL><LI>Max Depth = 4<LI>Call Chain = _float_epilogue
</UL>
<BR>[Called By]<UL><LI><a href="#[85]">&gt;&gt;</a>&nbsp;&nbsp;&nbsp;__aeabi_ui2f
<LI><a href="#[83]">&gt;&gt;</a>&nbsp;&nbsp;&nbsp;__aeabi_i2f
</UL>

<P><STRONG><a name="[7e]"></a>_double_round</STRONG> (Thumb, 30 bytes, Stack size 8 bytes, depilogue.o(.text))
<BR><BR>[Stack]<UL><LI>Max Depth = 8<LI>Call Chain = _double_round
</UL>
<BR>[Called By]<UL><LI><a href="#[82]">&gt;&gt;</a>&nbsp;&nbsp;&nbsp;__aeabi_ddiv
<LI><a href="#[7a]">&gt;&gt;</a>&nbsp;&nbsp;&nbsp;__aeabi_dadd
<LI><a href="#[7d]">&gt;&gt;</a>&nbsp;&nbsp;&nbsp;_double_epilogue
</UL>

<P><STRONG><a name="[7d]"></a>_double_epilogue</STRONG> (Thumb, 156 bytes, Stack size 32 bytes, depilogue.o(.text))
<BR><BR>[Stack]<UL><LI>Max Depth = 40<LI>Call Chain = _double_epilogue &rArr; _double_round
</UL>
<BR>[Calls]<UL><LI><a href="#[88]">&gt;&gt;</a>&nbsp;&nbsp;&nbsp;__aeabi_llsr
<LI><a href="#[7b]">&gt;&gt;</a>&nbsp;&nbsp;&nbsp;__aeabi_llsl
<LI><a href="#[7e]">&gt;&gt;</a>&nbsp;&nbsp;&nbsp;_double_round
</UL>
<BR>[Called By]<UL><LI><a href="#[86]">&gt;&gt;</a>&nbsp;&nbsp;&nbsp;__aeabi_ui2d
<LI><a href="#[81]">&gt;&gt;</a>&nbsp;&nbsp;&nbsp;__aeabi_dmul
<LI><a href="#[7a]">&gt;&gt;</a>&nbsp;&nbsp;&nbsp;__aeabi_dadd
<LI><a href="#[8c]">&gt;&gt;</a>&nbsp;&nbsp;&nbsp;__aeabi_i2d
</UL>

<P><STRONG><a name="[186]"></a>__ARM_scalbn</STRONG> (Thumb, 46 bytes, Stack size 16 bytes, dscalb.o(.text))
<BR><BR>[Stack]<UL><LI>Max Depth = 16<LI>Call Chain = __ARM_scalbn
</UL>
<BR>[Called By]<UL><LI><a href="#[142]">&gt;&gt;</a>&nbsp;&nbsp;&nbsp;log
<LI><a href="#[185]">&gt;&gt;</a>&nbsp;&nbsp;&nbsp;__mathlib_dbl_infnan
</UL>

<P><STRONG><a name="[1d2]"></a>scalbn</STRONG> (Thumb, 0 bytes, Stack size 16 bytes, dscalb.o(.text), UNUSED)

<P><STRONG><a name="[8c]"></a>__aeabi_i2d</STRONG> (Thumb, 34 bytes, Stack size 16 bytes, dflti.o(.text))
<BR><BR>[Stack]<UL><LI>Max Depth = 56<LI>Call Chain = __aeabi_i2d &rArr; _double_epilogue &rArr; _double_round
</UL>
<BR>[Calls]<UL><LI><a href="#[7d]">&gt;&gt;</a>&nbsp;&nbsp;&nbsp;_double_epilogue
</UL>
<BR>[Called By]<UL><LI><a href="#[142]">&gt;&gt;</a>&nbsp;&nbsp;&nbsp;log
</UL>

<P><STRONG><a name="[8d]"></a>__aeabi_d2ulz</STRONG> (Thumb, 48 bytes, Stack size 0 bytes, dfixul.o(.text), UNUSED)
<BR><BR>[Calls]<UL><LI><a href="#[88]">&gt;&gt;</a>&nbsp;&nbsp;&nbsp;__aeabi_llsr
<LI><a href="#[7b]">&gt;&gt;</a>&nbsp;&nbsp;&nbsp;__aeabi_llsl
</UL>
<BR>[Called By]<UL><LI><a href="#[188]">&gt;&gt;</a>&nbsp;&nbsp;&nbsp;_fp_digits
</UL>

<P><STRONG><a name="[190]"></a>__aeabi_cdcmpeq</STRONG> (Thumb, 0 bytes, Stack size 0 bytes, cdcmple.o(.text))
<BR><BR>[Called By]<UL><LI><a href="#[142]">&gt;&gt;</a>&nbsp;&nbsp;&nbsp;log
</UL>

<P><STRONG><a name="[1d3]"></a>__aeabi_cdcmple</STRONG> (Thumb, 48 bytes, Stack size 0 bytes, cdcmple.o(.text), UNUSED)

<P><STRONG><a name="[189]"></a>__aeabi_cdrcmple</STRONG> (Thumb, 48 bytes, Stack size 0 bytes, cdrcmple.o(.text), UNUSED)
<BR><BR>[Called By]<UL><LI><a href="#[188]">&gt;&gt;</a>&nbsp;&nbsp;&nbsp;_fp_digits
</UL>

<P><STRONG><a name="[6f]"></a>__scatterload</STRONG> (Thumb, 28 bytes, Stack size 0 bytes, init.o(.text))
<BR><BR>[Calls]<UL><LI><a href="#[8e]">&gt;&gt;</a>&nbsp;&nbsp;&nbsp;__main_after_scatterload
</UL>
<BR>[Called By]<UL><LI><a href="#[6e]">&gt;&gt;</a>&nbsp;&nbsp;&nbsp;_main_scatterload
</UL>

<P><STRONG><a name="[1d4]"></a>__scatterload_rt2</STRONG> (Thumb, 0 bytes, Stack size 0 bytes, init.o(.text), UNUSED)

<P><STRONG><a name="[8f]"></a>ADC1_Init</STRONG> (Thumb, 320 bytes, Stack size 88 bytes, drive.o(i.ADC1_Init))
<BR><BR>[Stack]<UL><LI>Max Depth = 108<LI>Call Chain = ADC1_Init &rArr; ADC_RegularChannelConfig
</UL>
<BR>[Calls]<UL><LI><a href="#[9f]">&gt;&gt;</a>&nbsp;&nbsp;&nbsp;ADC_TempSensorVrefintCmd
<LI><a href="#[a3]">&gt;&gt;</a>&nbsp;&nbsp;&nbsp;ADC_SoftwareStartConv
<LI><a href="#[9c]">&gt;&gt;</a>&nbsp;&nbsp;&nbsp;ADC_RegularChannelConfig
<LI><a href="#[9b]">&gt;&gt;</a>&nbsp;&nbsp;&nbsp;ADC_Init
<LI><a href="#[a2]">&gt;&gt;</a>&nbsp;&nbsp;&nbsp;ADC_GetFlagStatus
<LI><a href="#[9d]">&gt;&gt;</a>&nbsp;&nbsp;&nbsp;ADC_DMARequestAfterLastTransferCmd
<LI><a href="#[9e]">&gt;&gt;</a>&nbsp;&nbsp;&nbsp;ADC_DMACmd
<LI><a href="#[a0]">&gt;&gt;</a>&nbsp;&nbsp;&nbsp;ADC_Cmd
<LI><a href="#[99]">&gt;&gt;</a>&nbsp;&nbsp;&nbsp;RCC_GetFlagStatus
<LI><a href="#[95]">&gt;&gt;</a>&nbsp;&nbsp;&nbsp;NVIC_Init
<LI><a href="#[a1]">&gt;&gt;</a>&nbsp;&nbsp;&nbsp;IWDG_ReloadCounter
<LI><a href="#[92]">&gt;&gt;</a>&nbsp;&nbsp;&nbsp;DMA_Init
<LI><a href="#[94]">&gt;&gt;</a>&nbsp;&nbsp;&nbsp;DMA_ITConfig
<LI><a href="#[91]">&gt;&gt;</a>&nbsp;&nbsp;&nbsp;DMA_DeInit
<LI><a href="#[96]">&gt;&gt;</a>&nbsp;&nbsp;&nbsp;DMA_Cmd
<LI><a href="#[93]">&gt;&gt;</a>&nbsp;&nbsp;&nbsp;DMA_ClearITPendingBit
<LI><a href="#[98]">&gt;&gt;</a>&nbsp;&nbsp;&nbsp;GPIO_Init
<LI><a href="#[97]">&gt;&gt;</a>&nbsp;&nbsp;&nbsp;RCC_HSICmd
<LI><a href="#[9a]">&gt;&gt;</a>&nbsp;&nbsp;&nbsp;RCC_APB2PeriphClockCmd
<LI><a href="#[90]">&gt;&gt;</a>&nbsp;&nbsp;&nbsp;RCC_AHBPeriphClockCmd
</UL>
<BR>[Called By]<UL><LI><a href="#[c9]">&gt;&gt;</a>&nbsp;&nbsp;&nbsp;Get_Vref
</UL>

<P><STRONG><a name="[a0]"></a>ADC_Cmd</STRONG> (Thumb, 22 bytes, Stack size 0 bytes, stm32l1xx_adc.o(i.ADC_Cmd))
<BR><BR>[Called By]<UL><LI><a href="#[b5]">&gt;&gt;</a>&nbsp;&nbsp;&nbsp;Close_ADC1
<LI><a href="#[8f]">&gt;&gt;</a>&nbsp;&nbsp;&nbsp;ADC1_Init
</UL>

<P><STRONG><a name="[9e]"></a>ADC_DMACmd</STRONG> (Thumb, 22 bytes, Stack size 0 bytes, stm32l1xx_adc.o(i.ADC_DMACmd))
<BR><BR>[Called By]<UL><LI><a href="#[8f]">&gt;&gt;</a>&nbsp;&nbsp;&nbsp;ADC1_Init
</UL>

<P><STRONG><a name="[9d]"></a>ADC_DMARequestAfterLastTransferCmd</STRONG> (Thumb, 22 bytes, Stack size 0 bytes, stm32l1xx_adc.o(i.ADC_DMARequestAfterLastTransferCmd))
<BR><BR>[Called By]<UL><LI><a href="#[8f]">&gt;&gt;</a>&nbsp;&nbsp;&nbsp;ADC1_Init
</UL>

<P><STRONG><a name="[a2]"></a>ADC_GetFlagStatus</STRONG> (Thumb, 18 bytes, Stack size 0 bytes, stm32l1xx_adc.o(i.ADC_GetFlagStatus))
<BR><BR>[Called By]<UL><LI><a href="#[b5]">&gt;&gt;</a>&nbsp;&nbsp;&nbsp;Close_ADC1
<LI><a href="#[8f]">&gt;&gt;</a>&nbsp;&nbsp;&nbsp;ADC1_Init
</UL>

<P><STRONG><a name="[a4]"></a>ADC_IO_Set_Input</STRONG> (Thumb, 38 bytes, Stack size 16 bytes, drive.o(i.ADC_IO_Set_Input))
<BR><BR>[Stack]<UL><LI>Max Depth = 36<LI>Call Chain = ADC_IO_Set_Input &rArr; GPIO_Init
</UL>
<BR>[Calls]<UL><LI><a href="#[98]">&gt;&gt;</a>&nbsp;&nbsp;&nbsp;GPIO_Init
</UL>
<BR>[Called By]<UL><LI><a href="#[16e]">&gt;&gt;</a>&nbsp;&nbsp;&nbsp;SleepInit_GPIO
<LI><a href="#[10c]">&gt;&gt;</a>&nbsp;&nbsp;&nbsp;Init_GPIO
<LI><a href="#[b5]">&gt;&gt;</a>&nbsp;&nbsp;&nbsp;Close_ADC1
</UL>

<P><STRONG><a name="[9b]"></a>ADC_Init</STRONG> (Thumb, 74 bytes, Stack size 12 bytes, stm32l1xx_adc.o(i.ADC_Init))
<BR><BR>[Stack]<UL><LI>Max Depth = 12<LI>Call Chain = ADC_Init
</UL>
<BR>[Called By]<UL><LI><a href="#[8f]">&gt;&gt;</a>&nbsp;&nbsp;&nbsp;ADC1_Init
</UL>

<P><STRONG><a name="[9c]"></a>ADC_RegularChannelConfig</STRONG> (Thumb, 344 bytes, Stack size 20 bytes, stm32l1xx_adc.o(i.ADC_RegularChannelConfig))
<BR><BR>[Stack]<UL><LI>Max Depth = 20<LI>Call Chain = ADC_RegularChannelConfig
</UL>
<BR>[Called By]<UL><LI><a href="#[8f]">&gt;&gt;</a>&nbsp;&nbsp;&nbsp;ADC1_Init
</UL>

<P><STRONG><a name="[a3]"></a>ADC_SoftwareStartConv</STRONG> (Thumb, 10 bytes, Stack size 0 bytes, stm32l1xx_adc.o(i.ADC_SoftwareStartConv))
<BR><BR>[Called By]<UL><LI><a href="#[8f]">&gt;&gt;</a>&nbsp;&nbsp;&nbsp;ADC1_Init
</UL>

<P><STRONG><a name="[9f]"></a>ADC_TempSensorVrefintCmd</STRONG> (Thumb, 30 bytes, Stack size 0 bytes, stm32l1xx_adc.o(i.ADC_TempSensorVrefintCmd))
<BR><BR>[Called By]<UL><LI><a href="#[8f]">&gt;&gt;</a>&nbsp;&nbsp;&nbsp;ADC1_Init
</UL>

<P><STRONG><a name="[a5]"></a>BS8116A_GPIO_Set_Input</STRONG> (Thumb, 136 bytes, Stack size 24 bytes, key.o(i.BS8116A_GPIO_Set_Input))
<BR><BR>[Stack]<UL><LI>Max Depth = 44<LI>Call Chain = BS8116A_GPIO_Set_Input &rArr; GPIO_Init
</UL>
<BR>[Calls]<UL><LI><a href="#[95]">&gt;&gt;</a>&nbsp;&nbsp;&nbsp;NVIC_Init
<LI><a href="#[a6]">&gt;&gt;</a>&nbsp;&nbsp;&nbsp;EXTI_Init
<LI><a href="#[98]">&gt;&gt;</a>&nbsp;&nbsp;&nbsp;GPIO_Init
</UL>
<BR>[Called By]<UL><LI><a href="#[49]">&gt;&gt;</a>&nbsp;&nbsp;&nbsp;task_main
</UL>

<P><STRONG><a name="[a7]"></a>Bar</STRONG> (Thumb, 48 bytes, Stack size 32 bytes, led_drive.o(i.Bar))
<BR><BR>[Stack]<UL><LI>Max Depth = 72<LI>Call Chain = Bar &rArr; Display_HLine &rArr; set_pixel
</UL>
<BR>[Calls]<UL><LI><a href="#[a8]">&gt;&gt;</a>&nbsp;&nbsp;&nbsp;Display_HLine
</UL>
<BR>[Called By]<UL><LI><a href="#[cb]">&gt;&gt;</a>&nbsp;&nbsp;&nbsp;Display_Signal
<LI><a href="#[c5]">&gt;&gt;</a>&nbsp;&nbsp;&nbsp;Display_Battery
</UL>

<P><STRONG><a name="[a9]"></a>Beep50ms_Time</STRONG> (Thumb, 28 bytes, Stack size 16 bytes, drive.o(i.Beep50ms_Time))
<BR><BR>[Stack]<UL><LI>Max Depth = 68<LI>Call Chain = Beep50ms_Time &rArr; Buzzer_50ms &rArr; Clr_Buzzer_Power &rArr; GPIO_Init
</UL>
<BR>[Calls]<UL><LI><a href="#[ab]">&gt;&gt;</a>&nbsp;&nbsp;&nbsp;delay_ms
<LI><a href="#[aa]">&gt;&gt;</a>&nbsp;&nbsp;&nbsp;Buzzer_50ms
</UL>
<BR>[Called By]<UL><LI><a href="#[49]">&gt;&gt;</a>&nbsp;&nbsp;&nbsp;task_main
</UL>

<P><STRONG><a name="[4]"></a>BusFault_Handler</STRONG> (Thumb, 4 bytes, Stack size 0 bytes, stm32l1xx_it.o(i.BusFault_Handler))
<BR>[Address Reference Count : 1]<UL><LI> startup_stm32l1xx_md.o(RESET)
</UL>
<P><STRONG><a name="[aa]"></a>Buzzer_50ms</STRONG> (Thumb, 60 bytes, Stack size 16 bytes, drive.o(i.Buzzer_50ms))
<BR><BR>[Stack]<UL><LI>Max Depth = 52<LI>Call Chain = Buzzer_50ms &rArr; Clr_Buzzer_Power &rArr; GPIO_Init
</UL>
<BR>[Calls]<UL><LI><a href="#[ac]">&gt;&gt;</a>&nbsp;&nbsp;&nbsp;GPIO_SetBits
<LI><a href="#[98]">&gt;&gt;</a>&nbsp;&nbsp;&nbsp;GPIO_Init
<LI><a href="#[ab]">&gt;&gt;</a>&nbsp;&nbsp;&nbsp;delay_ms
<LI><a href="#[ad]">&gt;&gt;</a>&nbsp;&nbsp;&nbsp;Clr_Buzzer_Power
</UL>
<BR>[Called By]<UL><LI><a href="#[d6]">&gt;&gt;</a>&nbsp;&nbsp;&nbsp;Show_Menu_List
<LI><a href="#[c8]">&gt;&gt;</a>&nbsp;&nbsp;&nbsp;Display_Main_View
<LI><a href="#[46]">&gt;&gt;</a>&nbsp;&nbsp;&nbsp;task_RfReadSensor
<LI><a href="#[a9]">&gt;&gt;</a>&nbsp;&nbsp;&nbsp;Beep50ms_Time
<LI><a href="#[6d]">&gt;&gt;</a>&nbsp;&nbsp;&nbsp;UpLoadApp
<LI><a href="#[4c]">&gt;&gt;</a>&nbsp;&nbsp;&nbsp;Test_Status
<LI><a href="#[69]">&gt;&gt;</a>&nbsp;&nbsp;&nbsp;System_Inf_State
<LI><a href="#[6c]">&gt;&gt;</a>&nbsp;&nbsp;&nbsp;ShowVersion
<LI><a href="#[56]">&gt;&gt;</a>&nbsp;&nbsp;&nbsp;Set_Water_Mode_Number
<LI><a href="#[4b]">&gt;&gt;</a>&nbsp;&nbsp;&nbsp;Set_TestNum
<LI><a href="#[50]">&gt;&gt;</a>&nbsp;&nbsp;&nbsp;Set_Temp_Mode_Number
<LI><a href="#[5e]">&gt;&gt;</a>&nbsp;&nbsp;&nbsp;Set_T_Interval
<LI><a href="#[59]">&gt;&gt;</a>&nbsp;&nbsp;&nbsp;Set_Smoke_Mode_Number
<LI><a href="#[6b]">&gt;&gt;</a>&nbsp;&nbsp;&nbsp;Set_Sensitivity
<LI><a href="#[68]">&gt;&gt;</a>&nbsp;&nbsp;&nbsp;Set_Sample_Interval
<LI><a href="#[63]">&gt;&gt;</a>&nbsp;&nbsp;&nbsp;Set_RFChannelForLinkTemp
<LI><a href="#[64]">&gt;&gt;</a>&nbsp;&nbsp;&nbsp;Set_RFChannelForLinkMove
<LI><a href="#[65]">&gt;&gt;</a>&nbsp;&nbsp;&nbsp;Set_Number
<LI><a href="#[53]">&gt;&gt;</a>&nbsp;&nbsp;&nbsp;Set_Move_Mode_Number
<LI><a href="#[67]">&gt;&gt;</a>&nbsp;&nbsp;&nbsp;Set_Interval
<LI><a href="#[61]">&gt;&gt;</a>&nbsp;&nbsp;&nbsp;Server_Inf_Show
<LI><a href="#[62]">&gt;&gt;</a>&nbsp;&nbsp;&nbsp;Server_Inf_Set
<LI><a href="#[58]">&gt;&gt;</a>&nbsp;&nbsp;&nbsp;Read_Water_Mode_Number
<LI><a href="#[52]">&gt;&gt;</a>&nbsp;&nbsp;&nbsp;Read_Temp_Mode_Number
<LI><a href="#[5b]">&gt;&gt;</a>&nbsp;&nbsp;&nbsp;Read_Smoke_Mode_Number
<LI><a href="#[55]">&gt;&gt;</a>&nbsp;&nbsp;&nbsp;Read_Move_Mode_Number
<LI><a href="#[6a]">&gt;&gt;</a>&nbsp;&nbsp;&nbsp;Query_online_device
<LI><a href="#[4f]">&gt;&gt;</a>&nbsp;&nbsp;&nbsp;NB_Status
<LI><a href="#[57]">&gt;&gt;</a>&nbsp;&nbsp;&nbsp;Del_Water_Mode_Number
<LI><a href="#[51]">&gt;&gt;</a>&nbsp;&nbsp;&nbsp;Del_Temp_Mode_Number
<LI><a href="#[5a]">&gt;&gt;</a>&nbsp;&nbsp;&nbsp;Del_Smoke_Mode_Number
<LI><a href="#[54]">&gt;&gt;</a>&nbsp;&nbsp;&nbsp;Del_Move_Mode_Number
<LI><a href="#[66]">&gt;&gt;</a>&nbsp;&nbsp;&nbsp;Clear_Alarm_Inf
</UL>

<P><STRONG><a name="[12e]"></a>ByteToHexStr</STRONG> (Thumb, 88 bytes, Stack size 20 bytes, m5311.o(i.ByteToHexStr))
<BR><BR>[Stack]<UL><LI>Max Depth = 20<LI>Call Chain = ByteToHexStr
</UL>
<BR>[Called By]<UL><LI><a href="#[131]">&gt;&gt;</a>&nbsp;&nbsp;&nbsp;M5311_UDPSend_InfData_ALARM
<LI><a href="#[127]">&gt;&gt;</a>&nbsp;&nbsp;&nbsp;M5311_UDPSend_InfData
<LI><a href="#[12b]">&gt;&gt;</a>&nbsp;&nbsp;&nbsp;M5311_UDPSend_ALARMData
</UL>

<P><STRONG><a name="[ae]"></a>CC2500_GPIO_Set_Input</STRONG> (Thumb, 262 bytes, Stack size 16 bytes, drive.o(i.CC2500_GPIO_Set_Input))
<BR><BR>[Stack]<UL><LI>Max Depth = 36<LI>Call Chain = CC2500_GPIO_Set_Input &rArr; GPIO_Init
</UL>
<BR>[Calls]<UL><LI><a href="#[af]">&gt;&gt;</a>&nbsp;&nbsp;&nbsp;GPIO_ResetBits
<LI><a href="#[98]">&gt;&gt;</a>&nbsp;&nbsp;&nbsp;GPIO_Init
</UL>
<BR>[Called By]<UL><LI><a href="#[152]">&gt;&gt;</a>&nbsp;&nbsp;&nbsp;Read_Si24r1_Data
<LI><a href="#[16e]">&gt;&gt;</a>&nbsp;&nbsp;&nbsp;SleepInit_GPIO
<LI><a href="#[10c]">&gt;&gt;</a>&nbsp;&nbsp;&nbsp;Init_GPIO
</UL>

<P><STRONG><a name="[66]"></a>Clear_Alarm_Inf</STRONG> (Thumb, 202 bytes, Stack size 32 bytes, menu.o(i.Clear_Alarm_Inf))
<BR><BR>[Stack]<UL><LI>Max Depth = 184<LI>Call Chain = Clear_Alarm_Inf &rArr; GUI_PutStringConst14x14_7x14 &rArr; GUI_PutHZ14x14 &rArr; Display_PIC &rArr; set_pixel
</UL>
<BR>[Calls]<UL><LI><a href="#[a1]">&gt;&gt;</a>&nbsp;&nbsp;&nbsp;IWDG_ReloadCounter
<LI><a href="#[b4]">&gt;&gt;</a>&nbsp;&nbsp;&nbsp;LCD_Update
<LI><a href="#[b0]">&gt;&gt;</a>&nbsp;&nbsp;&nbsp;LCD_Clear
<LI><a href="#[b2]">&gt;&gt;</a>&nbsp;&nbsp;&nbsp;Get_TxtLength14x14
<LI><a href="#[b1]">&gt;&gt;</a>&nbsp;&nbsp;&nbsp;GUI_PutStringConst14x14_7x14
<LI><a href="#[b3]">&gt;&gt;</a>&nbsp;&nbsp;&nbsp;GUI_PutStringConst14x14
<LI><a href="#[aa]">&gt;&gt;</a>&nbsp;&nbsp;&nbsp;Buzzer_50ms
</UL>
<BR>[Address Reference Count : 1]<UL><LI> menu.o(.constdata)
</UL>
<P><STRONG><a name="[b5]"></a>Close_ADC1</STRONG> (Thumb, 54 bytes, Stack size 8 bytes, drive.o(i.Close_ADC1))
<BR><BR>[Stack]<UL><LI>Max Depth = 44<LI>Call Chain = Close_ADC1 &rArr; ADC_IO_Set_Input &rArr; GPIO_Init
</UL>
<BR>[Calls]<UL><LI><a href="#[a2]">&gt;&gt;</a>&nbsp;&nbsp;&nbsp;ADC_GetFlagStatus
<LI><a href="#[a0]">&gt;&gt;</a>&nbsp;&nbsp;&nbsp;ADC_Cmd
<LI><a href="#[97]">&gt;&gt;</a>&nbsp;&nbsp;&nbsp;RCC_HSICmd
<LI><a href="#[9a]">&gt;&gt;</a>&nbsp;&nbsp;&nbsp;RCC_APB2PeriphClockCmd
<LI><a href="#[a4]">&gt;&gt;</a>&nbsp;&nbsp;&nbsp;ADC_IO_Set_Input
</UL>
<BR>[Called By]<UL><LI><a href="#[ca]">&gt;&gt;</a>&nbsp;&nbsp;&nbsp;Get_Battery
</UL>

<P><STRONG><a name="[5d]"></a>Close_T_Start</STRONG> (Thumb, 22 bytes, Stack size 8 bytes, menu.o(i.Close_T_Start))
<BR><BR>[Stack]<UL><LI>Max Depth = 80<LI>Call Chain = Close_T_Start &rArr; FLASH_Save_Para_Encode &rArr; DATA_EEPROM_ProgramByte &rArr; DATA_EEPROM_FastProgramWord &rArr; FLASH_WaitForLastOperation
</UL>
<BR>[Calls]<UL><LI><a href="#[b6]">&gt;&gt;</a>&nbsp;&nbsp;&nbsp;FLASH_Save_Para_Encode
</UL>
<BR>[Address Reference Count : 1]<UL><LI> menu.o(.constdata)
</UL>
<P><STRONG><a name="[4e]"></a>Close_Upload_Start</STRONG> (Thumb, 22 bytes, Stack size 8 bytes, menu.o(i.Close_Upload_Start))
<BR><BR>[Stack]<UL><LI>Max Depth = 80<LI>Call Chain = Close_Upload_Start &rArr; FLASH_Save_Para_Encode &rArr; DATA_EEPROM_ProgramByte &rArr; DATA_EEPROM_FastProgramWord &rArr; FLASH_WaitForLastOperation
</UL>
<BR>[Calls]<UL><LI><a href="#[b6]">&gt;&gt;</a>&nbsp;&nbsp;&nbsp;FLASH_Save_Para_Encode
</UL>
<BR>[Address Reference Count : 1]<UL><LI> menu.o(.constdata)
</UL>
<P><STRONG><a name="[60]"></a>Close_Water_Level_Start</STRONG> (Thumb, 22 bytes, Stack size 8 bytes, menu.o(i.Close_Water_Level_Start))
<BR><BR>[Stack]<UL><LI>Max Depth = 80<LI>Call Chain = Close_Water_Level_Start &rArr; FLASH_Save_Para_Encode &rArr; DATA_EEPROM_ProgramByte &rArr; DATA_EEPROM_FastProgramWord &rArr; FLASH_WaitForLastOperation
</UL>
<BR>[Calls]<UL><LI><a href="#[b6]">&gt;&gt;</a>&nbsp;&nbsp;&nbsp;FLASH_Save_Para_Encode
</UL>
<BR>[Address Reference Count : 1]<UL><LI> menu.o(.constdata)
</UL>
<P><STRONG><a name="[b7]"></a>Clr_BTDE_Power</STRONG> (Thumb, 42 bytes, Stack size 16 bytes, drive.o(i.Clr_BTDE_Power))
<BR><BR>[Stack]<UL><LI>Max Depth = 36<LI>Call Chain = Clr_BTDE_Power &rArr; GPIO_Init
</UL>
<BR>[Calls]<UL><LI><a href="#[98]">&gt;&gt;</a>&nbsp;&nbsp;&nbsp;GPIO_Init
</UL>
<BR>[Called By]<UL><LI><a href="#[12a]">&gt;&gt;</a>&nbsp;&nbsp;&nbsp;M5311_Send_alarm
<LI><a href="#[126]">&gt;&gt;</a>&nbsp;&nbsp;&nbsp;M5311_Send_Inf
<LI><a href="#[122]">&gt;&gt;</a>&nbsp;&nbsp;&nbsp;M5311_InitPowerOn
<LI><a href="#[de]">&gt;&gt;</a>&nbsp;&nbsp;&nbsp;Get_M5311Inf
<LI><a href="#[46]">&gt;&gt;</a>&nbsp;&nbsp;&nbsp;task_RfReadSensor
<LI><a href="#[37]">&gt;&gt;</a>&nbsp;&nbsp;&nbsp;main
<LI><a href="#[16e]">&gt;&gt;</a>&nbsp;&nbsp;&nbsp;SleepInit_GPIO
<LI><a href="#[10c]">&gt;&gt;</a>&nbsp;&nbsp;&nbsp;Init_GPIO
</UL>

<P><STRONG><a name="[ad]"></a>Clr_Buzzer_Power</STRONG> (Thumb, 42 bytes, Stack size 16 bytes, drive.o(i.Clr_Buzzer_Power))
<BR><BR>[Stack]<UL><LI>Max Depth = 36<LI>Call Chain = Clr_Buzzer_Power &rArr; GPIO_Init
</UL>
<BR>[Calls]<UL><LI><a href="#[98]">&gt;&gt;</a>&nbsp;&nbsp;&nbsp;GPIO_Init
</UL>
<BR>[Called By]<UL><LI><a href="#[16e]">&gt;&gt;</a>&nbsp;&nbsp;&nbsp;SleepInit_GPIO
<LI><a href="#[10c]">&gt;&gt;</a>&nbsp;&nbsp;&nbsp;Init_GPIO
<LI><a href="#[aa]">&gt;&gt;</a>&nbsp;&nbsp;&nbsp;Buzzer_50ms
</UL>

<P><STRONG><a name="[b8]"></a>Clr_HBZ_Power</STRONG> (Thumb, 42 bytes, Stack size 16 bytes, drive.o(i.Clr_HBZ_Power))
<BR><BR>[Stack]<UL><LI>Max Depth = 36<LI>Call Chain = Clr_HBZ_Power &rArr; GPIO_Init
</UL>
<BR>[Calls]<UL><LI><a href="#[98]">&gt;&gt;</a>&nbsp;&nbsp;&nbsp;GPIO_Init
</UL>
<BR>[Called By]<UL><LI><a href="#[16e]">&gt;&gt;</a>&nbsp;&nbsp;&nbsp;SleepInit_GPIO
<LI><a href="#[10c]">&gt;&gt;</a>&nbsp;&nbsp;&nbsp;Init_GPIO
</UL>

<P><STRONG><a name="[b9]"></a>Clr_LCD_Power</STRONG> (Thumb, 44 bytes, Stack size 16 bytes, drive.o(i.Clr_LCD_Power))
<BR><BR>[Stack]<UL><LI>Max Depth = 52<LI>Call Chain = Clr_LCD_Power &rArr; I2C_Set_Input &rArr; GPIO_Init
</UL>
<BR>[Calls]<UL><LI><a href="#[98]">&gt;&gt;</a>&nbsp;&nbsp;&nbsp;GPIO_Init
<LI><a href="#[ba]">&gt;&gt;</a>&nbsp;&nbsp;&nbsp;I2C_Set_Input
</UL>
<BR>[Called By]<UL><LI><a href="#[49]">&gt;&gt;</a>&nbsp;&nbsp;&nbsp;task_main
<LI><a href="#[16e]">&gt;&gt;</a>&nbsp;&nbsp;&nbsp;SleepInit_GPIO
<LI><a href="#[10c]">&gt;&gt;</a>&nbsp;&nbsp;&nbsp;Init_GPIO
</UL>

<P><STRONG><a name="[bb]"></a>Clr_M5311_Power</STRONG> (Thumb, 38 bytes, Stack size 16 bytes, m5311.o(i.Clr_M5311_Power))
<BR><BR>[Stack]<UL><LI>Max Depth = 36<LI>Call Chain = Clr_M5311_Power &rArr; GPIO_Init
</UL>
<BR>[Calls]<UL><LI><a href="#[98]">&gt;&gt;</a>&nbsp;&nbsp;&nbsp;GPIO_Init
</UL>
<BR>[Called By]<UL><LI><a href="#[16e]">&gt;&gt;</a>&nbsp;&nbsp;&nbsp;SleepInit_GPIO
<LI><a href="#[10c]">&gt;&gt;</a>&nbsp;&nbsp;&nbsp;Init_GPIO
</UL>

<P><STRONG><a name="[15b]"></a>Com_ForLink_Move</STRONG> (Thumb, 110 bytes, Stack size 8 bytes, data.o(i.Com_ForLink_Move))
<BR><BR>[Stack]<UL><LI>Max Depth = 8<LI>Call Chain = Com_ForLink_Move
</UL>
<BR>[Called By]<UL><LI><a href="#[152]">&gt;&gt;</a>&nbsp;&nbsp;&nbsp;Read_Si24r1_Data
</UL>

<P><STRONG><a name="[15c]"></a>Com_ForLink_Temp</STRONG> (Thumb, 114 bytes, Stack size 8 bytes, data.o(i.Com_ForLink_Temp))
<BR><BR>[Stack]<UL><LI>Max Depth = 8<LI>Call Chain = Com_ForLink_Temp
</UL>
<BR>[Called By]<UL><LI><a href="#[152]">&gt;&gt;</a>&nbsp;&nbsp;&nbsp;Read_Si24r1_Data
</UL>

<P><STRONG><a name="[158]"></a>Com_Respond_Move</STRONG> (Thumb, 118 bytes, Stack size 0 bytes, data.o(i.Com_Respond_Move))
<BR><BR>[Called By]<UL><LI><a href="#[152]">&gt;&gt;</a>&nbsp;&nbsp;&nbsp;Read_Si24r1_Data
</UL>

<P><STRONG><a name="[15a]"></a>Com_Respond_Smoke</STRONG> (Thumb, 96 bytes, Stack size 0 bytes, data.o(i.Com_Respond_Smoke))
<BR><BR>[Called By]<UL><LI><a href="#[152]">&gt;&gt;</a>&nbsp;&nbsp;&nbsp;Read_Si24r1_Data
</UL>

<P><STRONG><a name="[157]"></a>Com_Respond_Temp</STRONG> (Thumb, 108 bytes, Stack size 0 bytes, data.o(i.Com_Respond_Temp))
<BR><BR>[Called By]<UL><LI><a href="#[152]">&gt;&gt;</a>&nbsp;&nbsp;&nbsp;Read_Si24r1_Data
</UL>

<P><STRONG><a name="[159]"></a>Com_Respond_Water</STRONG> (Thumb, 96 bytes, Stack size 0 bytes, data.o(i.Com_Respond_Water))
<BR><BR>[Called By]<UL><LI><a href="#[152]">&gt;&gt;</a>&nbsp;&nbsp;&nbsp;Read_Si24r1_Data
</UL>

<P><STRONG><a name="[12d]"></a>Com_Send_Alarm</STRONG> (Thumb, 536 bytes, Stack size 8 bytes, data.o(i.Com_Send_Alarm))
<BR><BR>[Stack]<UL><LI>Max Depth = 8<LI>Call Chain = Com_Send_Alarm
</UL>
<BR>[Called By]<UL><LI><a href="#[12b]">&gt;&gt;</a>&nbsp;&nbsp;&nbsp;M5311_UDPSend_ALARMData
</UL>

<P><STRONG><a name="[132]"></a>Com_Send_State</STRONG> (Thumb, 500 bytes, Stack size 36 bytes, data.o(i.Com_Send_State))
<BR><BR>[Stack]<UL><LI>Max Depth = 36<LI>Call Chain = Com_Send_State
</UL>
<BR>[Called By]<UL><LI><a href="#[131]">&gt;&gt;</a>&nbsp;&nbsp;&nbsp;M5311_UDPSend_InfData_ALARM
<LI><a href="#[127]">&gt;&gt;</a>&nbsp;&nbsp;&nbsp;M5311_UDPSend_InfData
</UL>

<P><STRONG><a name="[bc]"></a>Ctr_M5311_PMS_PIN</STRONG> (Thumb, 40 bytes, Stack size 16 bytes, m5311.o(i.Ctr_M5311_PMS_PIN))
<BR><BR>[Stack]<UL><LI>Max Depth = 36<LI>Call Chain = Ctr_M5311_PMS_PIN &rArr; GPIO_Init
</UL>
<BR>[Calls]<UL><LI><a href="#[98]">&gt;&gt;</a>&nbsp;&nbsp;&nbsp;GPIO_Init
</UL>
<BR>[Called By]<UL><LI><a href="#[12a]">&gt;&gt;</a>&nbsp;&nbsp;&nbsp;M5311_Send_alarm
<LI><a href="#[126]">&gt;&gt;</a>&nbsp;&nbsp;&nbsp;M5311_Send_Inf
<LI><a href="#[122]">&gt;&gt;</a>&nbsp;&nbsp;&nbsp;M5311_InitPowerOn
<LI><a href="#[ea]">&gt;&gt;</a>&nbsp;&nbsp;&nbsp;Get_M5311_Status
<LI><a href="#[de]">&gt;&gt;</a>&nbsp;&nbsp;&nbsp;Get_M5311Inf
</UL>

<P><STRONG><a name="[bd]"></a>Ctr_M5311_RST</STRONG> (Thumb, 38 bytes, Stack size 16 bytes, m5311.o(i.Ctr_M5311_RST))
<BR><BR>[Stack]<UL><LI>Max Depth = 36<LI>Call Chain = Ctr_M5311_RST &rArr; GPIO_Init
</UL>
<BR>[Calls]<UL><LI><a href="#[98]">&gt;&gt;</a>&nbsp;&nbsp;&nbsp;GPIO_Init
</UL>
<BR>[Called By]<UL><LI><a href="#[121]">&gt;&gt;</a>&nbsp;&nbsp;&nbsp;ResetM5311
<LI><a href="#[12a]">&gt;&gt;</a>&nbsp;&nbsp;&nbsp;M5311_Send_alarm
<LI><a href="#[126]">&gt;&gt;</a>&nbsp;&nbsp;&nbsp;M5311_Send_Inf
<LI><a href="#[122]">&gt;&gt;</a>&nbsp;&nbsp;&nbsp;M5311_InitPowerOn
<LI><a href="#[de]">&gt;&gt;</a>&nbsp;&nbsp;&nbsp;Get_M5311Inf
<LI><a href="#[16e]">&gt;&gt;</a>&nbsp;&nbsp;&nbsp;SleepInit_GPIO
<LI><a href="#[10c]">&gt;&gt;</a>&nbsp;&nbsp;&nbsp;Init_GPIO
</UL>

<P><STRONG><a name="[be]"></a>Ctr_M5311_WakeIn_Gpio</STRONG> (Thumb, 38 bytes, Stack size 16 bytes, m5311.o(i.Ctr_M5311_WakeIn_Gpio))
<BR><BR>[Stack]<UL><LI>Max Depth = 36<LI>Call Chain = Ctr_M5311_WakeIn_Gpio &rArr; GPIO_Init
</UL>
<BR>[Calls]<UL><LI><a href="#[98]">&gt;&gt;</a>&nbsp;&nbsp;&nbsp;GPIO_Init
</UL>
<BR>[Called By]<UL><LI><a href="#[e2]">&gt;&gt;</a>&nbsp;&nbsp;&nbsp;M5311_WakeUp_FromPSM
<LI><a href="#[124]">&gt;&gt;</a>&nbsp;&nbsp;&nbsp;M5311_WakeUpPowerOn
<LI><a href="#[12a]">&gt;&gt;</a>&nbsp;&nbsp;&nbsp;M5311_Send_alarm
<LI><a href="#[126]">&gt;&gt;</a>&nbsp;&nbsp;&nbsp;M5311_Send_Inf
<LI><a href="#[122]">&gt;&gt;</a>&nbsp;&nbsp;&nbsp;M5311_InitPowerOn
<LI><a href="#[de]">&gt;&gt;</a>&nbsp;&nbsp;&nbsp;Get_M5311Inf
</UL>

<P><STRONG><a name="[bf]"></a>DATA_EEPROM_EraseWord</STRONG> (Thumb, 26 bytes, Stack size 12 bytes, stm32l1xx_flash.o(i.DATA_EEPROM_EraseWord))
<BR><BR>[Stack]<UL><LI>Max Depth = 20<LI>Call Chain = DATA_EEPROM_EraseWord &rArr; FLASH_WaitForLastOperation
</UL>
<BR>[Calls]<UL><LI><a href="#[c0]">&gt;&gt;</a>&nbsp;&nbsp;&nbsp;FLASH_WaitForLastOperation
</UL>
<BR>[Called By]<UL><LI><a href="#[c2]">&gt;&gt;</a>&nbsp;&nbsp;&nbsp;DATA_EEPROM_ProgramByte
</UL>

<P><STRONG><a name="[c1]"></a>DATA_EEPROM_FastProgramWord</STRONG> (Thumb, 46 bytes, Stack size 16 bytes, stm32l1xx_flash.o(i.DATA_EEPROM_FastProgramWord))
<BR><BR>[Stack]<UL><LI>Max Depth = 24<LI>Call Chain = DATA_EEPROM_FastProgramWord &rArr; FLASH_WaitForLastOperation
</UL>
<BR>[Calls]<UL><LI><a href="#[c0]">&gt;&gt;</a>&nbsp;&nbsp;&nbsp;FLASH_WaitForLastOperation
</UL>
<BR>[Called By]<UL><LI><a href="#[c2]">&gt;&gt;</a>&nbsp;&nbsp;&nbsp;DATA_EEPROM_ProgramByte
</UL>

<P><STRONG><a name="[c2]"></a>DATA_EEPROM_ProgramByte</STRONG> (Thumb, 92 bytes, Stack size 24 bytes, stm32l1xx_flash.o(i.DATA_EEPROM_ProgramByte))
<BR><BR>[Stack]<UL><LI>Max Depth = 48<LI>Call Chain = DATA_EEPROM_ProgramByte &rArr; DATA_EEPROM_FastProgramWord &rArr; FLASH_WaitForLastOperation
</UL>
<BR>[Calls]<UL><LI><a href="#[c0]">&gt;&gt;</a>&nbsp;&nbsp;&nbsp;FLASH_WaitForLastOperation
<LI><a href="#[c1]">&gt;&gt;</a>&nbsp;&nbsp;&nbsp;DATA_EEPROM_FastProgramWord
<LI><a href="#[bf]">&gt;&gt;</a>&nbsp;&nbsp;&nbsp;DATA_EEPROM_EraseWord
</UL>
<BR>[Called By]<UL><LI><a href="#[b6]">&gt;&gt;</a>&nbsp;&nbsp;&nbsp;FLASH_Save_Para_Encode
</UL>

<P><STRONG><a name="[d7]"></a>DATA_EEPROM_Unlock</STRONG> (Thumb, 24 bytes, Stack size 0 bytes, stm32l1xx_flash.o(i.DATA_EEPROM_Unlock))
<BR><BR>[Called By]<UL><LI><a href="#[b6]">&gt;&gt;</a>&nbsp;&nbsp;&nbsp;FLASH_Save_Para_Encode
</UL>

<P><STRONG><a name="[191]"></a>DBGMCU_Config</STRONG> (Thumb, 26 bytes, Stack size 0 bytes, stm32l1xx_dbgmcu.o(i.DBGMCU_Config))
<BR><BR>[Called By]<UL><LI><a href="#[37]">&gt;&gt;</a>&nbsp;&nbsp;&nbsp;main
</UL>

<P><STRONG><a name="[15]"></a>DMA1_Channel1_IRQHandler</STRONG> (Thumb, 24 bytes, Stack size 8 bytes, drive.o(i.DMA1_Channel1_IRQHandler))
<BR><BR>[Stack]<UL><LI>Max Depth = 8<LI>Call Chain = DMA1_Channel1_IRQHandler
</UL>
<BR>[Calls]<UL><LI><a href="#[c3]">&gt;&gt;</a>&nbsp;&nbsp;&nbsp;DMA_GetITStatus
<LI><a href="#[93]">&gt;&gt;</a>&nbsp;&nbsp;&nbsp;DMA_ClearITPendingBit
</UL>
<BR>[Address Reference Count : 1]<UL><LI> startup_stm32l1xx_md.o(RESET)
</UL>
<P><STRONG><a name="[93]"></a>DMA_ClearITPendingBit</STRONG> (Thumb, 18 bytes, Stack size 0 bytes, stm32l1xx_dma.o(i.DMA_ClearITPendingBit))
<BR><BR>[Called By]<UL><LI><a href="#[15]">&gt;&gt;</a>&nbsp;&nbsp;&nbsp;DMA1_Channel1_IRQHandler
<LI><a href="#[8f]">&gt;&gt;</a>&nbsp;&nbsp;&nbsp;ADC1_Init
</UL>

<P><STRONG><a name="[96]"></a>DMA_Cmd</STRONG> (Thumb, 24 bytes, Stack size 0 bytes, stm32l1xx_dma.o(i.DMA_Cmd))
<BR><BR>[Called By]<UL><LI><a href="#[8f]">&gt;&gt;</a>&nbsp;&nbsp;&nbsp;ADC1_Init
</UL>

<P><STRONG><a name="[91]"></a>DMA_DeInit</STRONG> (Thumb, 324 bytes, Stack size 0 bytes, stm32l1xx_dma.o(i.DMA_DeInit))
<BR><BR>[Called By]<UL><LI><a href="#[8f]">&gt;&gt;</a>&nbsp;&nbsp;&nbsp;ADC1_Init
</UL>

<P><STRONG><a name="[c3]"></a>DMA_GetITStatus</STRONG> (Thumb, 36 bytes, Stack size 0 bytes, stm32l1xx_dma.o(i.DMA_GetITStatus))
<BR><BR>[Called By]<UL><LI><a href="#[15]">&gt;&gt;</a>&nbsp;&nbsp;&nbsp;DMA1_Channel1_IRQHandler
</UL>

<P><STRONG><a name="[94]"></a>DMA_ITConfig</STRONG> (Thumb, 18 bytes, Stack size 0 bytes, stm32l1xx_dma.o(i.DMA_ITConfig))
<BR><BR>[Called By]<UL><LI><a href="#[8f]">&gt;&gt;</a>&nbsp;&nbsp;&nbsp;ADC1_Init
</UL>

<P><STRONG><a name="[92]"></a>DMA_Init</STRONG> (Thumb, 60 bytes, Stack size 8 bytes, stm32l1xx_dma.o(i.DMA_Init))
<BR><BR>[Stack]<UL><LI>Max Depth = 8<LI>Call Chain = DMA_Init
</UL>
<BR>[Called By]<UL><LI><a href="#[8f]">&gt;&gt;</a>&nbsp;&nbsp;&nbsp;ADC1_Init
</UL>

<P><STRONG><a name="[7]"></a>DebugMon_Handler</STRONG> (Thumb, 2 bytes, Stack size 0 bytes, stm32l1xx_it.o(i.DebugMon_Handler))
<BR>[Address Reference Count : 1]<UL><LI> startup_stm32l1xx_md.o(RESET)
</UL>
<P><STRONG><a name="[54]"></a>Del_Move_Mode_Number</STRONG> (Thumb, 258 bytes, Stack size 32 bytes, menu.o(i.Del_Move_Mode_Number))
<BR><BR>[Stack]<UL><LI>Max Depth = 184<LI>Call Chain = Del_Move_Mode_Number &rArr; GUI_PutStringConst14x14_7x14 &rArr; GUI_PutHZ14x14 &rArr; Display_PIC &rArr; set_pixel
</UL>
<BR>[Calls]<UL><LI><a href="#[a1]">&gt;&gt;</a>&nbsp;&nbsp;&nbsp;IWDG_ReloadCounter
<LI><a href="#[b4]">&gt;&gt;</a>&nbsp;&nbsp;&nbsp;LCD_Update
<LI><a href="#[b0]">&gt;&gt;</a>&nbsp;&nbsp;&nbsp;LCD_Clear
<LI><a href="#[b2]">&gt;&gt;</a>&nbsp;&nbsp;&nbsp;Get_TxtLength14x14
<LI><a href="#[b1]">&gt;&gt;</a>&nbsp;&nbsp;&nbsp;GUI_PutStringConst14x14_7x14
<LI><a href="#[b3]">&gt;&gt;</a>&nbsp;&nbsp;&nbsp;GUI_PutStringConst14x14
<LI><a href="#[b6]">&gt;&gt;</a>&nbsp;&nbsp;&nbsp;FLASH_Save_Para_Encode
<LI><a href="#[aa]">&gt;&gt;</a>&nbsp;&nbsp;&nbsp;Buzzer_50ms
<LI><a href="#[c4]">&gt;&gt;</a>&nbsp;&nbsp;&nbsp;__aeabi_memclr4
</UL>
<BR>[Address Reference Count : 1]<UL><LI> menu.o(.constdata)
</UL>
<P><STRONG><a name="[5a]"></a>Del_Smoke_Mode_Number</STRONG> (Thumb, 262 bytes, Stack size 32 bytes, menu.o(i.Del_Smoke_Mode_Number))
<BR><BR>[Stack]<UL><LI>Max Depth = 184<LI>Call Chain = Del_Smoke_Mode_Number &rArr; GUI_PutStringConst14x14_7x14 &rArr; GUI_PutHZ14x14 &rArr; Display_PIC &rArr; set_pixel
</UL>
<BR>[Calls]<UL><LI><a href="#[a1]">&gt;&gt;</a>&nbsp;&nbsp;&nbsp;IWDG_ReloadCounter
<LI><a href="#[b4]">&gt;&gt;</a>&nbsp;&nbsp;&nbsp;LCD_Update
<LI><a href="#[b0]">&gt;&gt;</a>&nbsp;&nbsp;&nbsp;LCD_Clear
<LI><a href="#[b2]">&gt;&gt;</a>&nbsp;&nbsp;&nbsp;Get_TxtLength14x14
<LI><a href="#[b1]">&gt;&gt;</a>&nbsp;&nbsp;&nbsp;GUI_PutStringConst14x14_7x14
<LI><a href="#[b3]">&gt;&gt;</a>&nbsp;&nbsp;&nbsp;GUI_PutStringConst14x14
<LI><a href="#[b6]">&gt;&gt;</a>&nbsp;&nbsp;&nbsp;FLASH_Save_Para_Encode
<LI><a href="#[aa]">&gt;&gt;</a>&nbsp;&nbsp;&nbsp;Buzzer_50ms
<LI><a href="#[c4]">&gt;&gt;</a>&nbsp;&nbsp;&nbsp;__aeabi_memclr4
</UL>
<BR>[Address Reference Count : 1]<UL><LI> menu.o(.constdata)
</UL>
<P><STRONG><a name="[51]"></a>Del_Temp_Mode_Number</STRONG> (Thumb, 258 bytes, Stack size 32 bytes, menu.o(i.Del_Temp_Mode_Number))
<BR><BR>[Stack]<UL><LI>Max Depth = 184<LI>Call Chain = Del_Temp_Mode_Number &rArr; GUI_PutStringConst14x14_7x14 &rArr; GUI_PutHZ14x14 &rArr; Display_PIC &rArr; set_pixel
</UL>
<BR>[Calls]<UL><LI><a href="#[a1]">&gt;&gt;</a>&nbsp;&nbsp;&nbsp;IWDG_ReloadCounter
<LI><a href="#[b4]">&gt;&gt;</a>&nbsp;&nbsp;&nbsp;LCD_Update
<LI><a href="#[b0]">&gt;&gt;</a>&nbsp;&nbsp;&nbsp;LCD_Clear
<LI><a href="#[b2]">&gt;&gt;</a>&nbsp;&nbsp;&nbsp;Get_TxtLength14x14
<LI><a href="#[b1]">&gt;&gt;</a>&nbsp;&nbsp;&nbsp;GUI_PutStringConst14x14_7x14
<LI><a href="#[b3]">&gt;&gt;</a>&nbsp;&nbsp;&nbsp;GUI_PutStringConst14x14
<LI><a href="#[b6]">&gt;&gt;</a>&nbsp;&nbsp;&nbsp;FLASH_Save_Para_Encode
<LI><a href="#[aa]">&gt;&gt;</a>&nbsp;&nbsp;&nbsp;Buzzer_50ms
<LI><a href="#[c4]">&gt;&gt;</a>&nbsp;&nbsp;&nbsp;__aeabi_memclr4
</UL>
<BR>[Address Reference Count : 1]<UL><LI> menu.o(.constdata)
</UL>
<P><STRONG><a name="[57]"></a>Del_Water_Mode_Number</STRONG> (Thumb, 260 bytes, Stack size 32 bytes, menu.o(i.Del_Water_Mode_Number))
<BR><BR>[Stack]<UL><LI>Max Depth = 184<LI>Call Chain = Del_Water_Mode_Number &rArr; GUI_PutStringConst14x14_7x14 &rArr; GUI_PutHZ14x14 &rArr; Display_PIC &rArr; set_pixel
</UL>
<BR>[Calls]<UL><LI><a href="#[a1]">&gt;&gt;</a>&nbsp;&nbsp;&nbsp;IWDG_ReloadCounter
<LI><a href="#[b4]">&gt;&gt;</a>&nbsp;&nbsp;&nbsp;LCD_Update
[...]
</UL>
<BR>[Called By]<UL><LI><a href="#[f4]">&gt;&gt;</a>&nbsp;&nbsp;&nbsp;I2C2_WaitAck
<LI><a href="#[ef]">&gt;&gt;</a>&nbsp;&nbsp;&nbsp;I2C2_ReceiveByte
</UL>

<P><STRONG><a name="[f2]"></a>I2C2_Set_SDA_Output</STRONG> (Thumb, 36 bytes, Stack size 16 bytes, key.o(i.I2C2_Set_SDA_Output))
<BR><BR>[Stack]<UL><LI>Max Depth = 36<LI>Call Chain = I2C2_Set_SDA_Output &rArr; GPIO_Init
</UL>
<BR>[Calls]<UL><LI><a href="#[98]">&gt;&gt;</a>&nbsp;&nbsp;&nbsp;GPIO_Init
</UL>
<BR>[Called By]<UL><LI><a href="#[f4]">&gt;&gt;</a>&nbsp;&nbsp;&nbsp;I2C2_WaitAck
<LI><a href="#[f5]">&gt;&gt;</a>&nbsp;&nbsp;&nbsp;I2C2_Start
<LI><a href="#[ef]">&gt;&gt;</a>&nbsp;&nbsp;&nbsp;I2C2_ReceiveByte
</UL>

<P><STRONG><a name="[f5]"></a>I2C2_Start</STRONG> (Thumb, 46 bytes, Stack size 8 bytes, key.o(i.I2C2_Start))
<BR><BR>[Stack]<UL><LI>Max Depth = 44<LI>Call Chain = I2C2_Start &rArr; I2C2_Set_SDA_Output &rArr; GPIO_Init
</UL>
<BR>[Calls]<UL><LI><a href="#[ac]">&gt;&gt;</a>&nbsp;&nbsp;&nbsp;GPIO_SetBits
<LI><a href="#[af]">&gt;&gt;</a>&nbsp;&nbsp;&nbsp;GPIO_ResetBits
<LI><a href="#[f1]">&gt;&gt;</a>&nbsp;&nbsp;&nbsp;I2C2_delay
<LI><a href="#[f2]">&gt;&gt;</a>&nbsp;&nbsp;&nbsp;I2C2_Set_SDA_Output
</UL>
<BR>[Called By]<UL><LI><a href="#[d3]">&gt;&gt;</a>&nbsp;&nbsp;&nbsp;ReadBS8116A
<LI><a href="#[109]">&gt;&gt;</a>&nbsp;&nbsp;&nbsp;Init_BS8116A
</UL>

<P><STRONG><a name="[f6]"></a>I2C2_Stop</STRONG> (Thumb, 56 bytes, Stack size 8 bytes, key.o(i.I2C2_Stop))
<BR><BR>[Stack]<UL><LI>Max Depth = 16<LI>Call Chain = I2C2_Stop &rArr; I2C2_delay
</UL>
<BR>[Calls]<UL><LI><a href="#[ac]">&gt;&gt;</a>&nbsp;&nbsp;&nbsp;GPIO_SetBits
<LI><a href="#[af]">&gt;&gt;</a>&nbsp;&nbsp;&nbsp;GPIO_ResetBits
<LI><a href="#[f1]">&gt;&gt;</a>&nbsp;&nbsp;&nbsp;I2C2_delay
</UL>
<BR>[Called By]<UL><LI><a href="#[d3]">&gt;&gt;</a>&nbsp;&nbsp;&nbsp;ReadBS8116A
<LI><a href="#[109]">&gt;&gt;</a>&nbsp;&nbsp;&nbsp;Init_BS8116A
</UL>

<P><STRONG><a name="[f4]"></a>I2C2_WaitAck</STRONG> (Thumb, 86 bytes, Stack size 16 bytes, key.o(i.I2C2_WaitAck))
<BR><BR>[Stack]<UL><LI>Max Depth = 52<LI>Call Chain = I2C2_WaitAck &rArr; I2C2_Set_SDA_Output &rArr; GPIO_Init
</UL>
<BR>[Calls]<UL><LI><a href="#[ac]">&gt;&gt;</a>&nbsp;&nbsp;&nbsp;GPIO_SetBits
<LI><a href="#[af]">&gt;&gt;</a>&nbsp;&nbsp;&nbsp;GPIO_ResetBits
<LI><a href="#[ec]">&gt;&gt;</a>&nbsp;&nbsp;&nbsp;GPIO_ReadInputDataBit
<LI><a href="#[f1]">&gt;&gt;</a>&nbsp;&nbsp;&nbsp;I2C2_delay
<LI><a href="#[f2]">&gt;&gt;</a>&nbsp;&nbsp;&nbsp;I2C2_Set_SDA_Output
<LI><a href="#[f0]">&gt;&gt;</a>&nbsp;&nbsp;&nbsp;I2C2_Set_SDA_Input
</UL>
<BR>[Called By]<UL><LI><a href="#[f3]">&gt;&gt;</a>&nbsp;&nbsp;&nbsp;I2C2_SendByte
</UL>

<P><STRONG><a name="[f1]"></a>I2C2_delay</STRONG> (Thumb, 28 bytes, Stack size 8 bytes, key.o(i.I2C2_delay))
<BR><BR>[Stack]<UL><LI>Max Depth = 8<LI>Call Chain = I2C2_delay
</UL>
<BR>[Called By]<UL><LI><a href="#[f4]">&gt;&gt;</a>&nbsp;&nbsp;&nbsp;I2C2_WaitAck
<LI><a href="#[f6]">&gt;&gt;</a>&nbsp;&nbsp;&nbsp;I2C2_Stop
<LI><a href="#[f5]">&gt;&gt;</a>&nbsp;&nbsp;&nbsp;I2C2_Start
<LI><a href="#[f3]">&gt;&gt;</a>&nbsp;&nbsp;&nbsp;I2C2_SendByte
<LI><a href="#[ef]">&gt;&gt;</a>&nbsp;&nbsp;&nbsp;I2C2_ReceiveByte
</UL>

<P><STRONG><a name="[c7]"></a>set_pixel</STRONG> (Thumb, 116 bytes, Stack size 16 bytes, led_drive.o(i.set_pixel))
<BR><BR>[Stack]<UL><LI>Max Depth = 16<LI>Call Chain = set_pixel
</UL>
<BR>[Called By]<UL><LI><a href="#[cf]">&gt;&gt;</a>&nbsp;&nbsp;&nbsp;Display_PIC
<LI><a href="#[d0]">&gt;&gt;</a>&nbsp;&nbsp;&nbsp;Display_VLine
<LI><a href="#[a8]">&gt;&gt;</a>&nbsp;&nbsp;&nbsp;Display_HLine
</UL>

<P><STRONG><a name="[16c]"></a>Get_Item_Enable_Index</STRONG> (Thumb, 50 bytes, Stack size 12 bytes, fp_menu.o(i.Get_Item_Enable_Index))
<BR><BR>[Stack]<UL><LI>Max Depth = 12<LI>Call Chain = Get_Item_Enable_Index
</UL>
<BR>[Called By]<UL><LI><a href="#[d6]">&gt;&gt;</a>&nbsp;&nbsp;&nbsp;Show_Menu_List
</UL>

<P><STRONG><a name="[16b]"></a>Get_Item_Enable_Number</STRONG> (Thumb, 42 bytes, Stack size 8 bytes, fp_menu.o(i.Get_Item_Enable_Number))
<BR><BR>[Stack]<UL><LI>Max Depth = 8<LI>Call Chain = Get_Item_Enable_Number
</UL>
<BR>[Called By]<UL><LI><a href="#[d6]">&gt;&gt;</a>&nbsp;&nbsp;&nbsp;Show_Menu_List
</UL>

<P><STRONG><a name="[d6]"></a>Show_Menu_List</STRONG> (Thumb, 770 bytes, Stack size 104 bytes, fp_menu.o(i.Show_Menu_List))
<BR><BR>[Stack]<UL><LI>Max Depth = 256 + In Cycle
<LI>Call Chain = Show_Menu_List &rArr;  Show_Menu_List (Cycle)
</UL>
<BR>[Calls]<UL><LI><a href="#[a1]">&gt;&gt;</a>&nbsp;&nbsp;&nbsp;IWDG_ReloadCounter
<LI><a href="#[cf]">&gt;&gt;</a>&nbsp;&nbsp;&nbsp;Display_PIC
<LI><a href="#[b4]">&gt;&gt;</a>&nbsp;&nbsp;&nbsp;LCD_Update
<LI><a href="#[b0]">&gt;&gt;</a>&nbsp;&nbsp;&nbsp;LCD_Clear
<LI><a href="#[b1]">&gt;&gt;</a>&nbsp;&nbsp;&nbsp;GUI_PutStringConst14x14_7x14
<LI><a href="#[db]">&gt;&gt;</a>&nbsp;&nbsp;&nbsp;GUI_PutString14x14
<LI><a href="#[16d]">&gt;&gt;</a>&nbsp;&nbsp;&nbsp;ItemNum2Str
<LI><a href="#[d6]">&gt;&gt;</a>&nbsp;&nbsp;&nbsp;Show_Menu_List
<LI><a href="#[16b]">&gt;&gt;</a>&nbsp;&nbsp;&nbsp;Get_Item_Enable_Number
<LI><a href="#[16c]">&gt;&gt;</a>&nbsp;&nbsp;&nbsp;Get_Item_Enable_Index
<LI><a href="#[aa]">&gt;&gt;</a>&nbsp;&nbsp;&nbsp;Buzzer_50ms
</UL>
<BR>[Called By]<UL><LI><a href="#[d6]">&gt;&gt;</a>&nbsp;&nbsp;&nbsp;Show_Menu_List
<LI><a href="#[ce]">&gt;&gt;</a>&nbsp;&nbsp;&nbsp;Enter_Main_Menu
</UL>

<P><STRONG><a name="[162]"></a>SPI_RW</STRONG> (Thumb, 84 bytes, Stack size 16 bytes, si24r1.o(i.SPI_RW))
<BR><BR>[Stack]<UL><LI>Max Depth = 16<LI>Call Chain = SPI_RW
</UL>
<BR>[Calls]<UL><LI><a href="#[ac]">&gt;&gt;</a>&nbsp;&nbsp;&nbsp;GPIO_SetBits
<LI><a href="#[af]">&gt;&gt;</a>&nbsp;&nbsp;&nbsp;GPIO_ResetBits
<LI><a href="#[ec]">&gt;&gt;</a>&nbsp;&nbsp;&nbsp;GPIO_ReadInputDataBit
</UL>
<BR>[Called By]<UL><LI><a href="#[160]">&gt;&gt;</a>&nbsp;&nbsp;&nbsp;SI24R1_Write_Reg
<LI><a href="#[15f]">&gt;&gt;</a>&nbsp;&nbsp;&nbsp;SI24R1_Write_Buf
<LI><a href="#[163]">&gt;&gt;</a>&nbsp;&nbsp;&nbsp;SI24R1_Read_Reg
<LI><a href="#[161]">&gt;&gt;</a>&nbsp;&nbsp;&nbsp;SI24R1_Read_Buf
</UL>

<P><STRONG><a name="[f7]"></a>I2C_ReadByte</STRONG> (Thumb, 162 bytes, Stack size 24 bytes, opt3001.o(i.I2C_ReadByte))
<BR><BR>[Stack]<UL><LI>Max Depth = 60<LI>Call Chain = I2C_ReadByte &rArr; I2C_Set_SDA_Output &rArr; GPIO_Init
</UL>
<BR>[Calls]<UL><LI><a href="#[ac]">&gt;&gt;</a>&nbsp;&nbsp;&nbsp;GPIO_SetBits
<LI><a href="#[af]">&gt;&gt;</a>&nbsp;&nbsp;&nbsp;GPIO_ResetBits
<LI><a href="#[fa]">&gt;&gt;</a>&nbsp;&nbsp;&nbsp;SDA_read
<LI><a href="#[f9]">&gt;&gt;</a>&nbsp;&nbsp;&nbsp;I2C_delay
<LI><a href="#[fb]">&gt;&gt;</a>&nbsp;&nbsp;&nbsp;I2C_Set_SDA_Output
<LI><a href="#[f8]">&gt;&gt;</a>&nbsp;&nbsp;&nbsp;I2C_Set_SDA_Input
</UL>
<BR>[Called By]<UL><LI><a href="#[13e]">&gt;&gt;</a>&nbsp;&nbsp;&nbsp;OPT3001_read
</UL>

<P><STRONG><a name="[101]"></a>I2C_SendByte</STRONG> (Thumb, 92 bytes, Stack size 16 bytes, opt3001.o(i.I2C_SendByte))
<BR><BR>[Stack]<UL><LI>Max Depth = 68<LI>Call Chain = I2C_SendByte &rArr; I2C_WaitAck &rArr; I2C_Set_SDA_Output &rArr; GPIO_Init
</UL>
<BR>[Calls]<UL><LI><a href="#[ac]">&gt;&gt;</a>&nbsp;&nbsp;&nbsp;GPIO_SetBits
<LI><a href="#[af]">&gt;&gt;</a>&nbsp;&nbsp;&nbsp;GPIO_ResetBits
<LI><a href="#[f9]">&gt;&gt;</a>&nbsp;&nbsp;&nbsp;I2C_delay
<LI><a href="#[102]">&gt;&gt;</a>&nbsp;&nbsp;&nbsp;I2C_WaitAck
</UL>
<BR>[Called By]<UL><LI><a href="#[13e]">&gt;&gt;</a>&nbsp;&nbsp;&nbsp;OPT3001_read
<LI><a href="#[112]">&gt;&gt;</a>&nbsp;&nbsp;&nbsp;OPT3001_WriteReg
</UL>

<P><STRONG><a name="[f8]"></a>I2C_Set_SDA_Input</STRONG> (Thumb, 36 bytes, Stack size 16 bytes, opt3001.o(i.I2C_Set_SDA_Input))
<BR><BR>[Stack]<UL><LI>Max Depth = 36<LI>Call Chain = I2C_Set_SDA_Input &rArr; GPIO_Init
</UL>
<BR>[Calls]<UL><LI><a href="#[98]">&gt;&gt;</a>&nbsp;&nbsp;&nbsp;GPIO_Init
</UL>
<BR>[Called By]<UL><LI><a href="#[102]">&gt;&gt;</a>&nbsp;&nbsp;&nbsp;I2C_WaitAck
<LI><a href="#[f7]">&gt;&gt;</a>&nbsp;&nbsp;&nbsp;I2C_ReadByte
</UL>

<P><STRONG><a name="[fb]"></a>I2C_Set_SDA_Output</STRONG> (Thumb, 40 bytes, Stack size 16 bytes, opt3001.o(i.I2C_Set_SDA_Output))
<BR><BR>[Stack]<UL><LI>Max Depth = 36<LI>Call Chain = I2C_Set_SDA_Output &rArr; GPIO_Init
</UL>
<BR>[Calls]<UL><LI><a href="#[98]">&gt;&gt;</a>&nbsp;&nbsp;&nbsp;GPIO_Init
</UL>
<BR>[Called By]<UL><LI><a href="#[102]">&gt;&gt;</a>&nbsp;&nbsp;&nbsp;I2C_WaitAck
<LI><a href="#[105]">&gt;&gt;</a>&nbsp;&nbsp;&nbsp;I2C_Start
<LI><a href="#[f7]">&gt;&gt;</a>&nbsp;&nbsp;&nbsp;I2C_ReadByte
</UL>

<P><STRONG><a name="[105]"></a>I2C_Start</STRONG> (Thumb, 48 bytes, Stack size 8 bytes, opt3001.o(i.I2C_Start))
<BR><BR>[Stack]<UL><LI>Max Depth = 44<LI>Call Chain = I2C_Start &rArr; I2C_Set_SDA_Output &rArr; GPIO_Init
</UL>
<BR>[Calls]<UL><LI><a href="#[ac]">&gt;&gt;</a>&nbsp;&nbsp;&nbsp;GPIO_SetBits
<LI><a href="#[af]">&gt;&gt;</a>&nbsp;&nbsp;&nbsp;GPIO_ResetBits
<LI><a href="#[f9]">&gt;&gt;</a>&nbsp;&nbsp;&nbsp;I2C_delay
<LI><a href="#[fb]">&gt;&gt;</a>&nbsp;&nbsp;&nbsp;I2C_Set_SDA_Output
</UL>
<BR>[Called By]<UL><LI><a href="#[13e]">&gt;&gt;</a>&nbsp;&nbsp;&nbsp;OPT3001_read
<LI><a href="#[112]">&gt;&gt;</a>&nbsp;&nbsp;&nbsp;OPT3001_WriteReg
</UL>

<P><STRONG><a name="[107]"></a>I2C_Stop</STRONG> (Thumb, 56 bytes, Stack size 8 bytes, opt3001.o(i.I2C_Stop))
<BR><BR>[Stack]<UL><LI>Max Depth = 16<LI>Call Chain = I2C_Stop &rArr; I2C_delay
</UL>
<BR>[Calls]<UL><LI><a href="#[ac]">&gt;&gt;</a>&nbsp;&nbsp;&nbsp;GPIO_SetBits
<LI><a href="#[af]">&gt;&gt;</a>&nbsp;&nbsp;&nbsp;GPIO_ResetBits
<LI><a href="#[f9]">&gt;&gt;</a>&nbsp;&nbsp;&nbsp;I2C_delay
</UL>
<BR>[Called By]<UL><LI><a href="#[13e]">&gt;&gt;</a>&nbsp;&nbsp;&nbsp;OPT3001_read
<LI><a href="#[112]">&gt;&gt;</a>&nbsp;&nbsp;&nbsp;OPT3001_WriteReg
</UL>

<P><STRONG><a name="[102]"></a>I2C_WaitAck</STRONG> (Thumb, 80 bytes, Stack size 16 bytes, opt3001.o(i.I2C_WaitAck))
<BR><BR>[Stack]<UL><LI>Max Depth = 52<LI>Call Chain = I2C_WaitAck &rArr; I2C_Set_SDA_Output &rArr; GPIO_Init
</UL>
<BR>[Calls]<UL><LI><a href="#[ac]">&gt;&gt;</a>&nbsp;&nbsp;&nbsp;GPIO_SetBits
<LI><a href="#[af]">&gt;&gt;</a>&nbsp;&nbsp;&nbsp;GPIO_ResetBits
<LI><a href="#[fa]">&gt;&gt;</a>&nbsp;&nbsp;&nbsp;SDA_read
<LI><a href="#[f9]">&gt;&gt;</a>&nbsp;&nbsp;&nbsp;I2C_delay
<LI><a href="#[fb]">&gt;&gt;</a>&nbsp;&nbsp;&nbsp;I2C_Set_SDA_Output
<LI><a href="#[f8]">&gt;&gt;</a>&nbsp;&nbsp;&nbsp;I2C_Set_SDA_Input
</UL>
<BR>[Called By]<UL><LI><a href="#[101]">&gt;&gt;</a>&nbsp;&nbsp;&nbsp;I2C_SendByte
</UL>

<P><STRONG><a name="[f9]"></a>I2C_delay</STRONG> (Thumb, 28 bytes, Stack size 8 bytes, opt3001.o(i.I2C_delay))
<BR><BR>[Stack]<UL><LI>Max Depth = 8<LI>Call Chain = I2C_delay
</UL>
<BR>[Called By]<UL><LI><a href="#[102]">&gt;&gt;</a>&nbsp;&nbsp;&nbsp;I2C_WaitAck
<LI><a href="#[107]">&gt;&gt;</a>&nbsp;&nbsp;&nbsp;I2C_Stop
<LI><a href="#[105]">&gt;&gt;</a>&nbsp;&nbsp;&nbsp;I2C_Start
<LI><a href="#[101]">&gt;&gt;</a>&nbsp;&nbsp;&nbsp;I2C_SendByte
<LI><a href="#[f7]">&gt;&gt;</a>&nbsp;&nbsp;&nbsp;I2C_ReadByte
</UL>

<P><STRONG><a name="[fa]"></a>SDA_read</STRONG> (Thumb, 22 bytes, Stack size 8 bytes, opt3001.o(i.SDA_read))
<BR><BR>[Stack]<UL><LI>Max Depth = 8<LI>Call Chain = SDA_read
</UL>
<BR>[Calls]<UL><LI><a href="#[ec]">&gt;&gt;</a>&nbsp;&nbsp;&nbsp;GPIO_ReadInputDataBit
</UL>
<BR>[Called By]<UL><LI><a href="#[102]">&gt;&gt;</a>&nbsp;&nbsp;&nbsp;I2C_WaitAck
<LI><a href="#[f7]">&gt;&gt;</a>&nbsp;&nbsp;&nbsp;I2C_ReadByte
</UL>

<P><STRONG><a name="[fc]"></a>I2C_ReadByte</STRONG> (Thumb, 178 bytes, Stack size 24 bytes, tmp112.o(i.I2C_ReadByte))
<BR><BR>[Stack]<UL><LI>Max Depth = 60<LI>Call Chain = I2C_ReadByte &rArr; I2C_Set_SDA_Output &rArr; GPIO_Init
</UL>
<BR>[Calls]<UL><LI><a href="#[ac]">&gt;&gt;</a>&nbsp;&nbsp;&nbsp;GPIO_SetBits
<LI><a href="#[af]">&gt;&gt;</a>&nbsp;&nbsp;&nbsp;GPIO_ResetBits
<LI><a href="#[ff]">&gt;&gt;</a>&nbsp;&nbsp;&nbsp;SDA_read
<LI><a href="#[fe]">&gt;&gt;</a>&nbsp;&nbsp;&nbsp;I2C_delay
<LI><a href="#[100]">&gt;&gt;</a>&nbsp;&nbsp;&nbsp;I2C_Set_SDA_Output
<LI><a href="#[fd]">&gt;&gt;</a>&nbsp;&nbsp;&nbsp;I2C_Set_SDA_Input
</UL>
<BR>[Called By]<UL><LI><a href="#[176]">&gt;&gt;</a>&nbsp;&nbsp;&nbsp;Tmp211_ReadReg
<LI><a href="#[151]">&gt;&gt;</a>&nbsp;&nbsp;&nbsp;ReadTmp112Value
</UL>

<P><STRONG><a name="[103]"></a>I2C_SendByte</STRONG> (Thumb, 96 bytes, Stack size 16 bytes, tmp112.o(i.I2C_SendByte))
<BR><BR>[Stack]<UL><LI>Max Depth = 68<LI>Call Chain = I2C_SendByte &rArr; I2C_WaitAck &rArr; I2C_Set_SDA_Output &rArr; GPIO_Init
</UL>
<BR>[Calls]<UL><LI><a href="#[ac]">&gt;&gt;</a>&nbsp;&nbsp;&nbsp;GPIO_SetBits
<LI><a href="#[af]">&gt;&gt;</a>&nbsp;&nbsp;&nbsp;GPIO_ResetBits
<LI><a href="#[fe]">&gt;&gt;</a>&nbsp;&nbsp;&nbsp;I2C_delay
<LI><a href="#[104]">&gt;&gt;</a>&nbsp;&nbsp;&nbsp;I2C_WaitAck
<LI><a href="#[100]">&gt;&gt;</a>&nbsp;&nbsp;&nbsp;I2C_Set_SDA_Output
</UL>
<BR>[Called By]<UL><LI><a href="#[177]">&gt;&gt;</a>&nbsp;&nbsp;&nbsp;Tmp211_WriteLimReg
<LI><a href="#[176]">&gt;&gt;</a>&nbsp;&nbsp;&nbsp;Tmp211_ReadReg
<LI><a href="#[151]">&gt;&gt;</a>&nbsp;&nbsp;&nbsp;ReadTmp112Value
<LI><a href="#[116]">&gt;&gt;</a>&nbsp;&nbsp;&nbsp;Tmp112_WriteConfig
</UL>

<P><STRONG><a name="[fd]"></a>I2C_Set_SDA_Input</STRONG> (Thumb, 36 bytes, Stack size 16 bytes, tmp112.o(i.I2C_Set_SDA_Input))
<BR><BR>[Stack]<UL><LI>Max Depth = 36<LI>Call Chain = I2C_Set_SDA_Input &rArr; GPIO_Init
</UL>
<BR>[Calls]<UL><LI><a href="#[98]">&gt;&gt;</a>&nbsp;&nbsp;&nbsp;GPIO_Init
</UL>
<BR>[Called By]<UL><LI><a href="#[104]">&gt;&gt;</a>&nbsp;&nbsp;&nbsp;I2C_WaitAck
<LI><a href="#[fc]">&gt;&gt;</a>&nbsp;&nbsp;&nbsp;I2C_ReadByte
</UL>

<P><STRONG><a name="[100]"></a>I2C_Set_SDA_Output</STRONG> (Thumb, 40 bytes, Stack size 16 bytes, tmp112.o(i.I2C_Set_SDA_Output))
<BR><BR>[Stack]<UL><LI>Max Depth = 36<LI>Call Chain = I2C_Set_SDA_Output &rArr; GPIO_Init
</UL>
<BR>[Calls]<UL><LI><a href="#[98]">&gt;&gt;</a>&nbsp;&nbsp;&nbsp;GPIO_Init
</UL>
<BR>[Called By]<UL><LI><a href="#[104]">&gt;&gt;</a>&nbsp;&nbsp;&nbsp;I2C_WaitAck
<LI><a href="#[108]">&gt;&gt;</a>&nbsp;&nbsp;&nbsp;I2C_Stop
<LI><a href="#[106]">&gt;&gt;</a>&nbsp;&nbsp;&nbsp;I2C_Start
<LI><a href="#[103]">&gt;&gt;</a>&nbsp;&nbsp;&nbsp;I2C_SendByte
<LI><a href="#[fc]">&gt;&gt;</a>&nbsp;&nbsp;&nbsp;I2C_ReadByte
</UL>

<P><STRONG><a name="[106]"></a>I2C_Start</STRONG> (Thumb, 48 bytes, Stack size 8 bytes, tmp112.o(i.I2C_Start))
<BR><BR>[Stack]<UL><LI>Max Depth = 44<LI>Call Chain = I2C_Start &rArr; I2C_Set_SDA_Output &rArr; GPIO_Init
</UL>
<BR>[Calls]<UL><LI><a href="#[ac]">&gt;&gt;</a>&nbsp;&nbsp;&nbsp;GPIO_SetBits
<LI><a href="#[af]">&gt;&gt;</a>&nbsp;&nbsp;&nbsp;GPIO_ResetBits
<LI><a href="#[fe]">&gt;&gt;</a>&nbsp;&nbsp;&nbsp;I2C_delay
<LI><a href="#[100]">&gt;&gt;</a>&nbsp;&nbsp;&nbsp;I2C_Set_SDA_Output
</UL>
<BR>[Called By]<UL><LI><a href="#[177]">&gt;&gt;</a>&nbsp;&nbsp;&nbsp;Tmp211_WriteLimReg
<LI><a href="#[176]">&gt;&gt;</a>&nbsp;&nbsp;&nbsp;Tmp211_ReadReg
<LI><a href="#[151]">&gt;&gt;</a>&nbsp;&nbsp;&nbsp;ReadTmp112Value
<LI><a href="#[116]">&gt;&gt;</a>&nbsp;&nbsp;&nbsp;Tmp112_WriteConfig
</UL>

<P><STRONG><a name="[108]"></a>I2C_Stop</STRONG> (Thumb, 60 bytes, Stack size 8 bytes, tmp112.o(i.I2C_Stop))
<BR><BR>[Stack]<UL><LI>Max Depth = 44<LI>Call Chain = I2C_Stop &rArr; I2C_Set_SDA_Output &rArr; GPIO_Init
</UL>
<BR>[Calls]<UL><LI><a href="#[ac]">&gt;&gt;</a>&nbsp;&nbsp;&nbsp;GPIO_SetBits
<LI><a href="#[af]">&gt;&gt;</a>&nbsp;&nbsp;&nbsp;GPIO_ResetBits
<LI><a href="#[fe]">&gt;&gt;</a>&nbsp;&nbsp;&nbsp;I2C_delay
<LI><a href="#[100]">&gt;&gt;</a>&nbsp;&nbsp;&nbsp;I2C_Set_SDA_Output
</UL>
<BR>[Called By]<UL><LI><a href="#[177]">&gt;&gt;</a>&nbsp;&nbsp;&nbsp;Tmp211_WriteLimReg
<LI><a href="#[176]">&gt;&gt;</a>&nbsp;&nbsp;&nbsp;Tmp211_ReadReg
<LI><a href="#[151]">&gt;&gt;</a>&nbsp;&nbsp;&nbsp;ReadTmp112Value
<LI><a href="#[116]">&gt;&gt;</a>&nbsp;&nbsp;&nbsp;Tmp112_WriteConfig
</UL>

<P><STRONG><a name="[104]"></a>I2C_WaitAck</STRONG> (Thumb, 80 bytes, Stack size 16 bytes, tmp112.o(i.I2C_WaitAck))
<BR><BR>[Stack]<UL><LI>Max Depth = 52<LI>Call Chain = I2C_WaitAck &rArr; I2C_Set_SDA_Output &rArr; GPIO_Init
</UL>
<BR>[Calls]<UL><LI><a href="#[ac]">&gt;&gt;</a>&nbsp;&nbsp;&nbsp;GPIO_SetBits
<LI><a href="#[af]">&gt;&gt;</a>&nbsp;&nbsp;&nbsp;GPIO_ResetBits
<LI><a href="#[ff]">&gt;&gt;</a>&nbsp;&nbsp;&nbsp;SDA_read
<LI><a href="#[fe]">&gt;&gt;</a>&nbsp;&nbsp;&nbsp;I2C_delay
<LI><a href="#[100]">&gt;&gt;</a>&nbsp;&nbsp;&nbsp;I2C_Set_SDA_Output
<LI><a href="#[fd]">&gt;&gt;</a>&nbsp;&nbsp;&nbsp;I2C_Set_SDA_Input
</UL>
<BR>[Called By]<UL><LI><a href="#[103]">&gt;&gt;</a>&nbsp;&nbsp;&nbsp;I2C_SendByte
</UL>

<P><STRONG><a name="[fe]"></a>I2C_delay</STRONG> (Thumb, 28 bytes, Stack size 8 bytes, tmp112.o(i.I2C_delay))
<BR><BR>[Stack]<UL><LI>Max Depth = 8<LI>Call Chain = I2C_delay
</UL>
<BR>[Called By]<UL><LI><a href="#[176]">&gt;&gt;</a>&nbsp;&nbsp;&nbsp;Tmp211_ReadReg
<LI><a href="#[104]">&gt;&gt;</a>&nbsp;&nbsp;&nbsp;I2C_WaitAck
<LI><a href="#[108]">&gt;&gt;</a>&nbsp;&nbsp;&nbsp;I2C_Stop
<LI><a href="#[106]">&gt;&gt;</a>&nbsp;&nbsp;&nbsp;I2C_Start
<LI><a href="#[103]">&gt;&gt;</a>&nbsp;&nbsp;&nbsp;I2C_SendByte
<LI><a href="#[fc]">&gt;&gt;</a>&nbsp;&nbsp;&nbsp;I2C_ReadByte
</UL>

<P><STRONG><a name="[ff]"></a>SDA_read</STRONG> (Thumb, 22 bytes, Stack size 8 bytes, tmp112.o(i.SDA_read))
<BR><BR>[Stack]<UL><LI>Max Depth = 8<LI>Call Chain = SDA_read
</UL>
<BR>[Calls]<UL><LI><a href="#[ec]">&gt;&gt;</a>&nbsp;&nbsp;&nbsp;GPIO_ReadInputDataBit
</UL>
<BR>[Called By]<UL><LI><a href="#[104]">&gt;&gt;</a>&nbsp;&nbsp;&nbsp;I2C_WaitAck
<LI><a href="#[fc]">&gt;&gt;</a>&nbsp;&nbsp;&nbsp;I2C_ReadByte
</UL>

<P><STRONG><a name="[1ad]"></a>rt_init_context</STRONG> (Thumb, 70 bytes, Stack size 16 bytes, rt_task.o(i.rt_init_context))
<BR><BR>[Stack]<UL><LI>Max Depth = 24<LI>Call Chain = rt_init_context &rArr; rt_init_stack
</UL>
<BR>[Calls]<UL><LI><a href="#[1ae]">&gt;&gt;</a>&nbsp;&nbsp;&nbsp;rt_init_stack
<LI><a href="#[38]">&gt;&gt;</a>&nbsp;&nbsp;&nbsp;rt_alloc_box
</UL>
<BR>[Called By]<UL><LI><a href="#[47]">&gt;&gt;</a>&nbsp;&nbsp;&nbsp;rt_tsk_create
<LI><a href="#[41]">&gt;&gt;</a>&nbsp;&nbsp;&nbsp;rt_sys_init
</UL>

<P><STRONG><a name="[188]"></a>_fp_digits</STRONG> (Thumb, 334 bytes, Stack size 56 bytes, printfa.o(i._fp_digits), UNUSED)
<BR><BR>[Calls]<UL><LI><a href="#[81]">&gt;&gt;</a>&nbsp;&nbsp;&nbsp;__aeabi_dmul
<LI><a href="#[82]">&gt;&gt;</a>&nbsp;&nbsp;&nbsp;__aeabi_ddiv
<LI><a href="#[7a]">&gt;&gt;</a>&nbsp;&nbsp;&nbsp;__aeabi_dadd
<LI><a href="#[8b]">&gt;&gt;</a>&nbsp;&nbsp;&nbsp;__aeabi_uldivmod
<LI><a href="#[8d]">&gt;&gt;</a>&nbsp;&nbsp;&nbsp;__aeabi_d2ulz
<LI><a href="#[189]">&gt;&gt;</a>&nbsp;&nbsp;&nbsp;__aeabi_cdrcmple
</UL>
<BR>[Called By]<UL><LI><a href="#[182]">&gt;&gt;</a>&nbsp;&nbsp;&nbsp;_printf_core
</UL>

<P><STRONG><a name="[182]"></a>_printf_core</STRONG> (Thumb, 1744 bytes, Stack size 136 bytes, printfa.o(i._printf_core), UNUSED)
<BR><BR>[Calls]<UL><LI><a href="#[18a]">&gt;&gt;</a>&nbsp;&nbsp;&nbsp;_printf_pre_padding
<LI><a href="#[18b]">&gt;&gt;</a>&nbsp;&nbsp;&nbsp;_printf_post_padding
<LI><a href="#[188]">&gt;&gt;</a>&nbsp;&nbsp;&nbsp;_fp_digits
<LI><a href="#[8b]">&gt;&gt;</a>&nbsp;&nbsp;&nbsp;__aeabi_uldivmod
<LI><a href="#[18c]">&gt;&gt;</a>&nbsp;&nbsp;&nbsp;__aeabi_uidivmod
</UL>
<BR>[Called By]<UL><LI><a href="#[181]">&gt;&gt;</a>&nbsp;&nbsp;&nbsp;__0sprintf
</UL>

<P><STRONG><a name="[18b]"></a>_printf_post_padding</STRONG> (Thumb, 36 bytes, Stack size 24 bytes, printfa.o(i._printf_post_padding), UNUSED)
<BR><BR>[Called By]<UL><LI><a href="#[182]">&gt;&gt;</a>&nbsp;&nbsp;&nbsp;_printf_core
</UL>

<P><STRONG><a name="[18a]"></a>_printf_pre_padding</STRONG> (Thumb, 46 bytes, Stack size 24 bytes, printfa.o(i._printf_pre_padding), UNUSED)
<BR><BR>[Called By]<UL><LI><a href="#[182]">&gt;&gt;</a>&nbsp;&nbsp;&nbsp;_printf_core
</UL>

<P><STRONG><a name="[3f]"></a>_sputc</STRONG> (Thumb, 10 bytes, Stack size 0 bytes, printfa.o(i._sputc))
<BR><BR>[Called By]<UL><LI><a href="#[181]">&gt;&gt;</a>&nbsp;&nbsp;&nbsp;__0sprintf
</UL>
<BR>[Address Reference Count : 1]<UL><LI> printfa.o(i.__0sprintf)
</UL><P>
<H3>
Undefined Global Symbols
</H3><HR></body></html>
